simulated layers3/A in 7s
== layers3 config A variant fixed seed 0: 32 S iterations
  S iter   1  rel. amplitude loss 0.05034  (10.7s)
  S iter   2  rel. amplitude loss 0.03186  (10.9s)
  S iter   3  rel. amplitude loss 0.02216  (11.0s)
  S iter   4  rel. amplitude loss 0.01653  (10.1s)
  S iter   5  rel. amplitude loss 0.01294  (9.9s)
  S iter   6  rel. amplitude loss 0.01047  (10.6s)
  S iter   7  rel. amplitude loss 0.00869  (10.4s)
  S iter   8  rel. amplitude loss 0.00736  (10.1s)
  S iter   9  rel. amplitude loss 0.00633  (10.2s)
  S iter  10  rel. amplitude loss 0.00553  (11.1s)
  S iter  11  rel. amplitude loss 0.00488  (10.1s)
  S iter  12  rel. amplitude loss 0.00435  (10.0s)
  S iter  13  rel. amplitude loss 0.00392  (10.8s)
  S iter  14  rel. amplitude loss 0.00356  (10.5s)
  S iter  15  rel. amplitude loss 0.00326  (11.3s)
  S iter  16  rel. amplitude loss 0.00300  (9.9s)
  S iter  17  rel. amplitude loss 0.00277  (10.1s)
  S iter  18  rel. amplitude loss 0.00258  (10.2s)
  S iter  19  rel. amplitude loss 0.00241  (10.4s)
  S iter  20  rel. amplitude loss 0.00226  (10.0s)
  S iter  21  rel. amplitude loss 0.00213  (10.7s)
  S iter  22  rel. amplitude loss 0.00201  (11.7s)
  S iter  23  rel. amplitude loss 0.00191  (11.2s)
  S iter  24  rel. amplitude loss 0.00181  (11.3s)
  S iter  25  rel. amplitude loss 0.00173  (10.2s)
  S iter  26  rel. amplitude loss 0.00165  (10.9s)
  S iter  27  rel. amplitude loss 0.00158  (10.2s)
  S iter  28  rel. amplitude loss 0.00151  (11.8s)
  S iter  29  rel. amplitude loss 0.00145  (10.7s)
  S iter  30  rel. amplitude loss 0.00131  (10.6s)
  S iter  31  rel. amplitude loss 0.00130  (10.0s)
  S iter  32  rel. amplitude loss 0.00129  (11.1s)
-> loss 0.00129, depth err 1.7 A, probe err [0. 0. 0.], S err 0.287 (z_out 0), runtime 340s, peak 1220 MB
== layers3 config A variant joint seed 0: 32 S iterations
  S iter   1  rel. amplitude loss 0.05034  (10.7s)
  S iter   2  rel. amplitude loss 0.03186  (10.8s)
  S iter   3  rel. amplitude loss 0.02216  (10.1s)
  S iter   4  rel. amplitude loss 0.01653  (9.9s)
  S iter   5  rel. amplitude loss 0.01294  (9.9s)
  S iter   6  rel. amplitude loss 0.01047  (10.4s)
  S iter   7  rel. amplitude loss 0.00869  (10.0s)
  S iter   8  rel. amplitude loss 0.00736  (9.5s)
  probe update after S iter 8: loss 0.00207  dC [A] = [[ 0.   0.   0.   0.   0.   0.   0.   0. ] [-4.7 -4.7 -4.7  0.   0.   0.   0.   0. ] [ 4.7 -4.7 -4.5  0.   0.   0.   0.   0. ]]
  probe update after S iter 8: loss 0.00222  dC [A] = [[ 0.   0.   0.   0.   0.   0.   0.   0. ] [-1.2 -1.3 -1.2  0.   0.   0.   0.   0. ] [ 2.7 -1.4 -1.   0.   0.   0.   0.   0. ]]
  S iter   9  rel. amplitude loss 0.00636  (9.9s)
  S iter  10  rel. amplitude loss 0.00554  (9.6s)
  S iter  11  rel. amplitude loss 0.00489  (11.2s)
  probe update after S iter 11: loss 0.00141  dC [A] = [[0.  0.  0.  0.  0.  0.  0.  0. ] [2.1 1.9 1.7 0.  0.  0.  0.  0. ] [0.4 1.7 2.1 0.  0.  0.  0.  0. ]]
  probe update after S iter 11: loss 0.00145  dC [A] = [[ 0.   0.   0.   0.   0.   0.   0.   0. ] [ 3.3  2.9  2.8  0.   0.   0.   0.   0. ] [-0.2  2.4  3.1  0.   0.   0.   0.   0. ]]
  S iter  12  rel. amplitude loss 0.00458  (9.7s)
  S iter  13  rel. amplitude loss 0.00409  (11.8s)
  S iter  14  rel. amplitude loss 0.00370  (10.6s)
  probe update after S iter 14: loss 0.00104  dC [A] = [[0.  0.  0.  0.  0.  0.  0.  0. ] [3.1 2.7 3.2 0.  0.  0.  0.  0. ] [0.4 2.  3.  0.  0.  0.  0.  0. ]]
  probe update after S iter 14: loss 0.00103  dC [A] = [[0.  0.  0.  0.  0.  0.  0.  0. ] [2.  1.7 2.8 0.  0.  0.  0.  0. ] [1.5 1.  2.1 0.  0.  0.  0.  0. ]]
  S iter  15  rel. amplitude loss 0.00328  (11.6s)
  S iter  16  rel. amplitude loss 0.00302  (9.9s)
  S iter  17  rel. amplitude loss 0.00279  (10.0s)
  probe update after S iter 17: loss 0.00083  dC [A] = [[ 0.   0.   0.   0.   0.   0.   0.   0. ] [ 0.9  0.6  2.2  0.   0.   0.   0.   0. ] [ 2.6 -0.2  0.9  0.   0.   0.   0.   0. ]]
  probe update after S iter 17: loss 0.00082  dC [A] = [[ 0.   0.   0.   0.   0.   0.   0.   0. ] [ 0.1 -0.2  1.7  0.   0.   0.   0.   0. ] [ 3.2 -0.9 -0.1  0.   0.   0.   0.   0. ]]
  S iter  18  rel. amplitude loss 0.00261  (10.3s)
  S iter  19  rel. amplitude loss 0.00243  (10.8s)
  S iter  20  rel. amplitude loss 0.00228  (11.4s)
  probe update after S iter 20: loss 0.00067  dC [A] = [[ 0.   0.   0.   0.   0.   0.   0.   0. ] [-0.1 -0.7  1.4  0.   0.   0.   0.   0. ] [ 3.1 -1.2 -0.7  0.   0.   0.   0.   0. ]]
  probe update after S iter 20: loss 0.00067  dC [A] = [[ 0.   0.   0.   0.   0.   0.   0.   0. ] [ 0.3 -0.7  1.3  0.   0.   0.   0.   0. ] [ 2.7 -1.1 -0.9  0.   0.   0.   0.   0. ]]
  S iter  21  rel. amplitude loss 0.00215  (11.9s)
  S iter  22  rel. amplitude loss 0.00203  (10.5s)
  S iter  23  rel. amplitude loss 0.00192  (10.9s)
  probe update after S iter 23: loss 0.00057  dC [A] = [[ 0.   0.   0.   0.   0.   0.   0.   0. ] [ 0.9 -0.3  1.4  0.   0.   0.   0.   0. ] [ 2.  -0.6 -0.7  0.   0.   0.   0.   0. ]]
  probe update after S iter 23: loss 0.00057  dC [A] = [[ 0.   0.   0.   0.   0.   0.   0.   0. ] [ 1.5  0.2  1.6  0.   0.   0.   0.   0. ] [ 1.6 -0.1 -0.3  0.   0.   0.   0.   0. ]]
  S iter  24  rel. amplitude loss 0.00181  (10.7s)
  S iter  25  rel. amplitude loss 0.00172  (10.6s)
  S iter  26  rel. amplitude loss 0.00164  (10.9s)
  probe update after S iter 26: loss 0.00049  dC [A] = [[0.  0.  0.  0.  0.  0.  0.  0. ] [2.  0.6 1.9 0.  0.  0.  0.  0. ] [1.5 0.3 0.2 0.  0.  0.  0.  0. ]]
  probe update after S iter 26: loss 0.00049  dC [A] = [[0.  0.  0.  0.  0.  0.  0.  0. ] [2.1 0.8 2.2 0.  0.  0.  0.  0. ] [1.7 0.5 0.6 0.  0.  0.  0.  0. ]]
  S iter  27  rel. amplitude loss 0.00158  (11.6s)
  S iter  28  rel. amplitude loss 0.00151  (10.0s)
  S iter  29  rel. amplitude loss 0.00145  (10.6s)
  probe update after S iter 29: loss 0.00044  dC [A] = [[0.  0.  0.  0.  0.  0.  0.  0. ] [1.9 0.7 2.4 0.  0.  0.  0.  0. ] [2.1 0.5 0.9 0.  0.  0.  0.  0. ]]
  probe update after S iter 29: loss 0.00044  dC [A] = [[0.  0.  0.  0.  0.  0.  0.  0. ] [1.7 0.5 2.4 0.  0.  0.  0.  0. ] [2.4 0.3 1.  0.  0.  0.  0.  0. ]]
  S iter  30  rel. amplitude loss 0.00131  (14.2s)
  S iter  31  rel. amplitude loss 0.00130  (11.7s)
  S iter  32  rel. amplitude loss 0.00128  (11.3s)
-> loss 0.00128, depth err 3.4 A, probe err [0.    0.07  0.052], S err 0.287 (z_out 0), runtime 439s, peak 2377 MB
