simulated poly/B in 103s
== poly config B variant fixed seed 0: 32 S iterations
  S iter   1  rel. amplitude loss 0.37549  (10.5s)
  S iter   2  rel. amplitude loss 0.23981  (10.3s)
  S iter   3  rel. amplitude loss 0.17193  (10.4s)
  S iter   4  rel. amplitude loss 0.13350  (9.6s)
  S iter   5  rel. amplitude loss 0.10902  (10.2s)
  S iter   6  rel. amplitude loss 0.09200  (10.6s)
  S iter   7  rel. amplitude loss 0.07945  (9.9s)
  S iter   8  rel. amplitude loss 0.06982  (10.7s)
  S iter   9  rel. amplitude loss 0.06221  (10.2s)
  S iter  10  rel. amplitude loss 0.05606  (10.8s)
  S iter  11  rel. amplitude loss 0.05100  (11.1s)
  S iter  12  rel. amplitude loss 0.04678  (10.3s)
  S iter  13  rel. amplitude loss 0.04319  (9.8s)
  S iter  14  rel. amplitude loss 0.04012  (10.8s)
  S iter  15  rel. amplitude loss 0.03745  (10.6s)
  S iter  16  rel. amplitude loss 0.03511  (11.4s)
  S iter  17  rel. amplitude loss 0.03305  (11.2s)
  S iter  18  rel. amplitude loss 0.03121  (10.5s)
  S iter  19  rel. amplitude loss 0.02956  (10.8s)
  S iter  20  rel. amplitude loss 0.02807  (9.9s)
  S iter  21  rel. amplitude loss 0.02672  (10.1s)
  S iter  22  rel. amplitude loss 0.02548  (10.2s)
  S iter  23  rel. amplitude loss 0.02435  (10.2s)
  S iter  24  rel. amplitude loss 0.02330  (10.6s)
  S iter  25  rel. amplitude loss 0.02234  (10.7s)
  S iter  26  rel. amplitude loss 0.02144  (11.2s)
  S iter  27  rel. amplitude loss 0.02061  (11.0s)
  S iter  28  rel. amplitude loss 0.01983  (10.7s)
  S iter  29  rel. amplitude loss 0.01910  (10.3s)
  S iter  30  rel. amplitude loss 0.01737  (11.7s)
  S iter  31  rel. amplitude loss 0.01718  (10.9s)
  S iter  32  rel. amplitude loss 0.01700  (10.6s)
-> loss 0.01700, depth err 10.0 A, probe err [0.    0.578 0.47 ], S err 0.886 (z_out 0), runtime 339s, peak 1242 MB
== poly config B variant joint seed 0: 32 S iterations
  S iter   1  rel. amplitude loss 0.37549  (10.7s)
  S iter   2  rel. amplitude loss 0.23981  (11.5s)
  S iter   3  rel. amplitude loss 0.17193  (11.0s)
  S iter   4  rel. amplitude loss 0.13350  (12.5s)
  S iter   5  rel. amplitude loss 0.10902  (12.7s)
  S iter   6  rel. amplitude loss 0.09200  (11.0s)
  S iter   7  rel. amplitude loss 0.07945  (11.1s)
  S iter   8  rel. amplitude loss 0.06982  (10.6s)
  probe update after S iter 8: loss 0.01997  dC [A] = [[ 0.   0.   0.   0.   0.   0.   0.   0. ] [ 4.7  4.7  4.7  0.   0.   0.   0.   0. ] [-4.7 -4.7 -4.7  0.   0.   0.   0.   0. ]]
  probe update after S iter 8: loss 0.02003  dC [A] = [[ 0.   0.   0.   0.   0.   0.   0.   0. ] [ 9.   1.7  2.7  0.   0.   0.   0.   0. ] [-9.1 -1.7 -1.9  0.   0.   0.   0.   0. ]]
  S iter   9  rel. amplitude loss 0.05987  (12.2s)
  S iter  10  rel. amplitude loss 0.05322  (11.4s)
  S iter  11  rel. amplitude loss 0.04785  (11.7s)
  probe update after S iter 11: loss 0.01370  dC [A] = [[  0.    0.    0.    0.    0.    0.    0.    0. ] [ 12.9  -0.9   1.6   0.    0.    0.    0.    0. ] [-12.9   1.    0.5   0.    0.    0.    0.    0. ]]
  probe update after S iter 11: loss 0.01398  dC [A] = [[  0.    0.    0.    0.    0.    0.    0.    0. ] [ 14.9  -1.4   2.1   0.    0.    0.    0.    0. ] [-14.7   1.3   0.7   0.    0.    0.    0.    0. ]]
  S iter  12  rel. amplitude loss 0.04474  (11.1s)
  S iter  13  rel. amplitude loss 0.04070  (11.4s)
  S iter  14  rel. amplitude loss 0.03735  (10.7s)
  probe update after S iter 14: loss 0.01094  dC [A] = [[  0.    0.    0.    0.    0.    0.    0.    0. ] [ 15.5  -0.5   3.7   0.    0.    0.    0.    0. ] [-15.2   0.4  -0.2   0.    0.    0.    0.    0. ]]
  probe update after S iter 14: loss 0.01083  dC [A] = [[  0.    0.    0.    0.    0.    0.    0.    0. ] [ 15.1   1.    5.2   0.    0.    0.    0.    0. ] [-14.8  -0.9  -1.6   0.    0.    0.    0.    0. ]]
  S iter  15  rel. amplitude loss 0.03390  (11.2s)
  S iter  16  rel. amplitude loss 0.03141  (12.2s)
  S iter  17  rel. amplitude loss 0.02927  (11.9s)
  probe update after S iter 17: loss 0.00857  dC [A] = [[  0.    0.    0.    0.    0.    0.    0.    0. ] [ 14.3   2.2   6.1   0.    0.    0.    0.    0. ] [-13.9  -2.1  -2.9   0.    0.    0.    0.    0. ]]
  probe update after S iter 17: loss 0.00863  dC [A] = [[  0.    0.    0.    0.    0.    0.    0.    0. ] [ 13.5   2.8   5.9   0.    0.    0.    0.    0. ] [-13.1  -2.5  -3.5   0.    0.    0.    0.    0. ]]
  S iter  18  rel. amplitude loss 0.02771  (11.6s)
  S iter  19  rel. amplitude loss 0.02600  (12.6s)
  S iter  20  rel. amplitude loss 0.02448  (12.5s)
  probe update after S iter 20: loss 0.00725  dC [A] = [[  0.    0.    0.    0.    0.    0.    0.    0. ] [ 12.8   2.6   5.2   0.    0.    0.    0.    0. ] [-12.5  -2.3  -3.5   0.    0.    0.    0.    0. ]]
  probe update after S iter 20: loss 0.00725  dC [A] = [[  0.    0.    0.    0.    0.    0.    0.    0. ] [ 12.5   2.    4.6   0.    0.    0.    0.    0. ] [-12.3  -1.7  -3.    0.    0.    0.    0.    0. ]]
  S iter  21  rel. amplitude loss 0.02306  (11.2s)
  S iter  22  rel. amplitude loss 0.02189  (11.2s)
  S iter  23  rel. amplitude loss 0.02083  (10.9s)
  probe update after S iter 23: loss 0.00626  dC [A] = [[  0.    0.    0.    0.    0.    0.    0.    0. ] [ 12.6   1.2   4.5   0.    0.    0.    0.    0. ] [-12.6  -1.1  -2.3   0.    0.    0.    0.    0. ]]
  probe update after S iter 23: loss 0.00625  dC [A] = [[  0.    0.    0.    0.    0.    0.    0.    0. ] [ 12.9   0.8   4.9   0.    0.    0.    0.    0. ] [-13.1  -0.7  -1.8   0.    0.    0.    0.    0. ]]
  S iter  24  rel. amplitude loss 0.01989  (11.0s)
  S iter  25  rel. amplitude loss 0.01900  (9.9s)
  S iter  26  rel. amplitude loss 0.01819  (10.2s)
  probe update after S iter 26: loss 0.00549  dC [A] = [[  0.    0.    0.    0.    0.    0.    0.    0. ] [ 13.4   0.7   5.7   0.    0.    0.    0.    0. ] [-13.7  -0.7  -1.8   0.    0.    0.    0.    0. ]]
  probe update after S iter 26: loss 0.00549  dC [A] = [[  0.    0.    0.    0.    0.    0.    0.    0. ] [ 13.9   1.    6.1   0.    0.    0.    0.    0. ] [-14.2  -1.   -2.1   0.    0.    0.    0.    0. ]]
  S iter  27  rel. amplitude loss 0.01740  (10.4s)
  S iter  28  rel. amplitude loss 0.01668  (10.6s)
  S iter  29  rel. amplitude loss 0.01601  (11.5s)
  probe update after S iter 29: loss 0.00483  dC [A] = [[  0.    0.    0.    0.    0.    0.    0.    0. ] [ 14.3   1.5   6.3   0.    0.    0.    0.    0. ] [-14.5  -1.4  -2.6   0.    0.    0.    0.    0. ]]
  probe update after S iter 29: loss 0.00483  dC [A] = [[  0.    0.    0.    0.    0.    0.    0.    0. ] [ 14.5   2.    6.1   0.    0.    0.    0.    0. ] [-14.5  -1.7  -3.    0.    0.    0.    0.    0. ]]
  S iter  30  rel. amplitude loss 0.01456  (11.0s)
  S iter  31  rel. amplitude loss 0.01439  (11.3s)
  S iter  32  rel. amplitude loss 0.01423  (10.7s)
-> loss 0.01423, depth err 10.0 A, probe err [0.    0.299 0.249], S err 0.875 (z_out 0), runtime 463s, peak 2406 MB
== poly config B variant oracle seed 0: 32 S iterations
  S iter   1  rel. amplitude loss 0.38050  (13.3s)
  S iter   2  rel. amplitude loss 0.24184  (12.3s)
  S iter   3  rel. amplitude loss 0.16633  (12.8s)
  S iter   4  rel. amplitude loss 0.12277  (13.1s)
  S iter   5  rel. amplitude loss 0.09583  (12.3s)
  S iter   6  rel. amplitude loss 0.07803  (10.7s)
  S iter   7  rel. amplitude loss 0.06559  (10.3s)
  S iter   8  rel. amplitude loss 0.05646  (10.2s)
  S iter   9  rel. amplitude loss 0.04951  (10.4s)
  S iter  10  rel. amplitude loss 0.04406  (10.1s)
  S iter  11  rel. amplitude loss 0.03967  (9.9s)
  S iter  12  rel. amplitude loss 0.03606  (9.7s)
  S iter  13  rel. amplitude loss 0.03305  (10.2s)
  S iter  14  rel. amplitude loss 0.03049  (10.3s)
  S iter  15  rel. amplitude loss 0.02829  (10.0s)
  S iter  16  rel. amplitude loss 0.02638  (10.0s)
  S iter  17  rel. amplitude loss 0.02471  (9.2s)
  S iter  18  rel. amplitude loss 0.02323  (9.5s)
  S iter  19  rel. amplitude loss 0.02191  (9.2s)
  S iter  20  rel. amplitude loss 0.02072  (10.1s)
  S iter  21  rel. amplitude loss 0.01965  (10.2s)
  S iter  22  rel. amplitude loss 0.01868  (9.8s)
  S iter  23  rel. amplitude loss 0.01780  (9.3s)
  S iter  24  rel. amplitude loss 0.01699  (10.7s)
  S iter  25  rel. amplitude loss 0.01625  (9.7s)
  S iter  26  rel. amplitude loss 0.01556  (9.3s)
  S iter  27  rel. amplitude loss 0.01492  (9.8s)
  S iter  28  rel. amplitude loss 0.01433  (9.9s)
  S iter  29  rel. amplitude loss 0.01378  (9.4s)
  S iter  30  rel. amplitude loss 0.01253  (9.2s)
  S iter  31  rel. amplitude loss 0.01239  (9.1s)
  S iter  32  rel. amplitude loss 0.01225  (9.1s)
-> loss 0.01225, depth err 9.4 A, probe err [0. 0. 0.], S err 0.868 (z_out 0), runtime 329s, peak 2454 MB
