== reduced_s2 config B variant fixed seed 0: 32 S iterations
  S iter   1  rel. amplitude loss 0.05917  (9.2s)
  S iter   2  rel. amplitude loss 0.04734  (8.8s)
  S iter   3  rel. amplitude loss 0.03894  (9.2s)
  S iter   4  rel. amplitude loss 0.03298  (9.2s)
  S iter   5  rel. amplitude loss 0.02869  (8.7s)
  S iter   6  rel. amplitude loss 0.02557  (9.1s)
  S iter   7  rel. amplitude loss 0.02324  (8.8s)
  S iter   8  rel. amplitude loss 0.02148  (8.8s)
  S iter   9  rel. amplitude loss 0.02012  (9.1s)
  S iter  10  rel. amplitude loss 0.01906  (9.6s)
  S iter  11  rel. amplitude loss 0.01821  (9.0s)
  S iter  12  rel. amplitude loss 0.01752  (9.1s)
  S iter  13  rel. amplitude loss 0.01695  (9.9s)
  S iter  14  rel. amplitude loss 0.01647  (8.8s)
  S iter  15  rel. amplitude loss 0.01607  (8.9s)
  S iter  16  rel. amplitude loss 0.01572  (9.6s)
  S iter  17  rel. amplitude loss 0.01542  (9.1s)
  S iter  18  rel. amplitude loss 0.01516  (9.2s)
  S iter  19  rel. amplitude loss 0.01492  (9.8s)
  S iter  20  rel. amplitude loss 0.01472  (9.1s)
  S iter  21  rel. amplitude loss 0.01453  (9.1s)
  S iter  22  rel. amplitude loss 0.01436  (8.9s)
  S iter  23  rel. amplitude loss 0.01420  (9.4s)
  S iter  24  rel. amplitude loss 0.01406  (9.9s)
  S iter  25  rel. amplitude loss 0.01393  (9.3s)
  S iter  26  rel. amplitude loss 0.01381  (9.2s)
  S iter  27  rel. amplitude loss 0.01370  (9.2s)
  S iter  28  rel. amplitude loss 0.01360  (9.6s)
  S iter  29  rel. amplitude loss 0.01350  (9.8s)
  S iter  30  rel. amplitude loss 0.01305  (9.1s)
  S iter  31  rel. amplitude loss 0.01302  (9.5s)
  S iter  32  rel. amplitude loss 0.01300  (10.3s)
-> loss 0.01300, depth err 5.1 A, probe err [0.    0.578 0.47 ], S err 0.267 (z_out 0), runtime 297s, peak 1167 MB
== reduced_s2 config B variant joint seed 0: 32 S iterations
  S iter   1  rel. amplitude loss 0.05917  (10.6s)
  S iter   2  rel. amplitude loss 0.04734  (10.0s)
  S iter   3  rel. amplitude loss 0.03894  (9.4s)
  S iter   4  rel. amplitude loss 0.03298  (9.4s)
  S iter   5  rel. amplitude loss 0.02869  (9.5s)
  S iter   6  rel. amplitude loss 0.02557  (9.4s)
  S iter   7  rel. amplitude loss 0.02324  (9.6s)
  S iter   8  rel. amplitude loss 0.02148  (9.9s)
  probe update after S iter 8: loss 0.00678  dC [A] = [[ 0.   0.   0.   0.   0.   0.   0.   0. ] [ 4.7  4.7  4.7  0.   0.   0.   0.   0. ] [-4.7 -4.7 -4.7  0.   0.   0.   0.   0. ]]
  probe update after S iter 8: loss 0.00666  dC [A] = [[ 0.   0.   0.   0.   0.   0.   0.   0. ] [ 9.1  4.1  7.5  0.   0.   0.   0.   0. ] [-9.  -2.7 -6.2  0.   0.   0.   0.   0. ]]
  S iter   9  rel. amplitude loss 0.01956  (9.4s)
  S iter  10  rel. amplitude loss 0.01830  (9.7s)
  S iter  11  rel. amplitude loss 0.01730  (10.3s)
  probe update after S iter 11: loss 0.00550  dC [A] = [[  0.    0.    0.    0.    0.    0.    0.    0. ] [ 13.1   2.6   8.8   0.    0.    0.    0.    0. ] [-12.9  -0.2  -6.7   0.    0.    0.    0.    0. ]]
  probe update after S iter 11: loss 0.00549  dC [A] = [[  0.    0.    0.    0.    0.    0.    0.    0. ] [ 16.3   1.2   8.5   0.    0.    0.    0.    0. ] [-15.5   1.2  -6.3   0.    0.    0.    0.    0. ]]
  S iter  12  rel. amplitude loss 0.01651  (9.5s)
  S iter  13  rel. amplitude loss 0.01577  (9.7s)
  S iter  14  rel. amplitude loss 0.01516  (9.8s)
  probe update after S iter 14: loss 0.00482  dC [A] = [[  0.    0.    0.    0.    0.    0.    0.    0. ] [ 18.5   1.1   8.2   0.    0.    0.    0.    0. ] [-17.    1.4  -6.5   0.    0.    0.    0.    0. ]]
  probe update after S iter 14: loss 0.00484  dC [A] = [[  0.    0.    0.    0.    0.    0.    0.    0. ] [ 19.5   1.8   8.3   0.    0.    0.    0.    0. ] [-17.1   0.6  -7.    0.    0.    0.    0.    0. ]]
  S iter  15  rel. amplitude loss 0.01471  (9.6s)
  S iter  16  rel. amplitude loss 0.01426  (10.4s)
  S iter  17  rel. amplitude loss 0.01387  (10.4s)
  probe update after S iter 17: loss 0.00439  dC [A] = [[  0.    0.    0.    0.    0.    0.    0.    0. ] [ 19.7   2.9   8.7   0.    0.    0.    0.    0. ] [-16.5  -0.6  -7.8   0.    0.    0.    0.    0. ]]
  probe update after S iter 17: loss 0.00439  dC [A] = [[  0.    0.    0.    0.    0.    0.    0.    0. ] [ 19.2   3.5   9.3   0.    0.    0.    0.    0. ] [-15.3  -1.7  -8.1   0.    0.    0.    0.    0. ]]
  S iter  18  rel. amplitude loss 0.01350  (9.4s)
  S iter  19  rel. amplitude loss 0.01320  (10.1s)
  S iter  20  rel. amplitude loss 0.01293  (9.3s)
  probe update after S iter 20: loss 0.00417  dC [A] = [[  0.    0.    0.    0.    0.    0.    0.    0. ] [ 18.6   3.9   9.9   0.    0.    0.    0.    0. ] [-14.1  -2.1  -8.1   0.    0.    0.    0.    0. ]]
  probe update after S iter 20: loss 0.00417  dC [A] = [[  0.    0.    0.    0.    0.    0.    0.    0. ] [ 17.9   3.8  10.2   0.    0.    0.    0.    0. ] [-13.2  -1.8  -7.7   0.    0.    0.    0.    0. ]]
  S iter  21  rel. amplitude loss 0.01271  (9.3s)
  S iter  22  rel. amplitude loss 0.01250  (9.2s)
  S iter  23  rel. amplitude loss 0.01232  (9.3s)
  probe update after S iter 23: loss 0.00402  dC [A] = [[  0.    0.    0.    0.    0.    0.    0.    0. ] [ 17.6   3.7  10.3   0.    0.    0.    0.    0. ] [-12.8  -1.3  -7.5   0.    0.    0.    0.    0. ]]
  probe update after S iter 23: loss 0.00402  dC [A] = [[  0.    0.    0.    0.    0.    0.    0.    0. ] [ 17.8   3.6  10.2   0.    0.    0.    0.    0. ] [-12.9  -1.   -7.6   0.    0.    0.    0.    0. ]]
  S iter  24  rel. amplitude loss 0.01216  (9.7s)
  S iter  25  rel. amplitude loss 0.01201  (9.6s)
  S iter  26  rel. amplitude loss 0.01188  (9.9s)
  probe update after S iter 26: loss 0.00381  dC [A] = [[  0.    0.    0.    0.    0.    0.    0.    0. ] [ 18.4   3.8  10.2   0.    0.    0.    0.    0. ] [-13.5  -1.   -8.1   0.    0.    0.    0.    0. ]]
  probe update after S iter 26: loss 0.00380  dC [A] = [[  0.    0.    0.    0.    0.    0.    0.    0. ] [ 19.2   4.   10.3   0.    0.    0.    0.    0. ] [-14.4  -1.3  -8.4   0.    0.    0.    0.    0. ]]
  S iter  27  rel. amplitude loss 0.01172  (9.1s)
  S iter  28  rel. amplitude loss 0.01160  (9.4s)
  S iter  29  rel. amplitude loss 0.01149  (9.6s)
  probe update after S iter 29: loss 0.00371  dC [A] = [[  0.    0.    0.    0.    0.    0.    0.    0. ] [ 20.2   4.1  10.6   0.    0.    0.    0.    0. ] [-15.3  -1.5  -8.5   0.    0.    0.    0.    0. ]]
  probe update after S iter 29: loss 0.00371  dC [A] = [[  0.    0.    0.    0.    0.    0.    0.    0. ] [ 21.1   4.1  10.8   0.    0.    0.    0.    0. ] [-15.9  -1.5  -8.4   0.    0.    0.    0.    0. ]]
  S iter  30  rel. amplitude loss 0.01110  (9.4s)
  S iter  31  rel. amplitude loss 0.01107  (9.7s)
  S iter  32  rel. amplitude loss 0.01103  (8.9s)
-> loss 0.01103, depth err 1.8 A, probe err [0.    0.125 0.118], S err 0.262 (z_out 0), runtime 393s, peak 1537 MB
== reduced_s2 config B variant oracle seed 0: 32 S iterations
  S iter   1  rel. amplitude loss 0.05869  (9.6s)
  S iter   2  rel. amplitude loss 0.04613  (9.6s)
  S iter   3  rel. amplitude loss 0.03728  (9.1s)
  S iter   4  rel. amplitude loss 0.03104  (9.4s)
  S iter   5  rel. amplitude loss 0.02659  (9.6s)
  S iter   6  rel. amplitude loss 0.02336  (9.2s)
  S iter   7  rel. amplitude loss 0.02097  (10.2s)
  S iter   8  rel. amplitude loss 0.01917  (9.9s)
  S iter   9  rel. amplitude loss 0.01778  (9.6s)
  S iter  10  rel. amplitude loss 0.01670  (9.9s)
  S iter  11  rel. amplitude loss 0.01584  (9.7s)
  S iter  12  rel. amplitude loss 0.01514  (9.5s)
  S iter  13  rel. amplitude loss 0.01457  (10.1s)
  S iter  14  rel. amplitude loss 0.01408  (10.4s)
  S iter  15  rel. amplitude loss 0.01368  (9.5s)
  S iter  16  rel. amplitude loss 0.01333  (10.4s)
  S iter  17  rel. amplitude loss 0.01302  (10.0s)
  S iter  18  rel. amplitude loss 0.01276  (10.1s)
  S iter  19  rel. amplitude loss 0.01252  (10.6s)
  S iter  20  rel. amplitude loss 0.01231  (9.7s)
  S iter  21  rel. amplitude loss 0.01213  (9.4s)
  S iter  22  rel. amplitude loss 0.01196  (10.0s)
  S iter  23  rel. amplitude loss 0.01180  (9.9s)
  S iter  24  rel. amplitude loss 0.01166  (10.0s)
  S iter  25  rel. amplitude loss 0.01153  (10.4s)
  S iter  26  rel. amplitude loss 0.01141  (9.7s)
  S iter  27  rel. amplitude loss 0.01130  (10.0s)
  S iter  28  rel. amplitude loss 0.01120  (9.9s)
  S iter  29  rel. amplitude loss 0.01110  (9.9s)
  S iter  30  rel. amplitude loss 0.01073  (9.7s)
  S iter  31  rel. amplitude loss 0.01070  (10.3s)
  S iter  32  rel. amplitude loss 0.01067  (10.2s)
-> loss 0.01067, depth err 3.5 A, probe err [0. 0. 0.], S err 0.261 (z_out 0), runtime 315s, peak 1537 MB
== reduced_s2 config B variant fixed seed 1: 32 S iterations
  S iter   1  rel. amplitude loss 0.05924  (9.8s)
  S iter   2  rel. amplitude loss 0.04740  (10.1s)
  S iter   3  rel. amplitude loss 0.03899  (9.2s)
  S iter   4  rel. amplitude loss 0.03302  (10.6s)
  S iter   5  rel. amplitude loss 0.02872  (10.1s)
  S iter   6  rel. amplitude loss 0.02559  (9.8s)
  S iter   7  rel. amplitude loss 0.02326  (9.4s)
  S iter   8  rel. amplitude loss 0.02149  (10.1s)
  S iter   9  rel. amplitude loss 0.02013  (9.6s)
  S iter  10  rel. amplitude loss 0.01907  (9.3s)
  S iter  11  rel. amplitude loss 0.01821  (9.6s)
  S iter  12  rel. amplitude loss 0.01752  (9.1s)
  S iter  13  rel. amplitude loss 0.01695  (9.2s)
  S iter  14  rel. amplitude loss 0.01648  (9.6s)
  S iter  15  rel. amplitude loss 0.01607  (10.0s)
  S iter  16  rel. amplitude loss 0.01572  (9.8s)
  S iter  17  rel. amplitude loss 0.01542  (9.4s)
  S iter  18  rel. amplitude loss 0.01516  (9.9s)
  S iter  19  rel. amplitude loss 0.01492  (9.0s)
  S iter  20  rel. amplitude loss 0.01472  (9.8s)
  S iter  21  rel. amplitude loss 0.01453  (10.3s)
  S iter  22  rel. amplitude loss 0.01436  (10.0s)
  S iter  23  rel. amplitude loss 0.01420  (9.8s)
  S iter  24  rel. amplitude loss 0.01406  (10.0s)
  S iter  25  rel. amplitude loss 0.01393  (10.2s)
  S iter  26  rel. amplitude loss 0.01381  (9.9s)
  S iter  27  rel. amplitude loss 0.01370  (9.7s)
  S iter  28  rel. amplitude loss 0.01359  (9.5s)
  S iter  29  rel. amplitude loss 0.01350  (10.0s)
  S iter  30  rel. amplitude loss 0.01305  (9.8s)
  S iter  31  rel. amplitude loss 0.01302  (9.5s)
  S iter  32  rel. amplitude loss 0.01299  (9.7s)
-> loss 0.01299, depth err 5.1 A, probe err [0.    0.578 0.47 ], S err 0.266 (z_out 0), runtime 312s, peak 1537 MB
== reduced_s2 config B variant joint seed 1: 32 S iterations
  S iter   1  rel. amplitude loss 0.05924  (9.6s)
  S iter   2  rel. amplitude loss 0.04740  (9.8s)
  S iter   3  rel. amplitude loss 0.03899  (9.3s)
  S iter   4  rel. amplitude loss 0.03302  (9.4s)
  S iter   5  rel. amplitude loss 0.02872  (9.4s)
  S iter   6  rel. amplitude loss 0.02559  (9.7s)
  S iter   7  rel. amplitude loss 0.02326  (9.4s)
  S iter   8  rel. amplitude loss 0.02149  (9.6s)
  probe update after S iter 8: loss 0.00675  dC [A] = [[ 0.   0.   0.   0.   0.   0.   0.   0. ] [ 4.7  4.7  4.7  0.   0.   0.   0.   0. ] [-4.7 -4.7 -4.7  0.   0.   0.   0.   0. ]]
  probe update after S iter 8: loss 0.00664  dC [A] = [[ 0.   0.   0.   0.   0.   0.   0.   0. ] [ 9.1  4.1  7.4  0.   0.   0.   0.   0. ] [-9.  -2.7 -6.6  0.   0.   0.   0.   0. ]]
  S iter   9  rel. amplitude loss 0.01957  (9.5s)
  S iter  10  rel. amplitude loss 0.01831  (9.5s)
  S iter  11  rel. amplitude loss 0.01731  (9.7s)
  probe update after S iter 11: loss 0.00547  dC [A] = [[  0.    0.    0.    0.    0.    0.    0.    0. ] [ 13.2   2.6   8.6   0.    0.    0.    0.    0. ] [-13.   -0.2  -7.    0.    0.    0.    0.    0. ]]
  probe update after S iter 11: loss 0.00545  dC [A] = [[  0.    0.    0.    0.    0.    0.    0.    0. ] [ 16.4   1.2   8.2   0.    0.    0.    0.    0. ] [-15.8   1.2  -6.4   0.    0.    0.    0.    0. ]]
  S iter  12  rel. amplitude loss 0.01652  (9.5s)
  S iter  13  rel. amplitude loss 0.01578  (10.0s)
  S iter  14  rel. amplitude loss 0.01517  (9.7s)
  probe update after S iter 14: loss 0.00485  dC [A] = [[  0.    0.    0.    0.    0.    0.    0.    0. ] [ 18.7   1.1   7.8   0.    0.    0.    0.    0. ] [-17.2   1.2  -6.3   0.    0.    0.    0.    0. ]]
  probe update after S iter 14: loss 0.00487  dC [A] = [[  0.    0.    0.    0.    0.    0.    0.    0. ] [ 19.6   1.8   7.8   0.    0.    0.    0.    0. ] [-17.3   0.3  -6.7   0.    0.    0.    0.    0. ]]
  S iter  15  rel. amplitude loss 0.01472  (10.1s)
  S iter  16  rel. amplitude loss 0.01426  (10.4s)
  S iter  17  rel. amplitude loss 0.01387  (9.6s)
  probe update after S iter 17: loss 0.00444  dC [A] = [[  0.    0.    0.    0.    0.    0.    0.    0. ] [ 19.7   2.9   8.5   0.    0.    0.    0.    0. ] [-16.7  -1.   -7.7   0.    0.    0.    0.    0. ]]
  probe update after S iter 17: loss 0.00443  dC [A] = [[  0.    0.    0.    0.    0.    0.    0.    0. ] [ 19.1   3.7   9.3   0.    0.    0.    0.    0. ] [-15.6  -1.8  -8.2   0.    0.    0.    0.    0. ]]
  S iter  18  rel. amplitude loss 0.01350  (10.2s)
  S iter  19  rel. amplitude loss 0.01320  (9.6s)
  S iter  20  rel. amplitude loss 0.01293  (9.9s)
  probe update after S iter 20: loss 0.00419  dC [A] = [[  0.    0.    0.    0.    0.    0.    0.    0. ] [ 18.3   4.   10.    0.    0.    0.    0.    0. ] [-14.5  -2.1  -8.5   0.    0.    0.    0.    0. ]]
  probe update after S iter 20: loss 0.00419  dC [A] = [[  0.    0.    0.    0.    0.    0.    0.    0. ] [ 17.6   3.8  10.    0.    0.    0.    0.    0. ] [-13.7  -1.7  -8.3   0.    0.    0.    0.    0. ]]
  S iter  21  rel. amplitude loss 0.01271  (10.2s)
  S iter  22  rel. amplitude loss 0.01250  (10.3s)
  S iter  23  rel. amplitude loss 0.01232  (9.8s)
  probe update after S iter 23: loss 0.00398  dC [A] = [[  0.    0.    0.    0.    0.    0.    0.    0. ] [ 17.3   3.4   9.8   0.    0.    0.    0.    0. ] [-13.4  -1.3  -7.9   0.    0.    0.    0.    0. ]]
  probe update after S iter 23: loss 0.00398  dC [A] = [[  0.    0.    0.    0.    0.    0.    0.    0. ] [ 17.5   3.2   9.7   0.    0.    0.    0.    0. ] [-13.6  -1.1  -7.8   0.    0.    0.    0.    0. ]]
  S iter  24  rel. amplitude loss 0.01216  (9.7s)
  S iter  25  rel. amplitude loss 0.01201  (9.2s)
  S iter  26  rel. amplitude loss 0.01188  (9.1s)
  probe update after S iter 26: loss 0.00380  dC [A] = [[  0.    0.    0.    0.    0.    0.    0.    0. ] [ 18.2   3.5   9.9   0.    0.    0.    0.    0. ] [-14.2  -1.1  -8.2   0.    0.    0.    0.    0. ]]
  probe update after S iter 26: loss 0.00380  dC [A] = [[  0.    0.    0.    0.    0.    0.    0.    0. ] [ 19.1   3.9  10.3   0.    0.    0.    0.    0. ] [-15.   -1.3  -8.7   0.    0.    0.    0.    0. ]]
  S iter  27  rel. amplitude loss 0.01172  (9.9s)
  S iter  28  rel. amplitude loss 0.01160  (9.9s)
  S iter  29  rel. amplitude loss 0.01149  (10.3s)
  probe update after S iter 29: loss 0.00375  dC [A] = [[  0.    0.    0.    0.    0.    0.    0.    0. ] [ 20.    4.2  10.7   0.    0.    0.    0.    0. ] [-15.9  -1.5  -9.2   0.    0.    0.    0.    0. ]]
  probe update after S iter 29: loss 0.00375  dC [A] = [[  0.    0.    0.    0.    0.    0.    0.    0. ] [ 20.8   4.1  10.7   0.    0.    0.    0.    0. ] [-16.5  -1.6  -9.2   0.    0.    0.    0.    0. ]]
  S iter  30  rel. amplitude loss 0.01110  (9.5s)
  S iter  31  rel. amplitude loss 0.01107  (9.4s)
  S iter  32  rel. amplitude loss 0.01104  (9.8s)
-> loss 0.01104, depth err 3.4 A, probe err [0.    0.13  0.097], S err 0.261 (z_out 0), runtime 396s, peak 1538 MB
== reduced_s2 config B variant oracle seed 1: 32 S iterations
  S iter   1  rel. amplitude loss 0.05875  (9.9s)
  S iter   2  rel. amplitude loss 0.04617  (9.3s)
  S iter   3  rel. amplitude loss 0.03730  (9.3s)
  S iter   4  rel. amplitude loss 0.03105  (9.9s)
  S iter   5  rel. amplitude loss 0.02659  (9.5s)
  S iter   6  rel. amplitude loss 0.02335  (9.0s)
  S iter   7  rel. amplitude loss 0.02096  (9.9s)
  S iter   8  rel. amplitude loss 0.01915  (9.4s)
  S iter   9  rel. amplitude loss 0.01777  (9.6s)
  S iter  10  rel. amplitude loss 0.01668  (9.1s)
  S iter  11  rel. amplitude loss 0.01582  (9.4s)
  S iter  12  rel. amplitude loss 0.01512  (8.8s)
  S iter  13  rel. amplitude loss 0.01454  (9.2s)
  S iter  14  rel. amplitude loss 0.01406  (9.7s)
  S iter  15  rel. amplitude loss 0.01365  (9.2s)
  S iter  16  rel. amplitude loss 0.01330  (8.7s)
  S iter  17  rel. amplitude loss 0.01300  (9.2s)
  S iter  18  rel. amplitude loss 0.01273  (9.6s)
  S iter  19  rel. amplitude loss 0.01250  (9.1s)
  S iter  20  rel. amplitude loss 0.01229  (10.0s)
  S iter  21  rel. amplitude loss 0.01210  (9.1s)
  S iter  22  rel. amplitude loss 0.01193  (8.7s)
  S iter  23  rel. amplitude loss 0.01178  (9.8s)
  S iter  24  rel. amplitude loss 0.01164  (9.4s)
  S iter  25  rel. amplitude loss 0.01151  (9.0s)
  S iter  26  rel. amplitude loss 0.01139  (8.5s)
  S iter  27  rel. amplitude loss 0.01128  (9.4s)
  S iter  28  rel. amplitude loss 0.01117  (9.1s)
  S iter  29  rel. amplitude loss 0.01108  (9.2s)
  S iter  30  rel. amplitude loss 0.01070  (9.1s)
  S iter  31  rel. amplitude loss 0.01068  (8.8s)
  S iter  32  rel. amplitude loss 0.01065  (9.3s)
-> loss 0.01065, depth err 3.4 A, probe err [0. 0. 0.], S err 0.260 (z_out 0), runtime 297s, peak 1538 MB
