simulated reduced_s4/B in 1s
== reduced_s4 config B variant fixed seed 0: 32 S iterations
  S iter   1  rel. amplitude loss 0.04872  (2.4s)
  S iter   2  rel. amplitude loss 0.02578  (2.5s)
  S iter   3  rel. amplitude loss 0.01612  (2.3s)
  S iter   4  rel. amplitude loss 0.01123  (2.6s)
  S iter   5  rel. amplitude loss 0.00837  (2.4s)
  S iter   6  rel. amplitude loss 0.00654  (2.3s)
  S iter   7  rel. amplitude loss 0.00530  (2.3s)
  S iter   8  rel. amplitude loss 0.00442  (2.2s)
  S iter   9  rel. amplitude loss 0.00377  (2.4s)
  S iter  10  rel. amplitude loss 0.00327  (2.4s)
  S iter  11  rel. amplitude loss 0.00288  (2.4s)
  S iter  12  rel. amplitude loss 0.00257  (2.5s)
  S iter  13  rel. amplitude loss 0.00232  (2.4s)
  S iter  14  rel. amplitude loss 0.00211  (2.5s)
  S iter  15  rel. amplitude loss 0.00194  (2.4s)
  S iter  16  rel. amplitude loss 0.00179  (2.4s)
  S iter  17  rel. amplitude loss 0.00166  (2.5s)
  S iter  18  rel. amplitude loss 0.00155  (2.2s)
  S iter  19  rel. amplitude loss 0.00145  (2.5s)
  S iter  20  rel. amplitude loss 0.00136  (2.4s)
  S iter  21  rel. amplitude loss 0.00128  (2.5s)
  S iter  22  rel. amplitude loss 0.00122  (2.3s)
  S iter  23  rel. amplitude loss 0.00115  (2.5s)
  S iter  24  rel. amplitude loss 0.00110  (2.4s)
  S iter  25  rel. amplitude loss 0.00104  (2.5s)
  S iter  26  rel. amplitude loss 0.00100  (2.5s)
  S iter  27  rel. amplitude loss 0.00095  (2.6s)
  S iter  28  rel. amplitude loss 0.00091  (2.3s)
  S iter  29  rel. amplitude loss 0.00088  (2.5s)
  S iter  30  rel. amplitude loss 0.00076  (2.6s)
  S iter  31  rel. amplitude loss 0.00075  (2.4s)
  S iter  32  rel. amplitude loss 0.00074  (2.4s)
-> loss 0.00074, depth err 5.1 A, probe err [0.    0.578 0.47 ], S err 0.283 (z_out -10), runtime 78s, peak 1086 MB
== reduced_s4 config B variant joint seed 0: 32 S iterations
  S iter   1  rel. amplitude loss 0.04872  (2.3s)
  S iter   2  rel. amplitude loss 0.02578  (2.5s)
  S iter   3  rel. amplitude loss 0.01612  (2.5s)
  S iter   4  rel. amplitude loss 0.01123  (2.3s)
  S iter   5  rel. amplitude loss 0.00837  (2.3s)
  S iter   6  rel. amplitude loss 0.00654  (2.5s)
  S iter   7  rel. amplitude loss 0.00530  (2.4s)
  S iter   8  rel. amplitude loss 0.00442  (2.3s)
  probe update after S iter 8: loss 0.00117  dC [A] = [[ 0.   0.   0.   0.   0.   0.   0.   0. ] [ 4.7  4.7  4.7  0.   0.   0.   0.   0. ] [-4.7  4.7 -4.7  0.   0.   0.   0.   0. ]]
  probe update after S iter 8: loss 0.00131  dC [A] = [[ 0.   0.   0.   0.   0.   0.   0.   0. ] [ 3.7  1.6  1.6  0.   0.   0.   0.   0. ] [-1.8  1.2 -1.6  0.   0.   0.   0.   0. ]]
  S iter   9  rel. amplitude loss 0.00377  (2.3s)
  S iter  10  rel. amplitude loss 0.00325  (2.4s)
  S iter  11  rel. amplitude loss 0.00285  (2.4s)
  probe update after S iter 11: loss 0.00078  dC [A] = [[ 0.   0.   0.   0.   0.   0.   0.   0. ] [ 2.8 -1.1 -0.9  0.   0.   0.   0.   0. ] [ 0.8 -1.8  1.2  0.   0.   0.   0.   0. ]]
  probe update after S iter 11: loss 0.00081  dC [A] = [[ 0.   0.   0.   0.   0.   0.   0.   0. ] [ 2.6 -1.7 -1.3  0.   0.   0.   0.   0. ] [ 1.7 -3.1  2.   0.   0.   0.   0.   0. ]]
  S iter  12  rel. amplitude loss 0.00275  (2.3s)
  S iter  13  rel. amplitude loss 0.00244  (2.5s)
  S iter  14  rel. amplitude loss 0.00220  (2.6s)
  probe update after S iter 14: loss 0.00061  dC [A] = [[ 0.   0.   0.   0.   0.   0.   0.   0. ] [ 3.3 -1.5 -0.8  0.   0.   0.   0.   0. ] [ 1.3 -3.1  1.7  0.   0.   0.   0.   0. ]]
  probe update after S iter 14: loss 0.00060  dC [A] = [[ 0.   0.   0.   0.   0.   0.   0.   0. ] [ 4.3 -0.7  0.2  0.   0.   0.   0.   0. ] [ 0.1 -2.3  0.7  0.   0.   0.   0.   0. ]]
  S iter  15  rel. amplitude loss 0.00193  (2.4s)
  S iter  16  rel. amplitude loss 0.00177  (2.3s)
  S iter  17  rel. amplitude loss 0.00164  (2.4s)
  probe update after S iter 17: loss 0.00047  dC [A] = [[ 0.   0.   0.   0.   0.   0.   0.   0. ] [ 5.2  0.2  1.2  0.   0.   0.   0.   0. ] [-1.  -1.4 -0.4  0.   0.   0.   0.   0. ]]
  probe update after S iter 17: loss 0.00048  dC [A] = [[ 0.   0.   0.   0.   0.   0.   0.   0. ] [ 5.3  0.7  1.7  0.   0.   0.   0.   0. ] [-1.7 -0.6 -1.   0.   0.   0.   0.   0. ]]
  S iter  18  rel. amplitude loss 0.00155  (2.3s)
  S iter  19  rel. amplitude loss 0.00143  (2.3s)
  S iter  20  rel. amplitude loss 0.00133  (2.4s)
  probe update after S iter 20: loss 0.00037  dC [A] = [[ 0.   0.   0.   0.   0.   0.   0.   0. ] [ 5.2  0.8  1.7  0.   0.   0.   0.   0. ] [-2.1 -0.1 -1.4  0.   0.   0.   0.   0. ]]
  probe update after S iter 20: loss 0.00038  dC [A] = [[ 0.   0.   0.   0.   0.   0.   0.   0. ] [ 5.   0.6  1.5  0.   0.   0.   0.   0. ] [-2.1  0.1 -1.4  0.   0.   0.   0.   0. ]]
  S iter  21  rel. amplitude loss 0.00126  (2.3s)
  S iter  22  rel. amplitude loss 0.00118  (2.3s)
  S iter  23  rel. amplitude loss 0.00111  (2.5s)
  probe update after S iter 23: loss 0.00030  dC [A] = [[ 0.   0.   0.   0.   0.   0.   0.   0. ] [ 5.2  0.3  1.2  0.   0.   0.   0.   0. ] [-1.8 -0.1 -1.2  0.   0.   0.   0.   0. ]]
  probe update after S iter 23: loss 0.00030  dC [A] = [[ 0.   0.   0.   0.   0.   0.   0.   0. ] [ 5.4  0.1  1.   0.   0.   0.   0.   0. ] [-1.5 -0.4 -0.9  0.   0.   0.   0.   0. ]]
  S iter  24  rel. amplitude loss 0.00105  (2.5s)
  S iter  25  rel. amplitude loss 0.00100  (2.6s)
  S iter  26  rel. amplitude loss 0.00095  (2.5s)
  probe update after S iter 26: loss 0.00026  dC [A] = [[ 0.   0.   0.   0.   0.   0.   0.   0. ] [ 5.7  0.2  1.   0.   0.   0.   0.   0. ] [-1.3 -0.8 -0.7  0.   0.   0.   0.   0. ]]
  probe update after S iter 26: loss 0.00026  dC [A] = [[ 0.   0.   0.   0.   0.   0.   0.   0. ] [ 5.8  0.4  1.1  0.   0.   0.   0.   0. ] [-1.2 -1.  -0.5  0.   0.   0.   0.   0. ]]
  S iter  27  rel. amplitude loss 0.00091  (2.3s)
  S iter  28  rel. amplitude loss 0.00086  (2.5s)
  S iter  29  rel. amplitude loss 0.00083  (2.5s)
  probe update after S iter 29: loss 0.00022  dC [A] = [[ 0.   0.   0.   0.   0.   0.   0.   0. ] [ 6.   0.7  1.3  0.   0.   0.   0.   0. ] [-1.3 -1.2 -0.5  0.   0.   0.   0.   0. ]]
  probe update after S iter 29: loss 0.00022  dC [A] = [[ 0.   0.   0.   0.   0.   0.   0.   0. ] [ 6.1  0.8  1.5  0.   0.   0.   0.   0. ] [-1.4 -1.2 -0.6  0.   0.   0.   0.   0. ]]
  S iter  30  rel. amplitude loss 0.00072  (2.5s)
  S iter  31  rel. amplitude loss 0.00071  (2.6s)
  S iter  32  rel. amplitude loss 0.00070  (2.6s)
-> loss 0.00070, depth err 5.1 A, probe err [0.    0.477 0.439], S err 0.282 (z_out -10), runtime 100s, peak 1442 MB
== reduced_s4 config B variant oracle seed 0: 32 S iterations
  S iter   1  rel. amplitude loss 0.04956  (2.9s)
  S iter   2  rel. amplitude loss 0.02667  (2.6s)
  S iter   3  rel. amplitude loss 0.01641  (2.5s)
  S iter   4  rel. amplitude loss 0.01121  (2.5s)
  S iter   5  rel. amplitude loss 0.00823  (2.6s)
  S iter   6  rel. amplitude loss 0.00636  (2.8s)
  S iter   7  rel. amplitude loss 0.00509  (2.7s)
  S iter   8  rel. amplitude loss 0.00419  (2.6s)
  S iter   9  rel. amplitude loss 0.00353  (2.8s)
  S iter  10  rel. amplitude loss 0.00302  (2.6s)
  S iter  11  rel. amplitude loss 0.00263  (2.6s)
  S iter  12  rel. amplitude loss 0.00231  (2.6s)
  S iter  13  rel. amplitude loss 0.00206  (2.6s)
  S iter  14  rel. amplitude loss 0.00185  (2.8s)
  S iter  15  rel. amplitude loss 0.00167  (2.6s)
  S iter  16  rel. amplitude loss 0.00152  (2.5s)
  S iter  17  rel. amplitude loss 0.00140  (2.6s)
  S iter  18  rel. amplitude loss 0.00129  (3.0s)
  S iter  19  rel. amplitude loss 0.00119  (2.6s)
  S iter  20  rel. amplitude loss 0.00111  (2.5s)
  S iter  21  rel. amplitude loss 0.00104  (2.5s)
  S iter  22  rel. amplitude loss 0.00097  (2.9s)
  S iter  23  rel. amplitude loss 0.00091  (3.0s)
  S iter  24  rel. amplitude loss 0.00086  (2.8s)
  S iter  25  rel. amplitude loss 0.00081  (3.0s)
  S iter  26  rel. amplitude loss 0.00077  (3.1s)
  S iter  27  rel. amplitude loss 0.00073  (2.6s)
  S iter  28  rel. amplitude loss 0.00069  (2.8s)
  S iter  29  rel. amplitude loss 0.00066  (2.9s)
  S iter  30  rel. amplitude loss 0.00057  (3.0s)
  S iter  31  rel. amplitude loss 0.00056  (2.7s)
  S iter  32  rel. amplitude loss 0.00056  (2.7s)
-> loss 0.00056, depth err 3.5 A, probe err [0. 0. 0.], S err 0.278 (z_out 0), runtime 87s, peak 1442 MB
== reduced_s4 config B variant fixed seed 1: 32 S iterations
  S iter   1  rel. amplitude loss 0.04874  (2.9s)
  S iter   2  rel. amplitude loss 0.02579  (2.8s)
  S iter   3  rel. amplitude loss 0.01612  (2.4s)
  S iter   4  rel. amplitude loss 0.01122  (3.0s)
  S iter   5  rel. amplitude loss 0.00837  (2.9s)
  S iter   6  rel. amplitude loss 0.00654  (2.8s)
  S iter   7  rel. amplitude loss 0.00530  (2.5s)
  S iter   8  rel. amplitude loss 0.00442  (2.9s)
  S iter   9  rel. amplitude loss 0.00376  (3.1s)
  S iter  10  rel. amplitude loss 0.00327  (2.7s)
  S iter  11  rel. amplitude loss 0.00288  (2.8s)
  S iter  12  rel. amplitude loss 0.00258  (2.9s)
  S iter  13  rel. amplitude loss 0.00232  (2.8s)
  S iter  14  rel. amplitude loss 0.00211  (2.8s)
  S iter  15  rel. amplitude loss 0.00194  (3.1s)
  S iter  16  rel. amplitude loss 0.00179  (2.8s)
  S iter  17  rel. amplitude loss 0.00166  (2.9s)
  S iter  18  rel. amplitude loss 0.00155  (2.8s)
  S iter  19  rel. amplitude loss 0.00145  (2.7s)
  S iter  20  rel. amplitude loss 0.00136  (3.0s)
  S iter  21  rel. amplitude loss 0.00129  (3.1s)
  S iter  22  rel. amplitude loss 0.00122  (2.7s)
  S iter  23  rel. amplitude loss 0.00115  (2.7s)
  S iter  24  rel. amplitude loss 0.00110  (2.6s)
  S iter  25  rel. amplitude loss 0.00105  (2.9s)
  S iter  26  rel. amplitude loss 0.00100  (2.7s)
  S iter  27  rel. amplitude loss 0.00095  (2.9s)
  S iter  28  rel. amplitude loss 0.00091  (2.7s)
  S iter  29  rel. amplitude loss 0.00088  (2.8s)
  S iter  30  rel. amplitude loss 0.00076  (2.8s)
  S iter  31  rel. amplitude loss 0.00075  (3.3s)
  S iter  32  rel. amplitude loss 0.00074  (3.0s)
-> loss 0.00074, depth err 5.1 A, probe err [0.    0.578 0.47 ], S err 0.283 (z_out -10), runtime 91s, peak 1442 MB
== reduced_s4 config B variant joint seed 1: 32 S iterations
  S iter   1  rel. amplitude loss 0.04874  (3.1s)
  S iter   2  rel. amplitude loss 0.02579  (2.8s)
  S iter   3  rel. amplitude loss 0.01612  (2.7s)
  S iter   4  rel. amplitude loss 0.01122  (2.7s)
  S iter   5  rel. amplitude loss 0.00837  (2.8s)
  S iter   6  rel. amplitude loss 0.00654  (2.6s)
  S iter   7  rel. amplitude loss 0.00530  (2.5s)
  S iter   8  rel. amplitude loss 0.00442  (2.7s)
  probe update after S iter 8: loss 0.00115  dC [A] = [[ 0.   0.   0.   0.   0.   0.   0.   0. ] [ 4.7  4.7  4.7  0.   0.   0.   0.   0. ] [-4.7 -4.7 -4.7  0.   0.   0.   0.   0. ]]
  probe update after S iter 8: loss 0.00129  dC [A] = [[ 0.   0.   0.   0.   0.   0.   0.   0. ] [ 3.8  1.4  1.7  0.   0.   0.   0.   0. ] [-1.8 -1.3 -1.4  0.   0.   0.   0.   0. ]]
  S iter   9  rel. amplitude loss 0.00376  (2.5s)
  S iter  10  rel. amplitude loss 0.00325  (2.6s)
  S iter  11  rel. amplitude loss 0.00285  (2.6s)
  probe update after S iter 11: loss 0.00075  dC [A] = [[ 0.   0.   0.   0.   0.   0.   0.   0. ] [ 2.7 -1.4 -0.7  0.   0.   0.   0.   0. ] [ 0.9  1.8  1.5  0.   0.   0.   0.   0. ]]
  probe update after S iter 11: loss 0.00079  dC [A] = [[ 0.   0.   0.   0.   0.   0.   0.   0. ] [ 2.4 -2.  -1.2  0.   0.   0.   0.   0. ] [ 1.5  2.9  2.2  0.   0.   0.   0.   0. ]]
  S iter  12  rel. amplitude loss 0.00276  (2.8s)
  S iter  13  rel. amplitude loss 0.00246  (3.1s)
  S iter  14  rel. amplitude loss 0.00222  (2.8s)
  probe update after S iter 14: loss 0.00061  dC [A] = [[ 0.   0.   0.   0.   0.   0.   0.   0. ] [ 2.7 -1.6 -0.8  0.   0.   0.   0.   0. ] [ 0.8  2.5  1.7  0.   0.   0.   0.   0. ]]
  probe update after S iter 14: loss 0.00060  dC [A] = [[ 0.   0.   0.   0.   0.   0.   0.   0. ] [ 3.3 -0.6  0.1  0.   0.   0.   0.   0. ] [-0.5  1.4  0.6  0.   0.   0.   0.   0. ]]
  S iter  15  rel. amplitude loss 0.00193  (2.6s)
  S iter  16  rel. amplitude loss 0.00177  (3.5s)
  S iter  17  rel. amplitude loss 0.00164  (3.4s)
  probe update after S iter 17: loss 0.00045  dC [A] = [[ 0.   0.   0.   0.   0.   0.   0.   0. ] [ 4.5  0.4  1.   0.   0.   0.   0.   0. ] [-1.7  0.2 -0.6  0.   0.   0.   0.   0. ]]
  probe update after S iter 17: loss 0.00045  dC [A] = [[ 0.   0.   0.   0.   0.   0.   0.   0. ] [ 5.2  1.   1.5  0.   0.   0.   0.   0. ] [-2.1 -0.7 -1.3  0.   0.   0.   0.   0. ]]
  S iter  18  rel. amplitude loss 0.00157  (2.9s)
  S iter  19  rel. amplitude loss 0.00145  (2.9s)
  S iter  20  rel. amplitude loss 0.00135  (2.8s)
  probe update after S iter 20: loss 0.00038  dC [A] = [[ 0.   0.   0.   0.   0.   0.   0.   0. ] [ 5.3  1.1  1.6  0.   0.   0.   0.   0. ] [-2.1 -1.1 -1.6  0.   0.   0.   0.   0. ]]
  probe update after S iter 20: loss 0.00038  dC [A] = [[ 0.   0.   0.   0.   0.   0.   0.   0. ] [ 4.9  0.9  1.3  0.   0.   0.   0.   0. ] [-1.9 -1.1 -1.5  0.   0.   0.   0.   0. ]]
  S iter  21  rel. amplitude loss 0.00126  (2.6s)
  S iter  22  rel. amplitude loss 0.00119  (2.5s)
  S iter  23  rel. amplitude loss 0.00112  (2.5s)
  probe update after S iter 23: loss 0.00033  dC [A] = [[ 0.   0.   0.   0.   0.   0.   0.   0. ] [ 4.6  0.4  1.   0.   0.   0.   0.   0. ] [-1.6 -0.8 -1.2  0.   0.   0.   0.   0. ]]
  probe update after S iter 23: loss 0.00033  dC [A] = [[ 0.   0.   0.   0.   0.   0.   0.   0. ] [ 4.8  0.2  0.9  0.   0.   0.   0.   0. ] [-1.4 -0.4 -0.9  0.   0.   0.   0.   0. ]]
  S iter  24  rel. amplitude loss 0.00106  (2.8s)
  S iter  25  rel. amplitude loss 0.00100  (2.6s)
  S iter  26  rel. amplitude loss 0.00096  (2.4s)
  probe update after S iter 26: loss 0.00025  dC [A] = [[ 0.   0.   0.   0.   0.   0.   0.   0. ] [ 5.3  0.1  0.9  0.   0.   0.   0.   0. ] [-1.3 -0.  -0.7  0.   0.   0.   0.   0. ]]
  probe update after S iter 26: loss 0.00026  dC [A] = [[ 0.   0.   0.   0.   0.   0.   0.   0. ] [ 5.8  0.1  1.   0.   0.   0.   0.   0. ] [-1.5  0.1 -0.6  0.   0.   0.   0.   0. ]]
  S iter  27  rel. amplitude loss 0.00091  (3.0s)
  S iter  28  rel. amplitude loss 0.00087  (2.9s)
  S iter  29  rel. amplitude loss 0.00083  (3.0s)
  probe update after S iter 29: loss 0.00023  dC [A] = [[ 0.   0.   0.   0.   0.   0.   0.   0. ] [ 6.2  0.4  1.2  0.   0.   0.   0.   0. ] [-1.7  0.1 -0.6  0.   0.   0.   0.   0. ]]
  probe update after S iter 29: loss 0.00023  dC [A] = [[ 0.   0.   0.   0.   0.   0.   0.   0. ] [ 6.1  0.6  1.4  0.   0.   0.   0.   0. ] [-1.9  0.  -0.7  0.   0.   0.   0.   0. ]]
  S iter  30  rel. amplitude loss 0.00072  (2.7s)
  S iter  31  rel. amplitude loss 0.00071  (2.9s)
  S iter  32  rel. amplitude loss 0.00070  (2.9s)
-> loss 0.00070, depth err 5.1 A, probe err [0.    0.48  0.434], S err 0.282 (z_out -10), runtime 114s, peak 1442 MB
== reduced_s4 config B variant oracle seed 1: 32 S iterations
  S iter   1  rel. amplitude loss 0.04957  (2.7s)
  S iter   2  rel. amplitude loss 0.02668  (2.8s)
  S iter   3  rel. amplitude loss 0.01641  (2.6s)
  S iter   4  rel. amplitude loss 0.01121  (2.5s)
  S iter   5  rel. amplitude loss 0.00823  (2.4s)
  S iter   6  rel. amplitude loss 0.00636  (2.3s)
  S iter   7  rel. amplitude loss 0.00509  (2.4s)
  S iter   8  rel. amplitude loss 0.00419  (2.4s)
  S iter   9  rel. amplitude loss 0.00353  (2.4s)
  S iter  10  rel. amplitude loss 0.00302  (2.9s)
  S iter  11  rel. amplitude loss 0.00263  (3.5s)
  S iter  12  rel. amplitude loss 0.00231  (2.9s)
  S iter  13  rel. amplitude loss 0.00206  (2.5s)
  S iter  14  rel. amplitude loss 0.00185  (2.6s)
  S iter  15  rel. amplitude loss 0.00167  (2.6s)
  S iter  16  rel. amplitude loss 0.00152  (2.8s)
  S iter  17  rel. amplitude loss 0.00140  (2.5s)
  S iter  18  rel. amplitude loss 0.00129  (2.5s)
  S iter  19  rel. amplitude loss 0.00119  (2.4s)
  S iter  20  rel. amplitude loss 0.00111  (2.5s)
  S iter  21  rel. amplitude loss 0.00103  (2.4s)
  S iter  22  rel. amplitude loss 0.00097  (2.6s)
  S iter  23  rel. amplitude loss 0.00091  (2.9s)
  S iter  24  rel. amplitude loss 0.00086  (2.9s)
  S iter  25  rel. amplitude loss 0.00081  (2.9s)
  S iter  26  rel. amplitude loss 0.00077  (2.7s)
  S iter  27  rel. amplitude loss 0.00073  (2.9s)
  S iter  28  rel. amplitude loss 0.00069  (2.8s)
  S iter  29  rel. amplitude loss 0.00066  (2.6s)
  S iter  30  rel. amplitude loss 0.00057  (2.4s)
  S iter  31  rel. amplitude loss 0.00056  (2.5s)
  S iter  32  rel. amplitude loss 0.00056  (2.4s)
-> loss 0.00056, depth err 3.5 A, probe err [0. 0. 0.], S err 0.278 (z_out 0), runtime 84s, peak 1442 MB
== reduced_s4 config B variant fixed seed 2: 32 S iterations
  S iter   1  rel. amplitude loss 0.04880  (2.5s)
  S iter   2  rel. amplitude loss 0.02583  (2.9s)
  S iter   3  rel. amplitude loss 0.01615  (2.4s)
  S iter   4  rel. amplitude loss 0.01125  (2.5s)
  S iter   5  rel. amplitude loss 0.00838  (2.6s)
  S iter   6  rel. amplitude loss 0.00655  (3.0s)
  S iter   7  rel. amplitude loss 0.00531  (2.7s)
  S iter   8  rel. amplitude loss 0.00443  (2.7s)
  S iter   9  rel. amplitude loss 0.00378  (2.9s)
  S iter  10  rel. amplitude loss 0.00328  (2.8s)
  S iter  11  rel. amplitude loss 0.00289  (2.8s)
  S iter  12  rel. amplitude loss 0.00258  (3.0s)
  S iter  13  rel. amplitude loss 0.00233  (3.2s)
  S iter  14  rel. amplitude loss 0.00212  (3.0s)
  S iter  15  rel. amplitude loss 0.00195  (2.6s)
  S iter  16  rel. amplitude loss 0.00180  (2.7s)
  S iter  17  rel. amplitude loss 0.00167  (2.7s)
  S iter  18  rel. amplitude loss 0.00155  (2.6s)
  S iter  19  rel. amplitude loss 0.00146  (2.9s)
  S iter  20  rel. amplitude loss 0.00137  (3.1s)
  S iter  21  rel. amplitude loss 0.00129  (2.7s)
  S iter  22  rel. amplitude loss 0.00122  (2.8s)
  S iter  23  rel. amplitude loss 0.00116  (3.1s)
  S iter  24  rel. amplitude loss 0.00110  (3.0s)
  S iter  25  rel. amplitude loss 0.00105  (2.8s)
  S iter  26  rel. amplitude loss 0.00100  (2.8s)
  S iter  27  rel. amplitude loss 0.00096  (3.2s)
  S iter  28  rel. amplitude loss 0.00092  (3.0s)
  S iter  29  rel. amplitude loss 0.00088  (2.9s)
  S iter  30  rel. amplitude loss 0.00076  (3.7s)
  S iter  31  rel. amplitude loss 0.00076  (3.5s)
  S iter  32  rel. amplitude loss 0.00075  (3.3s)
-> loss 0.00075, depth err 5.1 A, probe err [0.    0.578 0.47 ], S err 0.283 (z_out -10), runtime 92s, peak 1442 MB
== reduced_s4 config B variant joint seed 2: 32 S iterations
  S iter   1  rel. amplitude loss 0.04880  (2.7s)
  S iter   2  rel. amplitude loss 0.02583  (2.6s)
  S iter   3  rel. amplitude loss 0.01615  (2.5s)
  S iter   4  rel. amplitude loss 0.01125  (2.6s)
  S iter   5  rel. amplitude loss 0.00838  (2.9s)
  S iter   6  rel. amplitude loss 0.00655  (2.9s)
  S iter   7  rel. amplitude loss 0.00531  (2.6s)
  S iter   8  rel. amplitude loss 0.00443  (2.5s)
  probe update after S iter 8: loss 0.00117  dC [A] = [[ 0.   0.   0.   0.   0.   0.   0.   0. ] [ 4.7  4.7  4.7  0.   0.   0.   0.   0. ] [-4.7 -4.7 -4.7  0.   0.   0.   0.   0. ]]
  probe update after S iter 8: loss 0.00132  dC [A] = [[ 0.   0.   0.   0.   0.   0.   0.   0. ] [ 3.8  1.4  1.8  0.   0.   0.   0.   0. ] [-1.7 -1.2 -1.6  0.   0.   0.   0.   0. ]]
  S iter   9  rel. amplitude loss 0.00378  (2.5s)
  S iter  10  rel. amplitude loss 0.00326  (2.5s)
  S iter  11  rel. amplitude loss 0.00286  (2.7s)
  probe update after S iter 11: loss 0.00078  dC [A] = [[ 0.   0.   0.   0.   0.   0.   0.   0. ] [ 3.  -1.4 -0.7  0.   0.   0.   0.   0. ] [ 0.8  1.7  1.2  0.   0.   0.   0.   0. ]]
  probe update after S iter 11: loss 0.00081  dC [A] = [[ 0.   0.   0.   0.   0.   0.   0.   0. ] [ 2.8 -2.2 -1.4  0.   0.   0.   0.   0. ] [ 1.6  2.9  2.1  0.   0.   0.   0.   0. ]]
  S iter  12  rel. amplitude loss 0.00278  (2.6s)
  S iter  13  rel. amplitude loss 0.00247  (2.3s)
  S iter  14  rel. amplitude loss 0.00223  (2.5s)
  probe update after S iter 14: loss 0.00062  dC [A] = [[ 0.   0.   0.   0.   0.   0.   0.   0. ] [ 3.5 -1.8 -0.9  0.   0.   0.   0.   0. ] [ 1.   2.6  1.7  0.   0.   0.   0.   0. ]]
  probe update after S iter 14: loss 0.00060  dC [A] = [[ 0.   0.   0.   0.   0.   0.   0.   0. ] [ 4.3 -0.7  0.2  0.   0.   0.   0.   0. ] [-0.3  1.4  0.6  0.   0.   0.   0.   0. ]]
  S iter  15  rel. amplitude loss 0.00193  (2.5s)
  S iter  16  rel. amplitude loss 0.00178  (2.5s)
  S iter  17  rel. amplitude loss 0.00165  (2.5s)
  probe update after S iter 17: loss 0.00048  dC [A] = [[ 0.   0.   0.   0.   0.   0.   0.   0. ] [ 5.1  0.5  1.3  0.   0.   0.   0.   0. ] [-1.5  0.2 -0.6  0.   0.   0.   0.   0. ]]
  probe update after S iter 17: loss 0.00049  dC [A] = [[ 0.   0.   0.   0.   0.   0.   0.   0. ] [ 5.4  1.3  2.   0.   0.   0.   0.   0. ] [-2.1 -0.7 -1.2  0.   0.   0.   0.   0. ]]
  S iter  18  rel. amplitude loss 0.00158  (2.9s)
  S iter  19  rel. amplitude loss 0.00146  (2.6s)
  S iter  20  rel. amplitude loss 0.00135  (2.5s)
  probe update after S iter 20: loss 0.00038  dC [A] = [[ 0.   0.   0.   0.   0.   0.   0.   0. ] [ 5.4  1.5  2.3  0.   0.   0.   0.   0. ] [-2.3 -1.2 -1.5  0.   0.   0.   0.   0. ]]
  probe update after S iter 20: loss 0.00039  dC [A] = [[ 0.   0.   0.   0.   0.   0.   0.   0. ] [ 5.1  1.2  2.2  0.   0.   0.   0.   0. ] [-2.1 -1.2 -1.4  0.   0.   0.   0.   0. ]]
  S iter  21  rel. amplitude loss 0.00127  (2.4s)
  S iter  22  rel. amplitude loss 0.00119  (2.5s)
  S iter  23  rel. amplitude loss 0.00112  (2.6s)
  probe update after S iter 23: loss 0.00031  dC [A] = [[ 0.   0.   0.   0.   0.   0.   0.   0. ] [ 4.9  0.8  1.8  0.   0.   0.   0.   0. ] [-1.7 -0.9 -1.1  0.   0.   0.   0.   0. ]]
  probe update after S iter 23: loss 0.00031  dC [A] = [[ 0.   0.   0.   0.   0.   0.   0.   0. ] [ 4.8  0.5  1.5  0.   0.   0.   0.   0. ] [-1.4 -0.4 -0.7  0.   0.   0.   0.   0. ]]
  S iter  24  rel. amplitude loss 0.00106  (2.3s)
  S iter  25  rel. amplitude loss 0.00100  (2.4s)
  S iter  26  rel. amplitude loss 0.00096  (2.4s)
  probe update after S iter 26: loss 0.00027  dC [A] = [[ 0.   0.   0.   0.   0.   0.   0.   0. ] [ 5.2  0.2  1.3  0.   0.   0.   0.   0. ] [-1.2  0.  -0.4  0.   0.   0.   0.   0. ]]
  probe update after S iter 26: loss 0.00027  dC [A] = [[ 0.   0.   0.   0.   0.   0.   0.   0. ] [ 5.7  0.2  1.3  0.   0.   0.   0.   0. ] [-1.3  0.3 -0.3  0.   0.   0.   0.   0. ]]
  S iter  27  rel. amplitude loss 0.00092  (2.5s)
  S iter  28  rel. amplitude loss 0.00087  (2.4s)
  S iter  29  rel. amplitude loss 0.00084  (2.3s)
  probe update after S iter 29: loss 0.00022  dC [A] = [[ 0.   0.   0.   0.   0.   0.   0.   0. ] [ 6.1  0.4  1.5  0.   0.   0.   0.   0. ] [-1.4  0.3 -0.3  0.   0.   0.   0.   0. ]]
  probe update after S iter 29: loss 0.00022  dC [A] = [[ 0.   0.   0.   0.   0.   0.   0.   0. ] [ 6.1  0.6  1.8  0.   0.   0.   0.   0. ] [-1.6  0.3 -0.4  0.   0.   0.   0.   0. ]]
  S iter  30  rel. amplitude loss 0.00072  (2.4s)
  S iter  31  rel. amplitude loss 0.00071  (2.4s)
  S iter  32  rel. amplitude loss 0.00070  (2.6s)
-> loss 0.00070, depth err 5.1 A, probe err [0.    0.473 0.441], S err 0.282 (z_out -10), runtime 105s, peak 1442 MB
== reduced_s4 config B variant oracle seed 2: 32 S iterations
  S iter   1  rel. amplitude loss 0.04964  (2.6s)
  S iter   2  rel. amplitude loss 0.02673  (2.3s)
  S iter   3  rel. amplitude loss 0.01644  (2.4s)
  S iter   4  rel. amplitude loss 0.01123  (2.5s)
  S iter   5  rel. amplitude loss 0.00825  (2.6s)
  S iter   6  rel. amplitude loss 0.00637  (2.5s)
  S iter   7  rel. amplitude loss 0.00510  (2.5s)
  S iter   8  rel. amplitude loss 0.00420  (2.5s)
  S iter   9  rel. amplitude loss 0.00353  (2.9s)
  S iter  10  rel. amplitude loss 0.00303  (2.6s)
  S iter  11  rel. amplitude loss 0.00263  (2.4s)
  S iter  12  rel. amplitude loss 0.00232  (2.6s)
  S iter  13  rel. amplitude loss 0.00206  (2.5s)
  S iter  14  rel. amplitude loss 0.00185  (2.4s)
  S iter  15  rel. amplitude loss 0.00167  (2.5s)
  S iter  16  rel. amplitude loss 0.00152  (3.1s)
  S iter  17  rel. amplitude loss 0.00140  (2.9s)
  S iter  18  rel. amplitude loss 0.00129  (2.5s)
  S iter  19  rel. amplitude loss 0.00119  (2.8s)
  S iter  20  rel. amplitude loss 0.00111  (2.9s)
  S iter  21  rel. amplitude loss 0.00103  (2.5s)
  S iter  22  rel. amplitude loss 0.00097  (2.5s)
  S iter  23  rel. amplitude loss 0.00091  (2.5s)
  S iter  24  rel. amplitude loss 0.00086  (2.5s)
  S iter  25  rel. amplitude loss 0.00081  (2.4s)
  S iter  26  rel. amplitude loss 0.00077  (2.4s)
  S iter  27  rel. amplitude loss 0.00073  (2.5s)
  S iter  28  rel. amplitude loss 0.00069  (2.4s)
  S iter  29  rel. amplitude loss 0.00066  (2.4s)
  S iter  30  rel. amplitude loss 0.00057  (2.3s)
  S iter  31  rel. amplitude loss 0.00056  (2.4s)
  S iter  32  rel. amplitude loss 0.00056  (2.5s)
-> loss 0.00056, depth err 3.5 A, probe err [0. 0. 0.], S err 0.278 (z_out 0), runtime 81s, peak 1442 MB
== reduced_s4 config B variant fixed seed 3: 32 S iterations
  S iter   1  rel. amplitude loss 0.04879  (2.6s)
  S iter   2  rel. amplitude loss 0.02580  (2.3s)
  S iter   3  rel. amplitude loss 0.01612  (2.4s)
  S iter   4  rel. amplitude loss 0.01123  (2.4s)
  S iter   5  rel. amplitude loss 0.00837  (2.4s)
  S iter   6  rel. amplitude loss 0.00654  (2.4s)
  S iter   7  rel. amplitude loss 0.00530  (2.5s)
  S iter   8  rel. amplitude loss 0.00442  (2.7s)
  S iter   9  rel. amplitude loss 0.00377  (2.5s)
  S iter  10  rel. amplitude loss 0.00327  (2.6s)
  S iter  11  rel. amplitude loss 0.00289  (2.7s)
  S iter  12  rel. amplitude loss 0.00258  (2.4s)
  S iter  13  rel. amplitude loss 0.00232  (2.5s)
  S iter  14  rel. amplitude loss 0.00212  (2.4s)
  S iter  15  rel. amplitude loss 0.00194  (2.6s)
  S iter  16  rel. amplitude loss 0.00179  (2.4s)
  S iter  17  rel. amplitude loss 0.00166  (2.5s)
  S iter  18  rel. amplitude loss 0.00155  (2.5s)
  S iter  19  rel. amplitude loss 0.00145  (2.4s)
  S iter  20  rel. amplitude loss 0.00136  (2.5s)
  S iter  21  rel. amplitude loss 0.00129  (2.2s)
  S iter  22  rel. amplitude loss 0.00122  (2.4s)
  S iter  23  rel. amplitude loss 0.00115  (2.3s)
  S iter  24  rel. amplitude loss 0.00110  (2.5s)
  S iter  25  rel. amplitude loss 0.00104  (2.5s)
  S iter  26  rel. amplitude loss 0.00100  (2.4s)
  S iter  27  rel. amplitude loss 0.00095  (2.6s)
  S iter  28  rel. amplitude loss 0.00091  (2.7s)
  S iter  29  rel. amplitude loss 0.00088  (2.5s)
  S iter  30  rel. amplitude loss 0.00076  (2.5s)
  S iter  31  rel. amplitude loss 0.00075  (2.6s)
  S iter  32  rel. amplitude loss 0.00074  (2.8s)
-> loss 0.00074, depth err 5.1 A, probe err [0.    0.578 0.47 ], S err 0.283 (z_out -10), runtime 80s, peak 1442 MB
== reduced_s4 config B variant joint seed 3: 32 S iterations
  S iter   1  rel. amplitude loss 0.04879  (2.7s)
  S iter   2  rel. amplitude loss 0.02580  (2.6s)
  S iter   3  rel. amplitude loss 0.01612  (2.4s)
  S iter   4  rel. amplitude loss 0.01123  (2.6s)
  S iter   5  rel. amplitude loss 0.00837  (2.6s)
  S iter   6  rel. amplitude loss 0.00654  (2.9s)
  S iter   7  rel. amplitude loss 0.00530  (2.8s)
  S iter   8  rel. amplitude loss 0.00442  (2.9s)
  probe update after S iter 8: loss 0.00114  dC [A] = [[ 0.   0.   0.   0.   0.   0.   0.   0. ] [ 4.7  4.7  4.7  0.   0.   0.   0.   0. ] [-4.7 -4.7 -4.7  0.   0.   0.   0.   0. ]]
  probe update after S iter 8: loss 0.00129  dC [A] = [[ 0.   0.   0.   0.   0.   0.   0.   0. ] [ 3.3  1.6  1.8  0.   0.   0.   0.   0. ] [-1.9 -1.3 -1.5  0.   0.   0.   0.   0. ]]
  S iter   9  rel. amplitude loss 0.00377  (2.6s)
  S iter  10  rel. amplitude loss 0.00325  (2.4s)
  S iter  11  rel. amplitude loss 0.00285  (2.5s)
  probe update after S iter 11: loss 0.00080  dC [A] = [[ 0.   0.   0.   0.   0.   0.   0.   0. ] [ 2.6 -1.1 -0.8  0.   0.   0.   0.   0. ] [ 0.5  1.7  1.3  0.   0.   0.   0.   0. ]]
  probe update after S iter 11: loss 0.00084  dC [A] = [[ 0.   0.   0.   0.   0.   0.   0.   0. ] [ 2.9 -1.5 -1.1  0.   0.   0.   0.   0. ] [ 1.1  2.9  2.1  0.   0.   0.   0.   0. ]]
  S iter  12  rel. amplitude loss 0.00274  (2.5s)
  S iter  13  rel. amplitude loss 0.00244  (2.4s)
  S iter  14  rel. amplitude loss 0.00221  (2.5s)
  probe update after S iter 14: loss 0.00058  dC [A] = [[ 0.   0.   0.   0.   0.   0.   0.   0. ] [ 3.6 -1.  -0.6  0.   0.   0.   0.   0. ] [ 0.8  3.   1.9  0.   0.   0.   0.   0. ]]
  probe update after S iter 14: loss 0.00058  dC [A] = [[ 0.   0.   0.   0.   0.   0.   0.   0. ] [ 4.2  0.1  0.3  0.   0.   0.   0.   0. ] [-0.1  2.2  1.1  0.   0.   0.   0.   0. ]]
  S iter  15  rel. amplitude loss 0.00194  (2.5s)
  S iter  16  rel. amplitude loss 0.00178  (3.0s)
  S iter  17  rel. amplitude loss 0.00165  (2.6s)
  probe update after S iter 17: loss 0.00045  dC [A] = [[ 0.   0.   0.   0.   0.   0.   0.   0. ] [ 4.7  1.2  1.2  0.   0.   0.   0.   0. ] [-1.2  1.1  0.   0.   0.   0.   0.   0. ]]
  probe update after S iter 17: loss 0.00045  dC [A] = [[ 0.   0.   0.   0.   0.   0.   0.   0. ] [ 4.7  1.8  1.7  0.   0.   0.   0.   0. ] [-1.8  0.1 -0.7  0.   0.   0.   0.   0. ]]
  S iter  18  rel. amplitude loss 0.00155  (2.6s)
  S iter  19  rel. amplitude loss 0.00144  (2.7s)
  S iter  20  rel. amplitude loss 0.00134  (2.7s)
  probe update after S iter 20: loss 0.00037  dC [A] = [[ 0.   0.   0.   0.   0.   0.   0.   0. ] [ 4.7  1.8  1.9  0.   0.   0.   0.   0. ] [-2.2 -0.7 -1.2  0.   0.   0.   0.   0. ]]
  probe update after S iter 20: loss 0.00038  dC [A] = [[ 0.   0.   0.   0.   0.   0.   0.   0. ] [ 4.8  1.4  1.8  0.   0.   0.   0.   0. ] [-2.3 -1.  -1.4  0.   0.   0.   0.   0. ]]
  S iter  21  rel. amplitude loss 0.00127  (2.6s)
  S iter  22  rel. amplitude loss 0.00119  (2.5s)
  S iter  23  rel. amplitude loss 0.00112  (2.6s)
  probe update after S iter 23: loss 0.00032  dC [A] = [[ 0.   0.   0.   0.   0.   0.   0.   0. ] [ 5.   0.9  1.5  0.   0.   0.   0.   0. ] [-2.  -1.  -1.3  0.   0.   0.   0.   0. ]]
  probe update after S iter 23: loss 0.00032  dC [A] = [[ 0.   0.   0.   0.   0.   0.   0.   0. ] [ 5.1  0.6  1.3  0.   0.   0.   0.   0. ] [-1.7 -0.7 -1.   0.   0.   0.   0.   0. ]]
  S iter  24  rel. amplitude loss 0.00106  (2.4s)
  S iter  25  rel. amplitude loss 0.00100  (2.6s)
  S iter  26  rel. amplitude loss 0.00095  (2.6s)
  probe update after S iter 26: loss 0.00027  dC [A] = [[ 0.   0.   0.   0.   0.   0.   0.   0. ] [ 5.5  0.6  1.2  0.   0.   0.   0.   0. ] [-1.4 -0.3 -0.8  0.   0.   0.   0.   0. ]]
  probe update after S iter 26: loss 0.00027  dC [A] = [[ 0.   0.   0.   0.   0.   0.   0.   0. ] [ 5.7  0.8  1.3  0.   0.   0.   0.   0. ] [-1.3  0.1 -0.5  0.   0.   0.   0.   0. ]]
  S iter  27  rel. amplitude loss 0.00091  (2.7s)
  S iter  28  rel. amplitude loss 0.00087  (2.8s)
  S iter  29  rel. amplitude loss 0.00083  (2.5s)
  probe update after S iter 29: loss 0.00023  dC [A] = [[ 0.   0.   0.   0.   0.   0.   0.   0. ] [ 6.1  1.1  1.6  0.   0.   0.   0.   0. ] [-1.4  0.3 -0.4  0.   0.   0.   0.   0. ]]
  probe update after S iter 29: loss 0.00023  dC [A] = [[ 0.   0.   0.   0.   0.   0.   0.   0. ] [ 6.3  1.3  1.8  0.   0.   0.   0.   0. ] [-1.6  0.4 -0.4  0.   0.   0.   0.   0. ]]
  S iter  30  rel. amplitude loss 0.00072  (2.5s)
  S iter  31  rel. amplitude loss 0.00071  (2.6s)
  S iter  32  rel. amplitude loss 0.00070  (2.5s)
-> loss 0.00070, depth err 5.1 A, probe err [0.    0.466 0.444], S err 0.282 (z_out -10), runtime 107s, peak 1442 MB
== reduced_s4 config B variant oracle seed 3: 32 S iterations
  S iter   1  rel. amplitude loss 0.04965  (2.5s)
  S iter   2  rel. amplitude loss 0.02671  (2.6s)
  S iter   3  rel. amplitude loss 0.01643  (2.7s)
  S iter   4  rel. amplitude loss 0.01122  (2.6s)
  S iter   5  rel. amplitude loss 0.00824  (2.5s)
  S iter   6  rel. amplitude loss 0.00636  (2.6s)
  S iter   7  rel. amplitude loss 0.00509  (2.8s)
  S iter   8  rel. amplitude loss 0.00419  (2.9s)
  S iter   9  rel. amplitude loss 0.00353  (3.0s)
  S iter  10  rel. amplitude loss 0.00302  (2.8s)
  S iter  11  rel. amplitude loss 0.00263  (2.9s)
  S iter  12  rel. amplitude loss 0.00231  (2.6s)
  S iter  13  rel. amplitude loss 0.00206  (2.8s)
  S iter  14  rel. amplitude loss 0.00185  (2.6s)
  S iter  15  rel. amplitude loss 0.00167  (2.5s)
  S iter  16  rel. amplitude loss 0.00152  (2.5s)
  S iter  17  rel. amplitude loss 0.00139  (2.4s)
  S iter  18  rel. amplitude loss 0.00128  (2.6s)
  S iter  19  rel. amplitude loss 0.00119  (2.7s)
  S iter  20  rel. amplitude loss 0.00111  (2.8s)
  S iter  21  rel. amplitude loss 0.00103  (2.7s)
  S iter  22  rel. amplitude loss 0.00097  (2.6s)
  S iter  23  rel. amplitude loss 0.00091  (2.7s)
  S iter  24  rel. amplitude loss 0.00086  (2.6s)
  S iter  25  rel. amplitude loss 0.00081  (2.5s)
  S iter  26  rel. amplitude loss 0.00077  (2.6s)
  S iter  27  rel. amplitude loss 0.00073  (2.5s)
  S iter  28  rel. amplitude loss 0.00069  (2.6s)
  S iter  29  rel. amplitude loss 0.00066  (2.5s)
  S iter  30  rel. amplitude loss 0.00057  (2.5s)
  S iter  31  rel. amplitude loss 0.00056  (2.4s)
  S iter  32  rel. amplitude loss 0.00055  (2.7s)
-> loss 0.00055, depth err 3.5 A, probe err [0. 0. 0.], S err 0.278 (z_out 0), runtime 84s, peak 1442 MB
== reduced_s4 config B variant fixed seed 4: 32 S iterations
  S iter   1  rel. amplitude loss 0.04876  (2.7s)
  S iter   2  rel. amplitude loss 0.02580  (2.6s)
  S iter   3  rel. amplitude loss 0.01612  (2.7s)
  S iter   4  rel. amplitude loss 0.01123  (2.7s)
  S iter   5  rel. amplitude loss 0.00837  (2.7s)
  S iter   6  rel. amplitude loss 0.00654  (2.7s)
  S iter   7  rel. amplitude loss 0.00530  (2.5s)
  S iter   8  rel. amplitude loss 0.00441  (3.0s)
  S iter   9  rel. amplitude loss 0.00376  (3.0s)
  S iter  10  rel. amplitude loss 0.00327  (3.1s)
  S iter  11  rel. amplitude loss 0.00288  (2.6s)
  S iter  12  rel. amplitude loss 0.00258  (2.9s)
  S iter  13  rel. amplitude loss 0.00232  (2.5s)
  S iter  14  rel. amplitude loss 0.00212  (2.4s)
  S iter  15  rel. amplitude loss 0.00194  (2.8s)
  S iter  16  rel. amplitude loss 0.00179  (2.6s)
  S iter  17  rel. amplitude loss 0.00166  (2.8s)
  S iter  18  rel. amplitude loss 0.00155  (2.8s)
  S iter  19  rel. amplitude loss 0.00145  (3.0s)
  S iter  20  rel. amplitude loss 0.00136  (2.8s)
  S iter  21  rel. amplitude loss 0.00129  (2.8s)
  S iter  22  rel. amplitude loss 0.00122  (2.6s)
  S iter  23  rel. amplitude loss 0.00115  (2.6s)
  S iter  24  rel. amplitude loss 0.00110  (2.5s)
  S iter  25  rel. amplitude loss 0.00105  (2.8s)
  S iter  26  rel. amplitude loss 0.00100  (2.5s)
  S iter  27  rel. amplitude loss 0.00095  (2.8s)
  S iter  28  rel. amplitude loss 0.00091  (2.8s)
  S iter  29  rel. amplitude loss 0.00088  (3.3s)
  S iter  30  rel. amplitude loss 0.00076  (3.5s)
  S iter  31  rel. amplitude loss 0.00075  (2.9s)
  S iter  32  rel. amplitude loss 0.00075  (2.7s)
-> loss 0.00075, depth err 5.1 A, probe err [0.    0.578 0.47 ], S err 0.283 (z_out -10), runtime 89s, peak 1442 MB
== reduced_s4 config B variant joint seed 4: 32 S iterations
  S iter   1  rel. amplitude loss 0.04876  (2.9s)
  S iter   2  rel. amplitude loss 0.02580  (2.6s)
  S iter   3  rel. amplitude loss 0.01612  (2.6s)
  S iter   4  rel. amplitude loss 0.01123  (2.7s)
  S iter   5  rel. amplitude loss 0.00837  (3.0s)
  S iter   6  rel. amplitude loss 0.00654  (2.7s)
  S iter   7  rel. amplitude loss 0.00530  (2.8s)
  S iter   8  rel. amplitude loss 0.00441  (2.8s)
  probe update after S iter 8: loss 0.00116  dC [A] = [[ 0.   0.   0.   0.   0.   0.   0.   0. ] [ 4.7  4.7  4.7  0.   0.   0.   0.   0. ] [-4.7 -4.7 -4.7  0.   0.   0.   0.   0. ]]
  probe update after S iter 8: loss 0.00132  dC [A] = [[ 0.   0.   0.   0.   0.   0.   0.   0. ] [ 4.2  1.5  1.6  0.   0.   0.   0.   0. ] [-1.7 -1.3 -1.5  0.   0.   0.   0.   0. ]]
  S iter   9  rel. amplitude loss 0.00377  (2.9s)
  S iter  10  rel. amplitude loss 0.00325  (2.7s)
  S iter  11  rel. amplitude loss 0.00285  (2.6s)
  probe update after S iter 11: loss 0.00075  dC [A] = [[ 0.   0.   0.   0.   0.   0.   0.   0. ] [ 3.2 -1.3 -0.9  0.   0.   0.   0.   0. ] [ 0.9  1.9  1.4  0.   0.   0.   0.   0. ]]
  probe update after S iter 11: loss 0.00079  dC [A] = [[ 0.   0.   0.   0.   0.   0.   0.   0. ] [ 2.5 -2.3 -1.8  0.   0.   0.   0.   0. ] [ 1.4  2.9  2.   0.   0.   0.   0.   0. ]]
  S iter  12  rel. amplitude loss 0.00278  (3.1s)
  S iter  13  rel. amplitude loss 0.00247  (3.2s)
  S iter  14  rel. amplitude loss 0.00223  (3.0s)
  probe update after S iter 14: loss 0.00060  dC [A] = [[ 0.   0.   0.   0.   0.   0.   0.   0. ] [ 2.8 -2.2 -1.6  0.   0.   0.   0.   0. ] [ 1.   2.8  1.7  0.   0.   0.   0.   0. ]]
  probe update after S iter 14: loss 0.00059  dC [A] = [[ 0.   0.   0.   0.   0.   0.   0.   0. ] [ 3.6 -1.4 -0.7  0.   0.   0.   0.   0. ] [ 0.   1.9  0.8  0.   0.   0.   0.   0. ]]
  S iter  15  rel. amplitude loss 0.00195  (2.7s)
  S iter  16  rel. amplitude loss 0.00179  (2.6s)
  S iter  17  rel. amplitude loss 0.00166  (3.0s)
  probe update after S iter 17: loss 0.00047  dC [A] = [[ 0.   0.   0.   0.   0.   0.   0.   0. ] [ 4.4 -0.4  0.3  0.   0.   0.   0.   0. ] [-1.   0.8 -0.2  0.   0.   0.   0.   0. ]]
  probe update after S iter 17: loss 0.00047  dC [A] = [[ 0.   0.   0.   0.   0.   0.   0.   0. ] [ 4.8  0.4  1.   0.   0.   0.   0.   0. ] [-1.7 -0.1 -0.8  0.   0.   0.   0.   0. ]]
  S iter  18  rel. amplitude loss 0.00156  (2.7s)
  S iter  19  rel. amplitude loss 0.00144  (2.6s)
  S iter  20  rel. amplitude loss 0.00134  (2.5s)
  probe update after S iter 20: loss 0.00034  dC [A] = [[ 0.   0.   0.   0.   0.   0.   0.   0. ] [ 5.   0.8  1.4  0.   0.   0.   0.   0. ] [-2.  -0.6 -1.1  0.   0.   0.   0.   0. ]]
  probe update after S iter 20: loss 0.00035  dC [A] = [[ 0.   0.   0.   0.   0.   0.   0.   0. ] [ 4.8  0.8  1.3  0.   0.   0.   0.   0. ] [-1.8 -0.6 -1.1  0.   0.   0.   0.   0. ]]
  S iter  21  rel. amplitude loss 0.00127  (2.9s)
  S iter  22  rel. amplitude loss 0.00119  (2.5s)
  S iter  23  rel. amplitude loss 0.00113  (2.5s)
  probe update after S iter 23: loss 0.00030  dC [A] = [[ 0.   0.   0.   0.   0.   0.   0.   0. ] [ 4.7  0.5  1.1  0.   0.   0.   0.   0. ] [-1.5 -0.4 -0.8  0.   0.   0.   0.   0. ]]
  probe update after S iter 23: loss 0.00030  dC [A] = [[ 0.   0.   0.   0.   0.   0.   0.   0. ] [ 4.7  0.1  0.8  0.   0.   0.   0.   0. ] [-1.3 -0.1 -0.5  0.   0.   0.   0.   0. ]]
  S iter  24  rel. amplitude loss 0.00106  (2.8s)
  S iter  25  rel. amplitude loss 0.00101  (2.6s)
  S iter  26  rel. amplitude loss 0.00096  (2.5s)
  probe update after S iter 26: loss 0.00027  dC [A] = [[ 0.   0.   0.   0.   0.   0.   0.   0. ] [ 5.  -0.2  0.6  0.   0.   0.   0.   0. ] [-1.2  0.2 -0.2  0.   0.   0.   0.   0. ]]
  probe update after S iter 26: loss 0.00027  dC [A] = [[ 0.   0.   0.   0.   0.   0.   0.   0. ] [ 5.4 -0.4  0.6  0.   0.   0.   0.   0. ] [-1.1  0.4 -0.   0.   0.   0.   0.   0. ]]
  S iter  27  rel. amplitude loss 0.00092  (2.5s)
  S iter  28  rel. amplitude loss 0.00088  (2.6s)
  S iter  29  rel. amplitude loss 0.00084  (2.6s)
  probe update after S iter 29: loss 0.00023  dC [A] = [[ 0.   0.   0.   0.   0.   0.   0.   0. ] [ 5.8 -0.2  0.6  0.   0.   0.   0.   0. ] [-1.2  0.5  0.   0.   0.   0.   0.   0. ]]
  probe update after S iter 29: loss 0.00023  dC [A] = [[ 0.   0.   0.   0.   0.   0.   0.   0. ] [ 5.9  0.1  0.8  0.   0.   0.   0.   0. ] [-1.4  0.4 -0.1  0.   0.   0.   0.   0. ]]
  S iter  30  rel. amplitude loss 0.00073  (2.6s)
  S iter  31  rel. amplitude loss 0.00072  (2.7s)
  S iter  32  rel. amplitude loss 0.00071  (2.5s)
-> loss 0.00071, depth err 5.1 A, probe err [0.    0.494 0.45 ], S err 0.282 (z_out -10), runtime 112s, peak 1442 MB
== reduced_s4 config B variant oracle seed 4: 32 S iterations
  S iter   1  rel. amplitude loss 0.04960  (2.7s)
  S iter   2  rel. amplitude loss 0.02669  (2.6s)
  S iter   3  rel. amplitude loss 0.01641  (2.7s)
  S iter   4  rel. amplitude loss 0.01121  (2.5s)
  S iter   5  rel. amplitude loss 0.00823  (2.7s)
  S iter   6  rel. amplitude loss 0.00636  (2.6s)
  S iter   7  rel. amplitude loss 0.00509  (2.8s)
  S iter   8  rel. amplitude loss 0.00419  (2.7s)
  S iter   9  rel. amplitude loss 0.00353  (2.7s)
  S iter  10  rel. amplitude loss 0.00302  (2.4s)
  S iter  11  rel. amplitude loss 0.00263  (2.5s)
  S iter  12  rel. amplitude loss 0.00231  (2.5s)
  S iter  13  rel. amplitude loss 0.00206  (2.6s)
  S iter  14  rel. amplitude loss 0.00184  (2.6s)
  S iter  15  rel. amplitude loss 0.00167  (2.5s)
  S iter  16  rel. amplitude loss 0.00152  (2.8s)
  S iter  17  rel. amplitude loss 0.00139  (2.8s)
  S iter  18  rel. amplitude loss 0.00128  (2.7s)
  S iter  19  rel. amplitude loss 0.00119  (2.5s)
  S iter  20  rel. amplitude loss 0.00111  (2.8s)
  S iter  21  rel. amplitude loss 0.00103  (2.8s)
  S iter  22  rel. amplitude loss 0.00097  (2.5s)
  S iter  23  rel. amplitude loss 0.00091  (2.4s)
  S iter  24  rel. amplitude loss 0.00086  (2.4s)
  S iter  25  rel. amplitude loss 0.00081  (2.4s)
  S iter  26  rel. amplitude loss 0.00076  (2.5s)
  S iter  27  rel. amplitude loss 0.00073  (2.5s)
  S iter  28  rel. amplitude loss 0.00069  (2.6s)
  S iter  29  rel. amplitude loss 0.00066  (2.5s)
  S iter  30  rel. amplitude loss 0.00057  (2.5s)
  S iter  31  rel. amplitude loss 0.00056  (2.5s)
  S iter  32  rel. amplitude loss 0.00055  (2.4s)
-> loss 0.00055, depth err 3.5 A, probe err [0. 0. 0.], S err 0.277 (z_out 0), runtime 83s, peak 1442 MB
