== reduced_s2 config B variant fixed seed 0: 32 S iterations
  S iter   1  rel. amplitude loss 0.15738  (9.0s)
  S iter   2  rel. amplitude loss 0.13737  (9.4s)
  S iter   3  rel. amplitude loss 0.12273  (9.4s)
  S iter   4  rel. amplitude loss 0.11187  (9.4s)
  S iter   5  rel. amplitude loss 0.10365  (9.4s)
  S iter   6  rel. amplitude loss 0.09732  (9.0s)
  S iter   7  rel. amplitude loss 0.09234  (9.0s)
  S iter   8  rel. amplitude loss 0.08836  (9.3s)
  S iter   9  rel. amplitude loss 0.08512  (9.4s)
  S iter  10  rel. amplitude loss 0.08244  (9.3s)
  S iter  11  rel. amplitude loss 0.08020  (9.1s)
  S iter  12  rel. amplitude loss 0.07830  (9.1s)
  S iter  13  rel. amplitude loss 0.07666  (9.5s)
  S iter  14  rel. amplitude loss 0.07524  (9.0s)
  S iter  15  rel. amplitude loss 0.07399  (8.9s)
  S iter  16  rel. amplitude loss 0.07289  (9.0s)
  S iter  17  rel. amplitude loss 0.07190  (9.5s)
  S iter  18  rel. amplitude loss 0.07102  (9.0s)
  S iter  19  rel. amplitude loss 0.07021  (8.8s)
  S iter  20  rel. amplitude loss 0.06948  (9.3s)
  S iter  21  rel. amplitude loss 0.06881  (8.9s)
  S iter  22  rel. amplitude loss 0.06819  (9.2s)
  S iter  23  rel. amplitude loss 0.06761  (9.5s)
  S iter  24  rel. amplitude loss 0.06708  (9.8s)
  S iter  25  rel. amplitude loss 0.06658  (9.6s)
  S iter  26  rel. amplitude loss 0.06612  (9.7s)
  S iter  27  rel. amplitude loss 0.06568  (8.8s)
  S iter  28  rel. amplitude loss 0.06526  (9.4s)
  S iter  29  rel. amplitude loss 0.06487  (9.4s)
  S iter  30  rel. amplitude loss 0.06286  (9.2s)
  S iter  31  rel. amplitude loss 0.06275  (8.8s)
  S iter  32  rel. amplitude loss 0.06265  (9.0s)
-> loss 0.06265, depth err 5.1 A, probe err [0.    0.578 0.47 ], S err 0.337 (z_out 0), runtime 296s, peak 1167 MB
== reduced_s2 config B variant joint seed 0: 32 S iterations
  S iter   1  rel. amplitude loss 0.15738  (8.9s)
  S iter   2  rel. amplitude loss 0.13737  (9.6s)
  S iter   3  rel. amplitude loss 0.12273  (10.4s)
  S iter   4  rel. amplitude loss 0.11187  (9.6s)
  S iter   5  rel. amplitude loss 0.10365  (9.0s)
  S iter   6  rel. amplitude loss 0.09732  (9.3s)
  S iter   7  rel. amplitude loss 0.09234  (9.6s)
  S iter   8  rel. amplitude loss 0.08836  (9.9s)
  probe update after S iter 8: loss 0.02822  dC [A] = [[ 0.   0.   0.   0.   0.   0.   0.   0. ] [ 4.7  4.7  4.7  0.   0.   0.   0.   0. ] [-4.7 -4.7 -4.7  0.   0.   0.   0.   0. ]]
  probe update after S iter 8: loss 0.02843  dC [A] = [[ 0.   0.   0.   0.   0.   0.   0.   0. ] [ 7.2  1.9  2.6  0.   0.   0.   0.   0. ] [-5.  -1.4 -2.   0.   0.   0.   0.   0. ]]
  S iter   9  rel. amplitude loss 0.08503  (9.5s)
  S iter  10  rel. amplitude loss 0.08220  (9.9s)
  S iter  11  rel. amplitude loss 0.07984  (10.7s)
  probe update after S iter 11: loss 0.02571  dC [A] = [[ 0.   0.   0.   0.   0.   0.   0.   0. ] [ 8.2 -0.6  0.7  0.   0.   0.   0.   0. ] [-4.   1.6  0.3  0.   0.   0.   0.   0. ]]
  probe update after S iter 11: loss 0.02579  dC [A] = [[ 0.   0.   0.   0.   0.   0.   0.   0. ] [ 7.5 -1.   0.6  0.   0.   0.   0.   0. ] [-3.   2.2  0.3  0.   0.   0.   0.   0. ]]
  S iter  12  rel. amplitude loss 0.07817  (9.2s)
  S iter  13  rel. amplitude loss 0.07647  (9.8s)
  S iter  14  rel. amplitude loss 0.07500  (10.2s)
  probe update after S iter 14: loss 0.02427  dC [A] = [[ 0.   0.   0.   0.   0.   0.   0.   0. ] [ 6.9 -0.1  1.7  0.   0.   0.   0.   0. ] [-2.5  1.5 -0.6  0.   0.   0.   0.   0. ]]
  probe update after S iter 14: loss 0.02422  dC [A] = [[ 0.   0.   0.   0.   0.   0.   0.   0. ] [ 6.7  1.2  3.   0.   0.   0.   0.   0. ] [-2.9  0.3 -1.8  0.   0.   0.   0.   0. ]]
  S iter  15  rel. amplitude loss 0.07350  (9.0s)
  S iter  16  rel. amplitude loss 0.07235  (9.0s)
  S iter  17  rel. amplitude loss 0.07134  (8.6s)
  probe update after S iter 17: loss 0.02285  dC [A] = [[ 0.   0.   0.   0.   0.   0.   0.   0. ] [ 7.3  2.4  3.9  0.   0.   0.   0.   0. ] [-4.1 -0.9 -2.7  0.   0.   0.   0.   0. ]]
  probe update after S iter 17: loss 0.02287  dC [A] = [[ 0.   0.   0.   0.   0.   0.   0.   0. ] [ 8.2  2.7  3.8  0.   0.   0.   0.   0. ] [-4.9 -1.4 -2.7  0.   0.   0.   0.   0. ]]
  S iter  18  rel. amplitude loss 0.07051  (9.7s)
  S iter  19  rel. amplitude loss 0.06963  (9.1s)
  S iter  20  rel. amplitude loss 0.06884  (9.1s)
  probe update after S iter 20: loss 0.02236  dC [A] = [[ 0.   0.   0.   0.   0.   0.   0.   0. ] [ 9.2  2.4  3.4  0.   0.   0.   0.   0. ] [-5.1 -1.3 -2.3  0.   0.   0.   0.   0. ]]
  probe update after S iter 20: loss 0.02235  dC [A] = [[ 0.   0.   0.   0.   0.   0.   0.   0. ] [ 9.6  1.7  2.9  0.   0.   0.   0.   0. ] [-4.5 -0.7 -1.9  0.   0.   0.   0.   0. ]]
  S iter  21  rel. amplitude loss 0.06808  (8.4s)
  S iter  22  rel. amplitude loss 0.06743  (8.9s)
  S iter  23  rel. amplitude loss 0.06683  (9.0s)
  probe update after S iter 23: loss 0.02189  dC [A] = [[ 0.   0.   0.   0.   0.   0.   0.   0. ] [10.1  1.2  3.   0.   0.   0.   0.   0. ] [-3.7 -0.1 -1.7  0.   0.   0.   0.   0. ]]
  probe update after S iter 23: loss 0.02189  dC [A] = [[ 0.   0.   0.   0.   0.   0.   0.   0. ] [10.3  1.1  3.4  0.   0.   0.   0.   0. ] [-3.3  0.2 -1.8  0.   0.   0.   0.   0. ]]
  S iter  24  rel. amplitude loss 0.06631  (8.6s)
  S iter  25  rel. amplitude loss 0.06578  (8.8s)
  S iter  26  rel. amplitude loss 0.06529  (9.1s)
  probe update after S iter 26: loss 0.02106  dC [A] = [[ 0.   0.   0.   0.   0.   0.   0.   0. ] [10.5  1.5  4.   0.   0.   0.   0.   0. ] [-3.6  0.1 -2.2  0.   0.   0.   0.   0. ]]
  probe update after S iter 26: loss 0.02106  dC [A] = [[ 0.   0.   0.   0.   0.   0.   0.   0. ] [10.5  2.1  4.3  0.   0.   0.   0.   0. ] [-4.1 -0.3 -2.5  0.   0.   0.   0.   0. ]]
  S iter  27  rel. amplitude loss 0.06481  (9.0s)
  S iter  28  rel. amplitude loss 0.06437  (8.8s)
  S iter  29  rel. amplitude loss 0.06396  (8.3s)
  probe update after S iter 29: loss 0.02074  dC [A] = [[ 0.   0.   0.   0.   0.   0.   0.   0. ] [10.8  2.5  4.3  0.   0.   0.   0.   0. ] [-4.5 -0.7 -2.7  0.   0.   0.   0.   0. ]]
  probe update after S iter 29: loss 0.02074  dC [A] = [[ 0.   0.   0.   0.   0.   0.   0.   0. ] [11.2  2.5  4.   0.   0.   0.   0.   0. ] [-4.3 -0.8 -2.7  0.   0.   0.   0.   0. ]]
  S iter  30  rel. amplitude loss 0.06197  (10.0s)
  S iter  31  rel. amplitude loss 0.06186  (9.2s)
  S iter  32  rel. amplitude loss 0.06175  (9.2s)
-> loss 0.06175, depth err 5.1 A, probe err [0.    0.366 0.372], S err 0.335 (z_out 0), runtime 380s, peak 1537 MB
== reduced_s2 config B variant oracle seed 0: 32 S iterations
  S iter   1  rel. amplitude loss 0.15687  (10.4s)
  S iter   2  rel. amplitude loss 0.13612  (10.4s)
  S iter   3  rel. amplitude loss 0.12106  (9.4s)
  S iter   4  rel. amplitude loss 0.10996  (10.2s)
  S iter   5  rel. amplitude loss 0.10162  (8.7s)
  S iter   6  rel. amplitude loss 0.09522  (9.0s)
  S iter   7  rel. amplitude loss 0.09022  (9.1s)
  S iter   8  rel. amplitude loss 0.08624  (9.0s)
  S iter   9  rel. amplitude loss 0.08301  (8.9s)
  S iter  10  rel. amplitude loss 0.08035  (9.4s)
  S iter  11  rel. amplitude loss 0.07813  (9.7s)
  S iter  12  rel. amplitude loss 0.07624  (9.3s)
  S iter  13  rel. amplitude loss 0.07463  (9.9s)
  S iter  14  rel. amplitude loss 0.07322  (9.9s)
  S iter  15  rel. amplitude loss 0.07199  (10.7s)
  S iter  16  rel. amplitude loss 0.07090  (9.8s)
  S iter  17  rel. amplitude loss 0.06993  (9.4s)
  S iter  18  rel. amplitude loss 0.06905  (9.2s)
  S iter  19  rel. amplitude loss 0.06826  (9.8s)
  S iter  20  rel. amplitude loss 0.06753  (9.3s)
  S iter  21  rel. amplitude loss 0.06687  (9.2s)
  S iter  22  rel. amplitude loss 0.06626  (9.6s)
  S iter  23  rel. amplitude loss 0.06570  (9.2s)
  S iter  24  rel. amplitude loss 0.06517  (9.4s)
  S iter  25  rel. amplitude loss 0.06468  (9.1s)
  S iter  26  rel. amplitude loss 0.06422  (9.2s)
  S iter  27  rel. amplitude loss 0.06379  (9.5s)
  S iter  28  rel. amplitude loss 0.06339  (9.2s)
  S iter  29  rel. amplitude loss 0.06300  (9.9s)
  S iter  30  rel. amplitude loss 0.06105  (8.8s)
  S iter  31  rel. amplitude loss 0.06095  (9.3s)
  S iter  32  rel. amplitude loss 0.06085  (10.5s)
-> loss 0.06085, depth err 3.4 A, probe err [0. 0. 0.], S err 0.332 (z_out 0), runtime 305s, peak 1537 MB
== reduced_s2 config B variant fixed seed 1: 32 S iterations
  S iter   1  rel. amplitude loss 0.15678  (9.3s)
  S iter   2  rel. amplitude loss 0.13699  (9.7s)
  S iter   3  rel. amplitude loss 0.12249  (8.6s)
  S iter   4  rel. amplitude loss 0.11172  (8.4s)
  S iter   5  rel. amplitude loss 0.10357  (9.6s)
  S iter   6  rel. amplitude loss 0.09728  (9.2s)
  S iter   7  rel. amplitude loss 0.09233  (8.6s)
  S iter   8  rel. amplitude loss 0.08838  (8.6s)
  S iter   9  rel. amplitude loss 0.08516  (9.6s)
  S iter  10  rel. amplitude loss 0.08250  (9.2s)
  S iter  11  rel. amplitude loss 0.08027  (9.1s)
  S iter  12  rel. amplitude loss 0.07838  (10.7s)
  S iter  13  rel. amplitude loss 0.07675  (8.9s)
  S iter  14  rel. amplitude loss 0.07534  (9.2s)
  S iter  15  rel. amplitude loss 0.07410  (9.3s)
  S iter  16  rel. amplitude loss 0.07300  (8.5s)
  S iter  17  rel. amplitude loss 0.07202  (8.8s)
  S iter  18  rel. amplitude loss 0.07114  (9.2s)
  S iter  19  rel. amplitude loss 0.07034  (8.7s)
  S iter  20  rel. amplitude loss 0.06961  (9.1s)
  S iter  21  rel. amplitude loss 0.06894  (8.4s)
  S iter  22  rel. amplitude loss 0.06832  (8.8s)
  S iter  23  rel. amplitude loss 0.06775  (9.0s)
  S iter  24  rel. amplitude loss 0.06722  (8.8s)
  S iter  25  rel. amplitude loss 0.06673  (9.0s)
  S iter  26  rel. amplitude loss 0.06626  (9.4s)
  S iter  27  rel. amplitude loss 0.06583  (9.2s)
  S iter  28  rel. amplitude loss 0.06541  (9.2s)
  S iter  29  rel. amplitude loss 0.06503  (9.1s)
  S iter  30  rel. amplitude loss 0.06301  (8.9s)
  S iter  31  rel. amplitude loss 0.06290  (9.0s)
  S iter  32  rel. amplitude loss 0.06280  (9.6s)
-> loss 0.06280, depth err 5.1 A, probe err [0.    0.578 0.47 ], S err 0.337 (z_out 0), runtime 291s, peak 1537 MB
== reduced_s2 config B variant joint seed 1: 32 S iterations
  S iter   1  rel. amplitude loss 0.15678  (10.0s)
  S iter   2  rel. amplitude loss 0.13699  (10.1s)
  S iter   3  rel. amplitude loss 0.12249  (9.5s)
  S iter   4  rel. amplitude loss 0.11172  (9.4s)
  S iter   5  rel. amplitude loss 0.10357  (10.1s)
  S iter   6  rel. amplitude loss 0.09728  (9.7s)
  S iter   7  rel. amplitude loss 0.09233  (9.2s)
  S iter   8  rel. amplitude loss 0.08838  (9.8s)
  probe update after S iter 8: loss 0.02829  dC [A] = [[ 0.   0.   0.   0.   0.   0.   0.   0. ] [ 4.7  4.7  4.7  0.   0.   0.   0.   0. ] [-4.7 -4.7 -4.7  0.   0.   0.   0.   0. ]]
  probe update after S iter 8: loss 0.02850  dC [A] = [[ 0.   0.   0.   0.   0.   0.   0.   0. ] [ 7.1  1.7  2.3  0.   0.   0.   0.   0. ] [-5.2 -1.5 -2.   0.   0.   0.   0.   0. ]]
  S iter   9  rel. amplitude loss 0.08505  (9.5s)
  S iter  10  rel. amplitude loss 0.08223  (9.5s)
  S iter  11  rel. amplitude loss 0.07988  (9.5s)
  probe update after S iter 11: loss 0.02574  dC [A] = [[ 0.   0.   0.   0.   0.   0.   0.   0. ] [ 8.  -0.9  0.2  0.   0.   0.   0.   0. ] [-4.6  1.5  0.4  0.   0.   0.   0.   0. ]]
  probe update after S iter 11: loss 0.02583  dC [A] = [[ 0.   0.   0.   0.   0.   0.   0.   0. ] [ 7.2 -1.2  0.1  0.   0.   0.   0.   0. ] [-3.6  1.9  0.5  0.   0.   0.   0.   0. ]]
  S iter  12  rel. amplitude loss 0.07825  (9.9s)
  S iter  13  rel. amplitude loss 0.07656  (10.0s)
  S iter  14  rel. amplitude loss 0.07510  (9.7s)
  probe update after S iter 14: loss 0.02421  dC [A] = [[ 0.   0.   0.   0.   0.   0.   0.   0. ] [ 6.8 -0.2  1.4  0.   0.   0.   0.   0. ] [-3.1  1.1 -0.6  0.   0.   0.   0.   0. ]]
  probe update after S iter 14: loss 0.02415  dC [A] = [[ 0.   0.   0.   0.   0.   0.   0.   0. ] [ 6.9  1.1  2.9  0.   0.   0.   0.   0. ] [-3.4 -0.2 -1.9  0.   0.   0.   0.   0. ]]
  S iter  15  rel. amplitude loss 0.07360  (9.2s)
  S iter  16  rel. amplitude loss 0.07245  (9.1s)
  S iter  17  rel. amplitude loss 0.07143  (9.7s)
  probe update after S iter 17: loss 0.02312  dC [A] = [[ 0.   0.   0.   0.   0.   0.   0.   0. ] [ 7.9  2.1  3.9  0.   0.   0.   0.   0. ] [-4.4 -1.4 -2.9  0.   0.   0.   0.   0. ]]
  probe update after S iter 17: loss 0.02316  dC [A] = [[ 0.   0.   0.   0.   0.   0.   0.   0. ] [ 9.   2.3  3.9  0.   0.   0.   0.   0. ] [-5.  -1.7 -2.9  0.   0.   0.   0.   0. ]]
  S iter  18  rel. amplitude loss 0.07061  (10.1s)
  S iter  19  rel. amplitude loss 0.06973  (12.0s)
  S iter  20  rel. amplitude loss 0.06893  (10.6s)
  probe update after S iter 20: loss 0.02241  dC [A] = [[ 0.   0.   0.   0.   0.   0.   0.   0. ] [ 9.9  2.1  3.4  0.   0.   0.   0.   0. ] [-5.3 -1.4 -2.5  0.   0.   0.   0.   0. ]]
  probe update after S iter 20: loss 0.02240  dC [A] = [[ 0.   0.   0.   0.   0.   0.   0.   0. ] [10.   1.6  2.8  0.   0.   0.   0.   0. ] [-4.9 -0.6 -1.9  0.   0.   0.   0.   0. ]]
  S iter  21  rel. amplitude loss 0.06817  (9.9s)
  S iter  22  rel. amplitude loss 0.06753  (10.3s)
  S iter  23  rel. amplitude loss 0.06693  (10.4s)
  probe update after S iter 23: loss 0.02182  dC [A] = [[ 0.   0.   0.   0.   0.   0.   0.   0. ] [ 9.9  1.2  2.7  0.   0.   0.   0.   0. ] [-4.4 -0.  -1.7  0.   0.   0.   0.   0. ]]
  probe update after S iter 23: loss 0.02183  dC [A] = [[ 0.   0.   0.   0.   0.   0.   0.   0. ] [ 9.7  1.3  3.2  0.   0.   0.   0.   0. ] [-4.2  0.1 -1.8  0.   0.   0.   0.   0. ]]
  S iter  24  rel. amplitude loss 0.06639  (10.4s)
  S iter  25  rel. amplitude loss 0.06588  (9.6s)
  S iter  26  rel. amplitude loss 0.06540  (10.1s)
  probe update after S iter 26: loss 0.02113  dC [A] = [[ 0.   0.   0.   0.   0.   0.   0.   0. ] [10.1  1.7  3.8  0.   0.   0.   0.   0. ] [-4.3 -0.2 -2.3  0.   0.   0.   0.   0. ]]
  probe update after S iter 26: loss 0.02113  dC [A] = [[ 0.   0.   0.   0.   0.   0.   0.   0. ] [10.6  2.1  4.1  0.   0.   0.   0.   0. ] [-4.5 -0.6 -2.6  0.   0.   0.   0.   0. ]]
  S iter  27  rel. amplitude loss 0.06493  (10.0s)
  S iter  28  rel. amplitude loss 0.06449  (10.8s)
  S iter  29  rel. amplitude loss 0.06408  (9.9s)
  probe update after S iter 29: loss 0.02099  dC [A] = [[ 0.   0.   0.   0.   0.   0.   0.   0. ] [11.1  2.3  4.2  0.   0.   0.   0.   0. ] [-4.9 -1.  -2.9  0.   0.   0.   0.   0. ]]
  probe update after S iter 29: loss 0.02099  dC [A] = [[ 0.   0.   0.   0.   0.   0.   0.   0. ] [11.3  2.1  4.   0.   0.   0.   0.   0. ] [-4.9 -1.1 -2.9  0.   0.   0.   0.   0. ]]
  S iter  30  rel. amplitude loss 0.06209  (9.3s)
  S iter  31  rel. amplitude loss 0.06198  (9.9s)
  S iter  32  rel. amplitude loss 0.06187  (10.2s)
-> loss 0.06187, depth err 5.1 A, probe err [0.    0.367 0.36 ], S err 0.334 (z_out 0), runtime 403s, peak 1537 MB
== reduced_s2 config B variant oracle seed 1: 32 S iterations
  S iter   1  rel. amplitude loss 0.15627  (9.9s)
  S iter   2  rel. amplitude loss 0.13574  (10.0s)
  S iter   3  rel. amplitude loss 0.12082  (10.6s)
  S iter   4  rel. amplitude loss 0.10981  (9.7s)
  S iter   5  rel. amplitude loss 0.10153  (9.7s)
  S iter   6  rel. amplitude loss 0.09517  (9.8s)
  S iter   7  rel. amplitude loss 0.09020  (9.7s)
  S iter   8  rel. amplitude loss 0.08624  (9.6s)
  S iter   9  rel. amplitude loss 0.08303  (10.6s)
  S iter  10  rel. amplitude loss 0.08039  (10.4s)
  S iter  11  rel. amplitude loss 0.07817  (10.2s)
  S iter  12  rel. amplitude loss 0.07630  (10.8s)
  S iter  13  rel. amplitude loss 0.07469  (9.8s)
  S iter  14  rel. amplitude loss 0.07329  (9.4s)
  S iter  15  rel. amplitude loss 0.07206  (10.5s)
  S iter  16  rel. amplitude loss 0.07097  (11.2s)
  S iter  17  rel. amplitude loss 0.07001  (11.1s)
  S iter  18  rel. amplitude loss 0.06913  (10.8s)
  S iter  19  rel. amplitude loss 0.06834  (10.4s)
  S iter  20  rel. amplitude loss 0.06762  (10.8s)
  S iter  21  rel. amplitude loss 0.06696  (10.8s)
  S iter  22  rel. amplitude loss 0.06636  (9.8s)
  S iter  23  rel. amplitude loss 0.06579  (9.5s)
  S iter  24  rel. amplitude loss 0.06527  (10.4s)
  S iter  25  rel. amplitude loss 0.06478  (10.2s)
  S iter  26  rel. amplitude loss 0.06433  (11.4s)
  S iter  27  rel. amplitude loss 0.06390  (10.2s)
  S iter  28  rel. amplitude loss 0.06349  (10.2s)
  S iter  29  rel. amplitude loss 0.06311  (10.6s)
  S iter  30  rel. amplitude loss 0.06116  (10.2s)
  S iter  31  rel. amplitude loss 0.06106  (9.9s)
  S iter  32  rel. amplitude loss 0.06096  (10.4s)
-> loss 0.06096, depth err 3.4 A, probe err [0. 0. 0.], S err 0.332 (z_out 0), runtime 329s, peak 1537 MB
