== reduced_s2 config B variant oracle seed 0: 32 S iterations
  S iter   1  rel. amplitude loss 0.05373  (11.7s)
  S iter   2  rel. amplitude loss 0.04736  (13.0s)
  S iter   3  rel. amplitude loss 0.04260  (11.9s)
  S iter   4  rel. amplitude loss 0.03901  (11.4s)
  S iter   5  rel. amplitude loss 0.03626  (11.9s)
  S iter   6  rel. amplitude loss 0.03412  (12.8s)
  S iter   7  rel. amplitude loss 0.03244  (12.5s)
  S iter   8  rel. amplitude loss 0.03111  (11.8s)
  S iter   9  rel. amplitude loss 0.03004  (11.6s)
  S iter  10  rel. amplitude loss 0.02916  (11.0s)
  S iter  11  rel. amplitude loss 0.02844  (11.6s)
  S iter  12  rel. amplitude loss 0.02784  (12.2s)
  S iter  13  rel. amplitude loss 0.02733  (12.0s)
  S iter  14  rel. amplitude loss 0.02690  (11.8s)
  S iter  15  rel. amplitude loss 0.02653  (11.0s)
  S iter  16  rel. amplitude loss 0.02621  (12.4s)
  S iter  17  rel. amplitude loss 0.02592  (11.8s)
  S iter  18  rel. amplitude loss 0.02568  (11.8s)
  S iter  19  rel. amplitude loss 0.02546  (11.2s)
  S iter  20  rel. amplitude loss 0.02526  (11.3s)
  S iter  21  rel. amplitude loss 0.02508  (11.1s)
  S iter  22  rel. amplitude loss 0.02492  (11.0s)
  S iter  23  rel. amplitude loss 0.02477  (11.6s)
  S iter  24  rel. amplitude loss 0.02464  (12.7s)
  S iter  25  rel. amplitude loss 0.02451  (12.1s)
  S iter  26  rel. amplitude loss 0.02440  (11.9s)
  S iter  27  rel. amplitude loss 0.02429  (12.4s)
  S iter  28  rel. amplitude loss 0.02419  (12.3s)
  S iter  29  rel. amplitude loss 0.02410  (12.1s)
  S iter  30  rel. amplitude loss 0.02397  (11.5s)
  S iter  31  rel. amplitude loss 0.02394  (11.6s)
  S iter  32  rel. amplitude loss 0.02392  (11.4s)
-> loss 0.02392, depth err 3.5 A, probe err [0. 0. 0.], S err 0.228 (z_out 0), runtime 380s, peak 1168 MB
== reduced_s2 config B variant joint seed 0: 32 S iterations
  S iter   1  rel. amplitude loss 0.05410  (13.1s)
  S iter   2  rel. amplitude loss 0.04831  (12.2s)
  S iter   3  rel. amplitude loss 0.04394  (12.2s)
  S iter   4  rel. amplitude loss 0.04060  (11.2s)
  S iter   5  rel. amplitude loss 0.03802  (10.9s)
  S iter   6  rel. amplitude loss 0.03600  (11.5s)
  S iter   7  rel. amplitude loss 0.03440  (12.5s)
  S iter   8  rel. amplitude loss 0.03313  (12.1s)
  probe update after S iter 8: loss 0.00283  dC [A] = [[ 0.   0.   0.   0.   0.   0.   0.   0. ] [ 4.7  4.7  4.7  0.   0.   0.   0.   0. ] [-4.7 -4.7 -4.7  0.   0.   0.   0.   0. ]]
  probe update after S iter 8: loss 0.00265  dC [A] = [[ 0.   0.   0.   0.   0.   0.   0.   0. ] [ 9.3  7.7  9.   0.   0.   0.   0.   0. ] [-9.3 -4.4 -8.9  0.   0.   0.   0.   0. ]]
  S iter   9  rel. amplitude loss 0.03124  (13.1s)
  S iter  10  rel. amplitude loss 0.03023  (13.6s)
  S iter  11  rel. amplitude loss 0.02941  (12.2s)
  probe update after S iter 11: loss 0.00185  dC [A] = [[  0.    0.    0.    0.    0.    0.    0.    0. ] [ 13.9   8.5  12.6   0.    0.    0.    0.    0. ] [-14.   -2.4 -12.4   0.    0.    0.    0.    0. ]]
  probe update after S iter 11: loss 0.00179  dC [A] = [[  0.    0.    0.    0.    0.    0.    0.    0. ] [ 18.2   7.7  14.5   0.    0.    0.    0.    0. ] [-18.3  -1.  -13.6   0.    0.    0.    0.    0. ]]
  S iter  12  rel. amplitude loss 0.02848  (12.7s)
  S iter  13  rel. amplitude loss 0.02784  (12.2s)
  S iter  14  rel. amplitude loss 0.02731  (12.1s)
  probe update after S iter 14: loss 0.00132  dC [A] = [[  0.    0.    0.    0.    0.    0.    0.    0. ] [ 22.2   6.5  14.8   0.    0.    0.    0.    0. ] [-22.1  -0.5 -13.5   0.    0.    0.    0.    0. ]]
  probe update after S iter 14: loss 0.00132  dC [A] = [[  0.    0.    0.    0.    0.    0.    0.    0. ] [ 25.4   5.8  14.    0.    0.    0.    0.    0. ] [-24.8  -1.  -12.5   0.    0.    0.    0.    0. ]]
  S iter  15  rel. amplitude loss 0.02695  (11.9s)
  S iter  16  rel. amplitude loss 0.02655  (11.4s)
  S iter  17  rel. amplitude loss 0.02622  (12.1s)
  probe update after S iter 17: loss 0.00108  dC [A] = [[  0.    0.    0.    0.    0.    0.    0.    0. ] [ 27.6   5.9  12.8   0.    0.    0.    0.    0. ] [-26.2  -2.1 -11.3   0.    0.    0.    0.    0. ]]
  probe update after S iter 17: loss 0.00110  dC [A] = [[  0.    0.    0.    0.    0.    0.    0.    0. ] [ 28.8   6.6  11.6   0.    0.    0.    0.    0. ] [-26.4  -2.9 -10.3   0.    0.    0.    0.    0. ]]
  S iter  18  rel. amplitude loss 0.02604  (11.4s)
  S iter  19  rel. amplitude loss 0.02578  (12.5s)
  S iter  20  rel. amplitude loss 0.02555  (13.2s)
  probe update after S iter 20: loss 0.00097  dC [A] = [[  0.    0.    0.    0.    0.    0.    0.    0. ] [ 29.1   7.3  10.8   0.    0.    0.    0.    0. ] [-25.6  -2.9 -10.    0.    0.    0.    0.    0. ]]
  probe update after S iter 20: loss 0.00097  dC [A] = [[  0.    0.    0.    0.    0.    0.    0.    0. ] [ 28.5   7.7  10.6   0.    0.    0.    0.    0. ] [-24.1  -2.3 -10.2   0.    0.    0.    0.    0. ]]
  S iter  21  rel. amplitude loss 0.02529  (12.4s)
  S iter  22  rel. amplitude loss 0.02511  (14.6s)
  S iter  23  rel. amplitude loss 0.02494  (13.5s)
  probe update after S iter 23: loss 0.00085  dC [A] = [[  0.    0.    0.    0.    0.    0.    0.    0. ] [ 27.4   7.7  11.    0.    0.    0.    0.    0. ] [-22.3  -1.7 -10.8   0.    0.    0.    0.    0. ]]
  probe update after S iter 23: loss 0.00083  dC [A] = [[  0.    0.    0.    0.    0.    0.    0.    0. ] [ 26.    7.5  11.8   0.    0.    0.    0.    0. ] [-20.3  -1.6 -11.5   0.    0.    0.    0.    0. ]]
  S iter  24  rel. amplitude loss 0.02469  (13.8s)
  S iter  25  rel. amplitude loss 0.02455  (13.5s)
  S iter  26  rel. amplitude loss 0.02443  (14.8s)
  probe update after S iter 26: loss 0.00073  dC [A] = [[  0.    0.    0.    0.    0.    0.    0.    0. ] [ 24.5   7.1  12.7   0.    0.    0.    0.    0. ] [-18.6  -1.9 -12.    0.    0.    0.    0.    0. ]]
  probe update after S iter 26: loss 0.00073  dC [A] = [[  0.    0.    0.    0.    0.    0.    0.    0. ] [ 23.1   6.9  13.3   0.    0.    0.    0.    0. ] [-17.2  -2.4 -12.2   0.    0.    0.    0.    0. ]]
  S iter  27  rel. amplitude loss 0.02432  (12.9s)
  S iter  28  rel. amplitude loss 0.02421  (12.2s)
  S iter  29  rel. amplitude loss 0.02411  (13.8s)
  probe update after S iter 29: loss 0.00069  dC [A] = [[  0.    0.    0.    0.    0.    0.    0.    0. ] [ 22.    6.9  13.7   0.    0.    0.    0.    0. ] [-16.2  -2.3 -12.    0.    0.    0.    0.    0. ]]
  probe update after S iter 29: loss 0.00070  dC [A] = [[  0.    0.    0.    0.    0.    0.    0.    0. ] [ 21.3   7.1  13.5   0.    0.    0.    0.    0. ] [-15.7  -1.8 -11.5   0.    0.    0.    0.    0. ]]
  S iter  30  rel. amplitude loss 0.02401  (13.9s)
  S iter  31  rel. amplitude loss 0.02398  (12.8s)
  S iter  32  rel. amplitude loss 0.02396  (12.9s)
-> loss 0.02396, depth err 3.4 A, probe err [0.    0.07  0.079], S err 0.229 (z_out 0), runtime 521s, peak 1538 MB
== reduced_s2 config B variant oracle seed 1: 32 S iterations
  S iter   1  rel. amplitude loss 0.05374  (12.2s)
  S iter   2  rel. amplitude loss 0.04737  (12.0s)
  S iter   3  rel. amplitude loss 0.04261  (12.3s)
  S iter   4  rel. amplitude loss 0.03901  (14.8s)
  S iter   5  rel. amplitude loss 0.03625  (13.3s)
  S iter   6  rel. amplitude loss 0.03412  (14.5s)
  S iter   7  rel. amplitude loss 0.03244  (13.0s)
  S iter   8  rel. amplitude loss 0.03111  (13.7s)
  S iter   9  rel. amplitude loss 0.03003  (13.8s)
  S iter  10  rel. amplitude loss 0.02915  (13.4s)
  S iter  11  rel. amplitude loss 0.02843  (14.0s)
  S iter  12  rel. amplitude loss 0.02783  (13.0s)
  S iter  13  rel. amplitude loss 0.02732  (12.9s)
  S iter  14  rel. amplitude loss 0.02689  (13.2s)
  S iter  15  rel. amplitude loss 0.02652  (14.2s)
  S iter  16  rel. amplitude loss 0.02620  (14.3s)
  S iter  17  rel. amplitude loss 0.02592  (14.3s)
  S iter  18  rel. amplitude loss 0.02567  (13.4s)
  S iter  19  rel. amplitude loss 0.02545  (13.3s)
  S iter  20  rel. amplitude loss 0.02525  (13.2s)
  S iter  21  rel. amplitude loss 0.02507  (12.1s)
  S iter  22  rel. amplitude loss 0.02491  (13.6s)
  S iter  23  rel. amplitude loss 0.02476  (13.9s)
  S iter  24  rel. amplitude loss 0.02463  (16.5s)
  S iter  25  rel. amplitude loss 0.02450  (14.7s)
  S iter  26  rel. amplitude loss 0.02439  (14.5s)
  S iter  27  rel. amplitude loss 0.02428  (14.9s)
  S iter  28  rel. amplitude loss 0.02418  (14.7s)
  S iter  29  rel. amplitude loss 0.02409  (13.5s)
  S iter  30  rel. amplitude loss 0.02396  (13.8s)
  S iter  31  rel. amplitude loss 0.02393  (13.3s)
  S iter  32  rel. amplitude loss 0.02391  (12.9s)
-> loss 0.02391, depth err 3.5 A, probe err [0. 0. 0.], S err 0.228 (z_out 0), runtime 437s, peak 1538 MB
== reduced_s2 config B variant joint seed 1: 32 S iterations
  S iter   1  rel. amplitude loss 0.05411  (12.5s)
  S iter   2  rel. amplitude loss 0.04832  (12.5s)
  S iter   3  rel. amplitude loss 0.04394  (12.6s)
  S iter   4  rel. amplitude loss 0.04060  (12.6s)
  S iter   5  rel. amplitude loss 0.03801  (12.7s)
  S iter   6  rel. amplitude loss 0.03599  (13.3s)
  S iter   7  rel. amplitude loss 0.03440  (12.7s)
  S iter   8  rel. amplitude loss 0.03312  (12.1s)
  probe update after S iter 8: loss 0.00281  dC [A] = [[ 0.   0.   0.   0.   0.   0.   0.   0. ] [ 4.7  4.7  4.7  0.   0.   0.   0.   0. ] [-4.7 -4.7 -4.7  0.   0.   0.   0.   0. ]]
  probe update after S iter 8: loss 0.00264  dC [A] = [[ 0.   0.   0.   0.   0.   0.   0.   0. ] [ 9.3  7.8  9.   0.   0.   0.   0.   0. ] [-9.3 -4.3 -8.9  0.   0.   0.   0.   0. ]]
  S iter   9  rel. amplitude loss 0.03124  (11.9s)
  S iter  10  rel. amplitude loss 0.03023  (12.1s)
  S iter  11  rel. amplitude loss 0.02940  (11.4s)
  probe update after S iter 11: loss 0.00181  dC [A] = [[  0.    0.    0.    0.    0.    0.    0.    0. ] [ 14.    8.4  12.7   0.    0.    0.    0.    0. ] [-14.   -2.5 -12.4   0.    0.    0.    0.    0. ]]
  probe update after S iter 11: loss 0.00175  dC [A] = [[  0.    0.    0.    0.    0.    0.    0.    0. ] [ 18.4   7.4  14.5   0.    0.    0.    0.    0. ] [-18.4  -1.2 -13.8   0.    0.    0.    0.    0. ]]
  S iter  12  rel. amplitude loss 0.02847  (13.3s)
  S iter  13  rel. amplitude loss 0.02783  (12.2s)
  S iter  14  rel. amplitude loss 0.02730  (13.8s)
  probe update after S iter 14: loss 0.00133  dC [A] = [[  0.    0.    0.    0.    0.    0.    0.    0. ] [ 22.4   6.2  14.7   0.    0.    0.    0.    0. ] [-22.2  -0.9 -13.8   0.    0.    0.    0.    0. ]]
  probe update after S iter 14: loss 0.00133  dC [A] = [[  0.    0.    0.    0.    0.    0.    0.    0. ] [ 25.6   5.6  13.7   0.    0.    0.    0.    0. ] [-25.   -1.5 -13.    0.    0.    0.    0.    0. ]]
  S iter  15  rel. amplitude loss 0.02695  (12.6s)
  S iter  16  rel. amplitude loss 0.02655  (13.4s)
  S iter  17  rel. amplitude loss 0.02622  (13.5s)
  probe update after S iter 17: loss 0.00110  dC [A] = [[  0.    0.    0.    0.    0.    0.    0.    0. ] [ 27.7   5.9  12.4   0.    0.    0.    0.    0. ] [-26.6  -2.6 -11.7   0.    0.    0.    0.    0. ]]
  probe update after S iter 17: loss 0.00112  dC [A] = [[  0.    0.    0.    0.    0.    0.    0.    0. ] [ 28.6   6.8  11.2   0.    0.    0.    0.    0. ] [-26.9  -3.1 -10.6   0.    0.    0.    0.    0. ]]
  S iter  18  rel. amplitude loss 0.02604  (13.4s)
  S iter  19  rel. amplitude loss 0.02578  (13.8s)
  S iter  20  rel. amplitude loss 0.02555  (13.1s)
  probe update after S iter 20: loss 0.00099  dC [A] = [[  0.    0.    0.    0.    0.    0.    0.    0. ] [ 28.6   7.5  10.5   0.    0.    0.    0.    0. ] [-26.2  -2.9 -10.1   0.    0.    0.    0.    0. ]]
  probe update after S iter 20: loss 0.00098  dC [A] = [[  0.    0.    0.    0.    0.    0.    0.    0. ] [ 27.9   7.7  10.4   0.    0.    0.    0.    0. ] [-24.8  -2.2 -10.3   0.    0.    0.    0.    0. ]]
  S iter  21  rel. amplitude loss 0.02528  (13.5s)
  S iter  22  rel. amplitude loss 0.02510  (14.1s)
  S iter  23  rel. amplitude loss 0.02494  (12.4s)
  probe update after S iter 23: loss 0.00083  dC [A] = [[  0.    0.    0.    0.    0.    0.    0.    0. ] [ 26.6   7.5  11.1   0.    0.    0.    0.    0. ] [-23.   -1.6 -10.9   0.    0.    0.    0.    0. ]]
  probe update after S iter 23: loss 0.00080  dC [A] = [[  0.    0.    0.    0.    0.    0.    0.    0. ] [ 25.    7.1  12.1   0.    0.    0.    0.    0. ] [-21.   -1.6 -11.7   0.    0.    0.    0.    0. ]]
  S iter  24  rel. amplitude loss 0.02468  (11.6s)
  S iter  25  rel. amplitude loss 0.02454  (11.8s)
  S iter  26  rel. amplitude loss 0.02442  (12.4s)
  probe update after S iter 26: loss 0.00073  dC [A] = [[  0.    0.    0.    0.    0.    0.    0.    0. ] [ 23.4   6.8  13.1   0.    0.    0.    0.    0. ] [-19.2  -1.7 -12.4   0.    0.    0.    0.    0. ]]
  probe update after S iter 26: loss 0.00073  dC [A] = [[  0.    0.    0.    0.    0.    0.    0.    0. ] [ 22.    6.8  13.7   0.    0.    0.    0.    0. ] [-17.6  -1.9 -12.7   0.    0.    0.    0.    0. ]]
  S iter  27  rel. amplitude loss 0.02432  (11.2s)
  S iter  28  rel. amplitude loss 0.02421  (10.9s)
  S iter  29  rel. amplitude loss 0.02411  (11.2s)
  probe update after S iter 29: loss 0.00071  dC [A] = [[  0.    0.    0.    0.    0.    0.    0.    0. ] [ 20.9   7.   13.8   0.    0.    0.    0.    0. ] [-16.6  -2.3 -12.5   0.    0.    0.    0.    0. ]]
  probe update after S iter 29: loss 0.00072  dC [A] = [[  0.    0.    0.    0.    0.    0.    0.    0. ] [ 20.3   7.3  13.5   0.    0.    0.    0.    0. ] [-16.   -2.6 -12.    0.    0.    0.    0.    0. ]]
  S iter  30  rel. amplitude loss 0.02402  (12.8s)
  S iter  31  rel. amplitude loss 0.02399  (13.8s)
  S iter  32  rel. amplitude loss 0.02396  (14.4s)
-> loss 0.02396, depth err 3.4 A, probe err [0.    0.087 0.074], S err 0.229 (z_out 0), runtime 522s, peak 1538 MB
