simulated reduced_s1/B in 14s
== reduced_s1 config B variant fixed seed 0: 32 S iterations
  S iter   1  rel. amplitude loss 0.05025  (42.6s)
  S iter   2  rel. amplitude loss 0.03868  (42.1s)
  S iter   3  rel. amplitude loss 0.03063  (42.9s)
  S iter   4  rel. amplitude loss 0.02502  (47.2s)
  S iter   5  rel. amplitude loss 0.02106  (42.4s)
  S iter   6  rel. amplitude loss 0.01822  (43.0s)
  S iter   7  rel. amplitude loss 0.01616  (42.0s)
  S iter   8  rel. amplitude loss 0.01462  (44.5s)
  S iter   9  rel. amplitude loss 0.01347  (42.0s)
  S iter  10  rel. amplitude loss 0.01257  (43.2s)
  S iter  11  rel. amplitude loss 0.01188  (44.7s)
  S iter  12  rel. amplitude loss 0.01132  (45.9s)
  S iter  13  rel. amplitude loss 0.01087  (45.3s)
  S iter  14  rel. amplitude loss 0.01050  (49.4s)
  S iter  15  rel. amplitude loss 0.01019  (47.0s)
  S iter  16  rel. amplitude loss 0.00993  (47.1s)
  S iter  17  rel. amplitude loss 0.00971  (46.0s)
  S iter  18  rel. amplitude loss 0.00952  (49.2s)
  S iter  19  rel. amplitude loss 0.00935  (46.4s)
  S iter  20  rel. amplitude loss 0.00920  (46.3s)
  S iter  21  rel. amplitude loss 0.00907  (45.9s)
  S iter  22  rel. amplitude loss 0.00896  (44.9s)
  S iter  23  rel. amplitude loss 0.00885  (45.7s)
  S iter  24  rel. amplitude loss 0.00875  (45.2s)
  S iter  25  rel. amplitude loss 0.00867  (45.6s)
  S iter  26  rel. amplitude loss 0.00859  (45.7s)
  S iter  27  rel. amplitude loss 0.00851  (44.4s)
  S iter  28  rel. amplitude loss 0.00844  (45.5s)
  S iter  29  rel. amplitude loss 0.00838  (45.7s)
  S iter  30  rel. amplitude loss 0.00824  (51.9s)
  S iter  31  rel. amplitude loss 0.00822  (55.0s)
  S iter  32  rel. amplitude loss 0.00820  (56.5s)
-> loss 0.00820, depth err 5.1 A, probe err [0.    0.578 0.47 ], S err 0.262 (z_out 0), runtime 1472s, peak 1360 MB
== reduced_s1 config B variant joint seed 0: 32 S iterations
  S iter   1  rel. amplitude loss 0.05025  (50.9s)
  S iter   2  rel. amplitude loss 0.03868  (49.7s)
  S iter   3  rel. amplitude loss 0.03063  (48.8s)
  S iter   4  rel. amplitude loss 0.02502  (51.3s)
  S iter   5  rel. amplitude loss 0.02106  (48.4s)
  S iter   6  rel. amplitude loss 0.01822  (47.0s)
  S iter   7  rel. amplitude loss 0.01616  (54.5s)
  S iter   8  rel. amplitude loss 0.01462  (50.2s)
  probe update after S iter 8: loss 0.00471  dC [A] = [[ 0.   0.   0.   0.   0.   0.   0.   0. ] [ 4.7  4.7  4.7  0.   0.   0.   0.   0. ] [-4.7 -4.7 -4.7  0.   0.   0.   0.   0. ]]
  probe update after S iter 8: loss 0.00453  dC [A] = [[ 0.   0.   0.   0.   0.   0.   0.   0. ] [ 9.3  7.2  8.9  0.   0.   0.   0.   0. ] [-9.3 -5.8 -8.7  0.   0.   0.   0.   0. ]]
  S iter   9  rel. amplitude loss 0.01260  (45.7s)
  S iter  10  rel. amplitude loss 0.01151  (46.0s)
  S iter  11  rel. amplitude loss 0.01067  (49.0s)
  probe update after S iter 11: loss 0.00346  dC [A] = [[  0.    0.    0.    0.    0.    0.    0.    0. ] [ 13.8   7.5  12.3   0.    0.    0.    0.    0. ] [-13.8  -4.6 -11.8   0.    0.    0.    0.    0. ]]
  probe update after S iter 11: loss 0.00341  dC [A] = [[  0.    0.    0.    0.    0.    0.    0.    0. ] [ 17.9   6.2  13.7   0.    0.    0.    0.    0. ] [-17.9  -2.6 -12.6   0.    0.    0.    0.    0. ]]
  S iter  12  rel. amplitude loss 0.00977  (47.8s)
  S iter  13  rel. amplitude loss 0.00914  (51.2s)
  S iter  14  rel. amplitude loss 0.00863  (47.8s)
  probe update after S iter 14: loss 0.00278  dC [A] = [[  0.    0.    0.    0.    0.    0.    0.    0. ] [ 21.7   4.7  13.7   0.    0.    0.    0.    0. ] [-21.4  -0.7 -12.1   0.    0.    0.    0.    0. ]]
  probe update after S iter 14: loss 0.00279  dC [A] = [[  0.    0.    0.    0.    0.    0.    0.    0. ] [ 24.4   3.6  12.7   0.    0.    0.    0.    0. ] [-23.9   0.2 -11.    0.    0.    0.    0.    0. ]]
  S iter  15  rel. amplitude loss 0.00833  (57.0s)
  S iter  16  rel. amplitude loss 0.00796  (53.0s)
  S iter  17  rel. amplitude loss 0.00764  (52.1s)
  probe update after S iter 17: loss 0.00249  dC [A] = [[  0.    0.    0.    0.    0.    0.    0.    0. ] [ 26.1   3.6  11.7   0.    0.    0.    0.    0. ] [-25.1  -0.2 -10.    0.    0.    0.    0.    0. ]]
  probe update after S iter 17: loss 0.00251  dC [A] = [[  0.    0.    0.    0.    0.    0.    0.    0. ] [ 26.7   4.5  10.9   0.    0.    0.    0.    0. ] [-25.1  -1.3  -9.6   0.    0.    0.    0.    0. ]]
  S iter  18  rel. amplitude loss 0.00745  (51.2s)
  S iter  19  rel. amplitude loss 0.00721  (50.1s)
  S iter  20  rel. amplitude loss 0.00700  (50.9s)
  probe update after S iter 20: loss 0.00230  dC [A] = [[  0.    0.    0.    0.    0.    0.    0.    0. ] [ 26.4   5.7  10.8   0.    0.    0.    0.    0. ] [-24.2  -2.6 -10.1   0.    0.    0.    0.    0. ]]
  probe update after S iter 20: loss 0.00229  dC [A] = [[  0.    0.    0.    0.    0.    0.    0.    0. ] [ 25.5   6.7  11.2   0.    0.    0.    0.    0. ] [-22.7  -3.4 -10.9   0.    0.    0.    0.    0. ]]
  S iter  21  rel. amplitude loss 0.00675  (47.0s)
  S iter  22  rel. amplitude loss 0.00659  (47.9s)
  S iter  23  rel. amplitude loss 0.00645  (50.0s)
  probe update after S iter 23: loss 0.00213  dC [A] = [[  0.    0.    0.    0.    0.    0.    0.    0. ] [ 24.3   7.2  11.9   0.    0.    0.    0.    0. ] [-21.   -3.5 -11.6   0.    0.    0.    0.    0. ]]
  probe update after S iter 23: loss 0.00212  dC [A] = [[  0.    0.    0.    0.    0.    0.    0.    0. ] [ 22.9   7.1  12.6   0.    0.    0.    0.    0. ] [-19.4  -3.1 -11.9   0.    0.    0.    0.    0. ]]
  S iter  24  rel. amplitude loss 0.00628  (47.3s)
  S iter  25  rel. amplitude loss 0.00618  (47.4s)
  S iter  26  rel. amplitude loss 0.00608  (44.8s)
  probe update after S iter 26: loss 0.00202  dC [A] = [[  0.    0.    0.    0.    0.    0.    0.    0. ] [ 21.8   6.6  13.1   0.    0.    0.    0.    0. ] [-18.   -2.4 -11.7   0.    0.    0.    0.    0. ]]
  probe update after S iter 26: loss 0.00202  dC [A] = [[  0.    0.    0.    0.    0.    0.    0.    0. ] [ 20.9   6.2  13.1   0.    0.    0.    0.    0. ] [-17.   -2.1 -11.2   0.    0.    0.    0.    0. ]]
  S iter  27  rel. amplitude loss 0.00603  (46.7s)
  S iter  28  rel. amplitude loss 0.00595  (48.6s)
  S iter  29  rel. amplitude loss 0.00587  (49.7s)
  probe update after S iter 29: loss 0.00194  dC [A] = [[  0.    0.    0.    0.    0.    0.    0.    0. ] [ 20.6   6.   12.8   0.    0.    0.    0.    0. ] [-16.6  -2.3 -10.7   0.    0.    0.    0.    0. ]]
  probe update after S iter 29: loss 0.00195  dC [A] = [[  0.    0.    0.    0.    0.    0.    0.    0. ] [ 20.7   6.3  12.5   0.    0.    0.    0.    0. ] [-16.7  -2.8 -10.4   0.    0.    0.    0.    0. ]]
  S iter  30  rel. amplitude loss 0.00577  (48.1s)
  S iter  31  rel. amplitude loss 0.00575  (49.0s)
  S iter  32  rel. amplitude loss 0.00573  (53.3s)
-> loss 0.00573, depth err 3.5 A, probe err [0.    0.082 0.073], S err 0.257 (z_out 0), runtime 2030s, peak 1691 MB
== reduced_s1 config B variant oracle seed 0: 32 S iterations
  S iter   1  rel. amplitude loss 0.04977  (46.9s)
  S iter   2  rel. amplitude loss 0.03744  (46.8s)
  S iter   3  rel. amplitude loss 0.02892  (47.3s)
  S iter   4  rel. amplitude loss 0.02301  (51.6s)
  S iter   5  rel. amplitude loss 0.01886  (52.3s)
  S iter   6  rel. amplitude loss 0.01591  (53.3s)
  S iter   7  rel. amplitude loss 0.01376  (50.4s)
  S iter   8  rel. amplitude loss 0.01217  (48.1s)
  S iter   9  rel. amplitude loss 0.01098  (48.9s)
  S iter  10  rel. amplitude loss 0.01006  (48.2s)
  S iter  11  rel. amplitude loss 0.00934  (48.6s)
  S iter  12  rel. amplitude loss 0.00877  (50.1s)
  S iter  13  rel. amplitude loss 0.00831  (46.8s)
  S iter  14  rel. amplitude loss 0.00793  (46.6s)
  S iter  15  rel. amplitude loss 0.00761  (47.6s)
  S iter  16  rel. amplitude loss 0.00735  (46.9s)
  S iter  17  rel. amplitude loss 0.00712  (51.4s)
  S iter  18  rel. amplitude loss 0.00692  (51.4s)
  S iter  19  rel. amplitude loss 0.00675  (50.4s)
  S iter  20  rel. amplitude loss 0.00659  (46.8s)
  S iter  21  rel. amplitude loss 0.00646  (47.2s)
  S iter  22  rel. amplitude loss 0.00634  (49.4s)
  S iter  23  rel. amplitude loss 0.00623  (47.2s)
  S iter  24  rel. amplitude loss 0.00613  (50.8s)
  S iter  25  rel. amplitude loss 0.00604  (47.6s)
  S iter  26  rel. amplitude loss 0.00596  (45.8s)
  S iter  27  rel. amplitude loss 0.00589  (46.6s)
  S iter  28  rel. amplitude loss 0.00582  (47.2s)
  S iter  29  rel. amplitude loss 0.00575  (49.0s)
  S iter  30  rel. amplitude loss 0.00565  (48.1s)
  S iter  31  rel. amplitude loss 0.00563  (47.4s)
  S iter  32  rel. amplitude loss 0.00561  (48.7s)
-> loss 0.00561, depth err 3.5 A, probe err [0. 0. 0.], S err 0.257 (z_out 0), runtime 1555s, peak 1691 MB
