simulated reduced_s2/A in 4s
== reduced_s2 config A variant fixed seed 0: 32 S iterations
  S iter   1  rel. amplitude loss 0.05277  (11.3s)
  S iter   2  rel. amplitude loss 0.03996  (10.8s)
  S iter   3  rel. amplitude loss 0.03095  (11.6s)
  S iter   4  rel. amplitude loss 0.02464  (10.5s)
  S iter   5  rel. amplitude loss 0.02016  (10.8s)
  S iter   6  rel. amplitude loss 0.01694  (11.2s)
  S iter   7  rel. amplitude loss 0.01458  (11.0s)
  S iter   8  rel. amplitude loss 0.01282  (10.4s)
  S iter   9  rel. amplitude loss 0.01149  (9.9s)
  S iter  10  rel. amplitude loss 0.01046  (10.6s)
  S iter  11  rel. amplitude loss 0.00965  (10.3s)
  S iter  12  rel. amplitude loss 0.00901  (11.2s)
  S iter  13  rel. amplitude loss 0.00849  (11.1s)
  S iter  14  rel. amplitude loss 0.00806  (10.8s)
  S iter  15  rel. amplitude loss 0.00770  (10.4s)
  S iter  16  rel. amplitude loss 0.00739  (9.5s)
  S iter  17  rel. amplitude loss 0.00713  (10.3s)
  S iter  18  rel. amplitude loss 0.00691  (10.1s)
  S iter  19  rel. amplitude loss 0.00671  (9.6s)
  S iter  20  rel. amplitude loss 0.00653  (10.0s)
  S iter  21  rel. amplitude loss 0.00638  (10.3s)
  S iter  22  rel. amplitude loss 0.00624  (10.2s)
  S iter  23  rel. amplitude loss 0.00612  (10.9s)
  S iter  24  rel. amplitude loss 0.00600  (9.8s)
  S iter  25  rel. amplitude loss 0.00590  (10.4s)
  S iter  26  rel. amplitude loss 0.00580  (9.9s)
  S iter  27  rel. amplitude loss 0.00572  (10.5s)
  S iter  28  rel. amplitude loss 0.00563  (10.3s)
  S iter  29  rel. amplitude loss 0.00556  (9.6s)
  S iter  30  rel. amplitude loss 0.00535  (10.0s)
  S iter  31  rel. amplitude loss 0.00533  (10.2s)
  S iter  32  rel. amplitude loss 0.00531  (10.2s)
-> loss 0.00531, depth err 3.5 A, probe err [0. 0. 0.], S err 0.259 (z_out 0), runtime 335s, peak 1168 MB
== reduced_s2 config A variant joint seed 0: 32 S iterations
  S iter   1  rel. amplitude loss 0.05277  (9.9s)
  S iter   2  rel. amplitude loss 0.03996  (10.2s)
  S iter   3  rel. amplitude loss 0.03095  (10.8s)
  S iter   4  rel. amplitude loss 0.02464  (10.8s)
  S iter   5  rel. amplitude loss 0.02016  (11.1s)
  S iter   6  rel. amplitude loss 0.01694  (11.2s)
  S iter   7  rel. amplitude loss 0.01458  (10.2s)
  S iter   8  rel. amplitude loss 0.01282  (10.5s)
  probe update after S iter 8: loss 0.00394  dC [A] = [[ 0.   0.   0.   0.   0.   0.   0.   0. ] [-4.7  4.7 -4.7  0.   0.   0.   0.   0. ] [-4.7 -4.7  4.7  0.   0.   0.   0.   0. ]]
  probe update after S iter 8: loss 0.00406  dC [A] = [[ 0.   0.   0.   0.   0.   0.   0.   0. ] [-1.5  1.4 -1.2  0.   0.   0.   0.   0. ] [-2.  -1.5  1.3  0.   0.   0.   0.   0. ]]
  S iter   9  rel. amplitude loss 0.01152  (10.6s)
  S iter  10  rel. amplitude loss 0.01049  (10.6s)
  S iter  11  rel. amplitude loss 0.00968  (11.3s)
  probe update after S iter 11: loss 0.00304  dC [A] = [[ 0.   0.   0.   0.   0.   0.   0.   0. ] [ 1.4 -1.6  2.1  0.   0.   0.   0.   0. ] [ 0.9  1.8 -2.1  0.   0.   0.   0.   0. ]]
  probe update after S iter 11: loss 0.00307  dC [A] = [[ 0.   0.   0.   0.   0.   0.   0.   0. ] [ 2.3 -2.6  3.4  0.   0.   0.   0.   0. ] [ 1.7  2.6 -3.1  0.   0.   0.   0.   0. ]]
  S iter  12  rel. amplitude loss 0.00921  (10.7s)
  S iter  13  rel. amplitude loss 0.00867  (10.4s)
  S iter  14  rel. amplitude loss 0.00822  (10.6s)
  probe update after S iter 14: loss 0.00258  dC [A] = [[ 0.   0.   0.   0.   0.   0.   0.   0. ] [ 1.9 -1.9  2.8  0.   0.   0.   0.   0. ] [ 1.2  2.1 -2.5  0.   0.   0.   0.   0. ]]
  probe update after S iter 14: loss 0.00256  dC [A] = [[ 0.   0.   0.   0.   0.   0.   0.   0. ] [ 0.7 -0.3  1.3  0.   0.   0.   0.   0. ] [ 0.1  0.9 -1.1  0.   0.   0.   0.   0. ]]
  S iter  15  rel. amplitude loss 0.00772  (10.8s)
  S iter  16  rel. amplitude loss 0.00741  (11.6s)
  S iter  17  rel. amplitude loss 0.00715  (10.1s)
  probe update after S iter 17: loss 0.00225  dC [A] = [[ 0.   0.   0.   0.   0.   0.   0.   0. ] [-0.5  1.1 -0.3  0.   0.   0.   0.   0. ] [-0.8 -0.5  0.6  0.   0.   0.   0.   0. ]]
  probe update after S iter 17: loss 0.00225  dC [A] = [[ 0.   0.   0.   0.   0.   0.   0.   0. ] [-1.3  2.  -1.4  0.   0.   0.   0.   0. ] [-1.1 -1.4  1.7  0.   0.   0.   0.   0. ]]
  S iter  18  rel. amplitude loss 0.00698  (9.6s)
  S iter  19  rel. amplitude loss 0.00678  (9.7s)
  S iter  20  rel. amplitude loss 0.00660  (10.5s)
  probe update after S iter 20: loss 0.00211  dC [A] = [[ 0.   0.   0.   0.   0.   0.   0.   0. ] [-1.6  2.  -1.8  0.   0.   0.   0.   0. ] [-0.7 -1.6  2.   0.   0.   0.   0.   0. ]]
  probe update after S iter 20: loss 0.00212  dC [A] = [[ 0.   0.   0.   0.   0.   0.   0.   0. ] [-1.4  1.4 -1.5  0.   0.   0.   0.   0. ] [ 0.  -1.1  1.5  0.   0.   0.   0.   0. ]]
  S iter  21  rel. amplitude loss 0.00642  (9.8s)
  S iter  22  rel. amplitude loss 0.00628  (10.1s)
  S iter  23  rel. amplitude loss 0.00615  (10.7s)
  probe update after S iter 23: loss 0.00199  dC [A] = [[ 0.   0.   0.   0.   0.   0.   0.   0. ] [-0.6  0.5 -0.6  0.   0.   0.   0.   0. ] [ 0.7 -0.5  0.6  0.   0.   0.   0.   0. ]]
  probe update after S iter 23: loss 0.00198  dC [A] = [[ 0.   0.   0.   0.   0.   0.   0.   0. ] [ 0.4 -0.2  0.4  0.   0.   0.   0.   0. ] [ 1.1  0.1 -0.3  0.   0.   0.   0.   0. ]]
  S iter  24  rel. amplitude loss 0.00602  (10.4s)
  S iter  25  rel. amplitude loss 0.00591  (11.4s)
  S iter  26  rel. amplitude loss 0.00582  (10.6s)
  probe update after S iter 26: loss 0.00185  dC [A] = [[ 0.   0.   0.   0.   0.   0.   0.   0. ] [ 1.1 -0.7  1.2  0.   0.   0.   0.   0. ] [ 0.9  0.3 -0.9  0.   0.   0.   0.   0. ]]
  probe update after S iter 26: loss 0.00185  dC [A] = [[ 0.   0.   0.   0.   0.   0.   0.   0. ] [ 1.3 -0.7  1.4  0.   0.   0.   0.   0. ] [ 0.3  0.2 -1.   0.   0.   0.   0.   0. ]]
  S iter  27  rel. amplitude loss 0.00574  (10.7s)
  S iter  28  rel. amplitude loss 0.00566  (11.7s)
  S iter  29  rel. amplitude loss 0.00558  (11.7s)
  probe update after S iter 29: loss 0.00180  dC [A] = [[ 0.   0.   0.   0.   0.   0.   0.   0. ] [ 0.8 -0.3  1.2  0.   0.   0.   0.   0. ] [-0.3 -0.1 -0.6  0.   0.   0.   0.   0. ]]
  probe update after S iter 29: loss 0.00179  dC [A] = [[ 0.   0.   0.   0.   0.   0.   0.   0. ] [ 0.2  0.2  0.7  0.   0.   0.   0.   0. ] [-0.5 -0.3 -0.   0.   0.   0.   0.   0. ]]
  S iter  30  rel. amplitude loss 0.00535  (12.2s)
  S iter  31  rel. amplitude loss 0.00533  (11.5s)
  S iter  32  rel. amplitude loss 0.00531  (11.9s)
-> loss 0.00531, depth err 3.5 A, probe err [0.    0.015 0.013], S err 0.259 (z_out 0), runtime 439s, peak 1537 MB
== reduced_s2 config A variant fixed seed 1: 32 S iterations
  S iter   1  rel. amplitude loss 0.05280  (10.5s)
  S iter   2  rel. amplitude loss 0.03999  (11.1s)
  S iter   3  rel. amplitude loss 0.03098  (10.5s)
  S iter   4  rel. amplitude loss 0.02467  (10.0s)
  S iter   5  rel. amplitude loss 0.02018  (10.7s)
  S iter   6  rel. amplitude loss 0.01695  (11.0s)
  S iter   7  rel. amplitude loss 0.01459  (10.1s)
  S iter   8  rel. amplitude loss 0.01283  (11.2s)
  S iter   9  rel. amplitude loss 0.01149  (10.3s)
  S iter  10  rel. amplitude loss 0.01046  (10.4s)
  S iter  11  rel. amplitude loss 0.00966  (11.1s)
  S iter  12  rel. amplitude loss 0.00901  (10.6s)
  S iter  13  rel. amplitude loss 0.00849  (11.1s)
  S iter  14  rel. amplitude loss 0.00805  (11.9s)
  S iter  15  rel. amplitude loss 0.00769  (11.6s)
  S iter  16  rel. amplitude loss 0.00739  (13.2s)
  S iter  17  rel. amplitude loss 0.00713  (12.7s)
  S iter  18  rel. amplitude loss 0.00690  (13.0s)
  S iter  19  rel. amplitude loss 0.00671  (11.6s)
  S iter  20  rel. amplitude loss 0.00653  (13.0s)
  S iter  21  rel. amplitude loss 0.00638  (11.2s)
  S iter  22  rel. amplitude loss 0.00624  (11.0s)
  S iter  23  rel. amplitude loss 0.00611  (10.5s)
  S iter  24  rel. amplitude loss 0.00600  (10.7s)
  S iter  25  rel. amplitude loss 0.00590  (10.7s)
  S iter  26  rel. amplitude loss 0.00580  (11.0s)
  S iter  27  rel. amplitude loss 0.00571  (11.5s)
  S iter  28  rel. amplitude loss 0.00563  (10.6s)
  S iter  29  rel. amplitude loss 0.00556  (10.5s)
  S iter  30  rel. amplitude loss 0.00535  (11.4s)
  S iter  31  rel. amplitude loss 0.00532  (13.0s)
  S iter  32  rel. amplitude loss 0.00530  (11.5s)
-> loss 0.00530, depth err 3.5 A, probe err [0. 0. 0.], S err 0.259 (z_out 0), runtime 359s, peak 1537 MB
== reduced_s2 config A variant joint seed 1: 32 S iterations
  S iter   1  rel. amplitude loss 0.05280  (11.6s)
  S iter   2  rel. amplitude loss 0.03999  (11.1s)
  S iter   3  rel. amplitude loss 0.03098  (10.4s)
  S iter   4  rel. amplitude loss 0.02467  (10.4s)
  S iter   5  rel. amplitude loss 0.02018  (10.9s)
  S iter   6  rel. amplitude loss 0.01695  (10.8s)
  S iter   7  rel. amplitude loss 0.01459  (11.0s)
  S iter   8  rel. amplitude loss 0.01283  (11.0s)
  probe update after S iter 8: loss 0.00394  dC [A] = [[ 0.   0.   0.   0.   0.   0.   0.   0. ] [-4.7  4.7  4.7  0.   0.   0.   0.   0. ] [-4.7 -4.7  4.7  0.   0.   0.   0.   0. ]]
  probe update after S iter 8: loss 0.00406  dC [A] = [[ 0.   0.   0.   0.   0.   0.   0.   0. ] [-1.6  1.3  1.3  0.   0.   0.   0.   0. ] [-1.4 -1.4  1.3  0.   0.   0.   0.   0. ]]
  S iter   9  rel. amplitude loss 0.01151  (12.4s)
  S iter  10  rel. amplitude loss 0.01048  (10.6s)
  S iter  11  rel. amplitude loss 0.00967  (11.1s)
  probe update after S iter 11: loss 0.00301  dC [A] = [[ 0.   0.   0.   0.   0.   0.   0.   0. ] [ 1.3 -1.9 -1.9  0.   0.   0.   0.   0. ] [ 1.5  1.8 -1.7  0.   0.   0.   0.   0. ]]
  probe update after S iter 11: loss 0.00305  dC [A] = [[ 0.   0.   0.   0.   0.   0.   0.   0. ] [ 2.2 -2.7 -2.7  0.   0.   0.   0.   0. ] [ 2.   2.7 -2.4  0.   0.   0.   0.   0. ]]
  S iter  12  rel. amplitude loss 0.00919  (10.3s)
  S iter  13  rel. amplitude loss 0.00865  (10.4s)
  S iter  14  rel. amplitude loss 0.00820  (10.3s)
  probe update after S iter 14: loss 0.00259  dC [A] = [[ 0.   0.   0.   0.   0.   0.   0.   0. ] [ 1.9 -1.8 -2.2  0.   0.   0.   0.   0. ] [ 1.4  2.1 -2.   0.   0.   0.   0.   0. ]]
  probe update after S iter 14: loss 0.00257  dC [A] = [[ 0.   0.   0.   0.   0.   0.   0.   0. ] [ 0.8 -0.2 -0.9  0.   0.   0.   0.   0. ] [ 0.2  0.8 -0.9  0.   0.   0.   0.   0. ]]
  S iter  15  rel. amplitude loss 0.00771  (10.6s)
  S iter  16  rel. amplitude loss 0.00740  (11.3s)
  S iter  17  rel. amplitude loss 0.00714  (10.8s)
  probe update after S iter 17: loss 0.00227  dC [A] = [[ 0.   0.   0.   0.   0.   0.   0.   0. ] [-0.6  1.3  0.3  0.   0.   0.   0.   0. ] [-0.9 -0.6  0.2  0.   0.   0.   0.   0. ]]
  probe update after S iter 17: loss 0.00228  dC [A] = [[ 0.   0.   0.   0.   0.   0.   0.   0. ] [-1.5  2.1  1.   0.   0.   0.   0.   0. ] [-1.4 -1.5  0.8  0.   0.   0.   0.   0. ]]
  S iter  18  rel. amplitude loss 0.00697  (11.4s)
  S iter  19  rel. amplitude loss 0.00677  (12.1s)
  S iter  20  rel. amplitude loss 0.00659  (11.0s)
  probe update after S iter 20: loss 0.00213  dC [A] = [[ 0.   0.   0.   0.   0.   0.   0.   0. ] [-1.8  2.   1.1  0.   0.   0.   0.   0. ] [-1.3 -1.5  0.9  0.   0.   0.   0.   0. ]]
  probe update after S iter 20: loss 0.00213  dC [A] = [[ 0.   0.   0.   0.   0.   0.   0.   0. ] [-1.3  1.3  0.7  0.   0.   0.   0.   0. ] [-0.7 -1.   0.4  0.   0.   0.   0.   0. ]]
  S iter  21  rel. amplitude loss 0.00640  (11.4s)
  S iter  22  rel. amplitude loss 0.00626  (10.8s)
  S iter  23  rel. amplitude loss 0.00613  (10.9s)
  probe update after S iter 23: loss 0.00197  dC [A] = [[ 0.   0.   0.   0.   0.   0.   0.   0. ] [-0.4  0.3  0.   0.   0.   0.   0.   0. ] [ 0.1 -0.3 -0.1  0.   0.   0.   0.   0. ]]
  probe update after S iter 23: loss 0.00196  dC [A] = [[ 0.   0.   0.   0.   0.   0.   0.   0. ] [ 0.5 -0.6 -0.4  0.   0.   0.   0.   0. ] [ 0.7  0.3 -0.4  0.   0.   0.   0.   0. ]]
  S iter  24  rel. amplitude loss 0.00602  (10.8s)
  S iter  25  rel. amplitude loss 0.00591  (11.4s)
  S iter  26  rel. amplitude loss 0.00581  (10.1s)
  probe update after S iter 26: loss 0.00184  dC [A] = [[ 0.   0.   0.   0.   0.   0.   0.   0. ] [ 1.  -0.9 -0.7  0.   0.   0.   0.   0. ] [ 1.   0.6 -0.5  0.   0.   0.   0.   0. ]]
  probe update after S iter 26: loss 0.00184  dC [A] = [[ 0.   0.   0.   0.   0.   0.   0.   0. ] [ 0.8 -0.7 -0.5  0.   0.   0.   0.   0. ] [ 0.8  0.5 -0.4  0.   0.   0.   0.   0. ]]
  S iter  27  rel. amplitude loss 0.00573  (10.8s)
  S iter  28  rel. amplitude loss 0.00564  (10.2s)
  S iter  29  rel. amplitude loss 0.00557  (10.2s)
  probe update after S iter 29: loss 0.00182  dC [A] = [[ 0.   0.   0.   0.   0.   0.   0.   0. ] [ 0.3 -0.1 -0.2  0.   0.   0.   0.   0. ] [ 0.5  0.2 -0.2  0.   0.   0.   0.   0. ]]
  probe update after S iter 29: loss 0.00182  dC [A] = [[ 0.   0.   0.   0.   0.   0.   0.   0. ] [-0.1  0.5  0.2  0.   0.   0.   0.   0. ] [ 0.1 -0.3 -0.   0.   0.   0.   0.   0. ]]
  S iter  30  rel. amplitude loss 0.00535  (10.1s)
  S iter  31  rel. amplitude loss 0.00533  (10.6s)
  S iter  32  rel. amplitude loss 0.00531  (10.6s)
-> loss 0.00531, depth err 3.5 A, probe err [0.    0.017 0.012], S err 0.259 (z_out 0), runtime 446s, peak 1538 MB
== reduced_s2 config A variant fixed seed 2: 32 S iterations
  S iter   1  rel. amplitude loss 0.05280  (10.6s)
  S iter   2  rel. amplitude loss 0.03997  (10.8s)
  S iter   3  rel. amplitude loss 0.03095  (11.1s)
  S iter   4  rel. amplitude loss 0.02464  (11.9s)
  S iter   5  rel. amplitude loss 0.02016  (10.9s)
  S iter   6  rel. amplitude loss 0.01693  (12.8s)
  S iter   7  rel. amplitude loss 0.01457  (12.3s)
  S iter   8  rel. amplitude loss 0.01281  (12.3s)
  S iter   9  rel. amplitude loss 0.01148  (11.3s)
  S iter  10  rel. amplitude loss 0.01046  (11.0s)
  S iter  11  rel. amplitude loss 0.00965  (10.7s)
  S iter  12  rel. amplitude loss 0.00900  (11.5s)
  S iter  13  rel. amplitude loss 0.00848  (10.3s)
  S iter  14  rel. amplitude loss 0.00805  (10.4s)
  S iter  15  rel. amplitude loss 0.00769  (10.3s)
  S iter  16  rel. amplitude loss 0.00739  (10.4s)
  S iter  17  rel. amplitude loss 0.00713  (11.4s)
  S iter  18  rel. amplitude loss 0.00690  (10.8s)
  S iter  19  rel. amplitude loss 0.00671  (10.3s)
  S iter  20  rel. amplitude loss 0.00653  (11.1s)
  S iter  21  rel. amplitude loss 0.00638  (10.7s)
  S iter  22  rel. amplitude loss 0.00624  (10.9s)
  S iter  23  rel. amplitude loss 0.00612  (10.8s)
  S iter  24  rel. amplitude loss 0.00600  (10.6s)
  S iter  25  rel. amplitude loss 0.00590  (10.4s)
  S iter  26  rel. amplitude loss 0.00580  (10.4s)
  S iter  27  rel. amplitude loss 0.00572  (10.6s)
  S iter  28  rel. amplitude loss 0.00563  (11.0s)
  S iter  29  rel. amplitude loss 0.00556  (10.2s)
  S iter  30  rel. amplitude loss 0.00535  (11.2s)
  S iter  31  rel. amplitude loss 0.00533  (10.8s)
  S iter  32  rel. amplitude loss 0.00531  (10.6s)
-> loss 0.00531, depth err 3.5 A, probe err [0. 0. 0.], S err 0.259 (z_out 0), runtime 350s, peak 1538 MB
== reduced_s2 config A variant joint seed 2: 32 S iterations
  S iter   1  rel. amplitude loss 0.05280  (11.4s)
  S iter   2  rel. amplitude loss 0.03997  (10.8s)
  S iter   3  rel. amplitude loss 0.03095  (11.5s)
  S iter   4  rel. amplitude loss 0.02464  (12.4s)
  S iter   5  rel. amplitude loss 0.02016  (11.1s)
  S iter   6  rel. amplitude loss 0.01693  (11.1s)
  S iter   7  rel. amplitude loss 0.01457  (11.5s)
  S iter   8  rel. amplitude loss 0.01281  (12.0s)
  probe update after S iter 8: loss 0.00388  dC [A] = [[ 0.   0.   0.   0.   0.   0.   0.   0. ] [-4.7  4.7  3.7  0.   0.   0.   0.   0. ] [-4.7 -4.7  4.7  0.   0.   0.   0.   0. ]]
  probe update after S iter 8: loss 0.00398  dC [A] = [[ 0.   0.   0.   0.   0.   0.   0.   0. ] [-1.9  1.4  0.2  0.   0.   0.   0.   0. ] [-1.8 -1.4  1.4  0.   0.   0.   0.   0. ]]
  S iter   9  rel. amplitude loss 0.01150  (13.3s)
  S iter  10  rel. amplitude loss 0.01047  (11.3s)
  S iter  11  rel. amplitude loss 0.00967  (11.8s)
  probe update after S iter 11: loss 0.00303  dC [A] = [[ 0.   0.   0.   0.   0.   0.   0.   0. ] [ 1.  -1.7 -2.6  0.   0.   0.   0.   0. ] [ 1.   1.9 -1.8  0.   0.   0.   0.   0. ]]
  probe update after S iter 11: loss 0.00306  dC [A] = [[ 0.   0.   0.   0.   0.   0.   0.   0. ] [ 1.8 -2.7 -2.7  0.   0.   0.   0.   0. ] [ 1.2  2.7 -2.4  0.   0.   0.   0.   0. ]]
  S iter  12  rel. amplitude loss 0.00917  (11.0s)
  S iter  13  rel. amplitude loss 0.00863  (10.9s)
  S iter  14  rel. amplitude loss 0.00818  (11.7s)
  probe update after S iter 14: loss 0.00261  dC [A] = [[ 0.   0.   0.   0.   0.   0.   0.   0. ] [ 1.7 -2.2 -1.7  0.   0.   0.   0.   0. ] [ 0.4  1.9 -1.7  0.   0.   0.   0.   0. ]]
  probe update after S iter 14: loss 0.00259  dC [A] = [[ 0.   0.   0.   0.   0.   0.   0.   0. ] [ 0.8 -0.9 -0.4  0.   0.   0.   0.   0. ] [-0.8  0.3 -0.4  0.   0.   0.   0.   0. ]]
  S iter  15  rel. amplitude loss 0.00771  (11.4s)
  S iter  16  rel. amplitude loss 0.00740  (10.6s)
  S iter  17  rel. amplitude loss 0.00714  (10.5s)
  probe update after S iter 17: loss 0.00228  dC [A] = [[ 0.   0.   0.   0.   0.   0.   0.   0. ] [-0.4  0.6  0.7  0.   0.   0.   0.   0. ] [-1.5 -1.   0.7  0.   0.   0.   0.   0. ]]
  probe update after S iter 17: loss 0.00229  dC [A] = [[ 0.   0.   0.   0.   0.   0.   0.   0. ] [-1.4  1.5  1.1  0.   0.   0.   0.   0. ] [-1.2 -1.6  1.1  0.   0.   0.   0.   0. ]]
  S iter  18  rel. amplitude loss 0.00696  (12.1s)
  S iter  19  rel. amplitude loss 0.00676  (10.9s)
  S iter  20  rel. amplitude loss 0.00658  (10.8s)
  probe update after S iter 20: loss 0.00216  dC [A] = [[ 0.   0.   0.   0.   0.   0.   0.   0. ] [-1.7  1.7  0.8  0.   0.   0.   0.   0. ] [-0.2 -1.4  0.9  0.   0.   0.   0.   0. ]]
  probe update after S iter 20: loss 0.00216  dC [A] = [[ 0.   0.   0.   0.   0.   0.   0.   0. ] [-1.4  1.2  0.2  0.   0.   0.   0.   0. ] [ 0.8 -0.7  0.2  0.   0.   0.   0.   0. ]]
  S iter  21  rel. amplitude loss 0.00640  (11.0s)
  S iter  22  rel. amplitude loss 0.00626  (11.3s)
  S iter  23  rel. amplitude loss 0.00613  (11.0s)
  probe update after S iter 23: loss 0.00197  dC [A] = [[ 0.   0.   0.   0.   0.   0.   0.   0. ] [-0.5  0.4 -0.5  0.   0.   0.   0.   0. ] [ 1.4  0.  -0.5  0.   0.   0.   0.   0. ]]
  probe update after S iter 23: loss 0.00197  dC [A] = [[ 0.   0.   0.   0.   0.   0.   0.   0. ] [ 0.5 -0.3 -0.8  0.   0.   0.   0.   0. ] [ 1.3  0.4 -0.9  0.   0.   0.   0.   0. ]]
  S iter  24  rel. amplitude loss 0.00603  (11.0s)
  S iter  25  rel. amplitude loss 0.00592  (10.9s)
  S iter  26  rel. amplitude loss 0.00582  (10.9s)
  probe update after S iter 26: loss 0.00188  dC [A] = [[ 0.   0.   0.   0.   0.   0.   0.   0. ] [ 0.9 -0.7 -0.7  0.   0.   0.   0.   0. ] [ 0.7  0.5 -0.9  0.   0.   0.   0.   0. ]]
  probe update after S iter 26: loss 0.00188  dC [A] = [[ 0.   0.   0.   0.   0.   0.   0.   0. ] [ 0.6 -0.7 -0.4  0.   0.   0.   0.   0. ] [-0.1  0.4 -0.4  0.   0.   0.   0.   0. ]]
  S iter  27  rel. amplitude loss 0.00573  (10.8s)
  S iter  28  rel. amplitude loss 0.00564  (11.0s)
  S iter  29  rel. amplitude loss 0.00557  (12.0s)
  probe update after S iter 29: loss 0.00179  dC [A] = [[ 0.   0.   0.   0.   0.   0.   0.   0. ] [ 0.2 -0.3 -0.   0.   0.   0.   0.   0. ] [-0.7  0.   0.2  0.   0.   0.   0.   0. ]]
  probe update after S iter 29: loss 0.00179  dC [A] = [[ 0.   0.   0.   0.   0.   0.   0.   0. ] [-0.2  0.2  0.1  0.   0.   0.   0.   0. ] [-0.9 -0.2  0.5  0.   0.   0.   0.   0. ]]
  S iter  30  rel. amplitude loss 0.00536  (12.6s)
  S iter  31  rel. amplitude loss 0.00534  (12.3s)
  S iter  32  rel. amplitude loss 0.00532  (11.0s)
-> loss 0.00532, depth err 3.5 A, probe err [0.    0.009 0.021], S err 0.259 (z_out 0), runtime 461s, peak 1538 MB
