== reduced_s2 config B variant fixed seed 0: 32 S iterations
  S iter   1  rel. amplitude loss 0.05126  (8.2s)
  S iter   2  rel. amplitude loss 0.03924  (8.2s)
  S iter   3  rel. amplitude loss 0.03082  (8.7s)
  S iter   4  rel. amplitude loss 0.02494  (8.6s)
  S iter   5  rel. amplitude loss 0.02079  (8.0s)
  S iter   6  rel. amplitude loss 0.01781  (7.9s)
  S iter   7  rel. amplitude loss 0.01564  (8.4s)
  S iter   8  rel. amplitude loss 0.01404  (8.4s)
  S iter   9  rel. amplitude loss 0.01282  (8.2s)
  S iter  10  rel. amplitude loss 0.01188  (8.1s)
  S iter  11  rel. amplitude loss 0.01115  (8.4s)
  S iter  12  rel. amplitude loss 0.01056  (8.3s)
  S iter  13  rel. amplitude loss 0.01009  (8.1s)
  S iter  14  rel. amplitude loss 0.00970  (8.0s)
  S iter  15  rel. amplitude loss 0.00937  (8.6s)
  S iter  16  rel. amplitude loss 0.00909  (8.1s)
  S iter  17  rel. amplitude loss 0.00886  (8.1s)
  S iter  18  rel. amplitude loss 0.00865  (8.3s)
  S iter  19  rel. amplitude loss 0.00847  (8.1s)
  S iter  20  rel. amplitude loss 0.00831  (8.1s)
  S iter  21  rel. amplitude loss 0.00817  (8.2s)
  S iter  22  rel. amplitude loss 0.00804  (8.2s)
  S iter  23  rel. amplitude loss 0.00792  (8.1s)
  S iter  24  rel. amplitude loss 0.00782  (8.4s)
  S iter  25  rel. amplitude loss 0.00772  (8.5s)
  S iter  26  rel. amplitude loss 0.00763  (45.2s)
  S iter  27  rel. amplitude loss 0.00755  (62.5s)
  S iter  28  rel. amplitude loss 0.00747  (64.4s)
  S iter  29  rel. amplitude loss 0.00740  (63.3s)
  S iter  30  rel. amplitude loss 0.00713  (18.3s)
  S iter  31  rel. amplitude loss 0.00711  (10.6s)
  S iter  32  rel. amplitude loss 0.00709  (8.7s)
-> loss 0.00709, depth err 5.1 A, probe err [0.    0.578 0.47 ], S err 0.264 (z_out 0), runtime 480s, peak 1167 MB
== reduced_s2 config B variant joint seed 0: 32 S iterations
  S iter   1  rel. amplitude loss 0.05126  (8.5s)
  S iter   2  rel. amplitude loss 0.03924  (8.4s)
  S iter   3  rel. amplitude loss 0.03082  (8.8s)
  S iter   4  rel. amplitude loss 0.02494  (8.6s)
  S iter   5  rel. amplitude loss 0.02079  (8.8s)
  S iter   6  rel. amplitude loss 0.01781  (9.8s)
  S iter   7  rel. amplitude loss 0.01564  (9.6s)
  S iter   8  rel. amplitude loss 0.01404  (8.4s)
  probe update after S iter 8: loss 0.00438  dC [A] = [[ 0.   0.   0.   0.   0.   0.   0.   0. ] [ 4.7  4.7  4.7  0.   0.   0.   0.   0. ] [-4.7 -4.7 -4.7  0.   0.   0.   0.   0. ]]
  probe update after S iter 8: loss 0.00422  dC [A] = [[ 0.   0.   0.   0.   0.   0.   0.   0. ] [ 9.2  5.2  8.6  0.   0.   0.   0.   0. ] [-9.1 -4.3 -8.1  0.   0.   0.   0.   0. ]]
  S iter   9  rel. amplitude loss 0.01211  (8.4s)
  S iter  10  rel. amplitude loss 0.01098  (8.3s)
  S iter  11  rel. amplitude loss 0.01010  (8.4s)
  probe update after S iter 11: loss 0.00316  dC [A] = [[  0.    0.    0.    0.    0.    0.    0.    0. ] [ 13.4   4.2  11.5   0.    0.    0.    0.    0. ] [-13.4  -2.2 -10.2   0.    0.    0.    0.    0. ]]
  probe update after S iter 11: loss 0.00313  dC [A] = [[  0.    0.    0.    0.    0.    0.    0.    0. ] [ 17.    2.5  12.4   0.    0.    0.    0.    0. ] [-16.9   0.1 -10.1   0.    0.    0.    0.    0. ]]
  S iter  12  rel. amplitude loss 0.00927  (8.5s)
  S iter  13  rel. amplitude loss 0.00862  (8.6s)
  S iter  14  rel. amplitude loss 0.00810  (9.3s)
  probe update after S iter 14: loss 0.00254  dC [A] = [[  0.    0.    0.    0.    0.    0.    0.    0. ] [ 20.1   1.5  12.1   0.    0.    0.    0.    0. ] [-19.6   1.7  -9.4   0.    0.    0.    0.    0. ]]
  probe update after S iter 14: loss 0.00256  dC [A] = [[  0.    0.    0.    0.    0.    0.    0.    0. ] [ 22.1   1.4  11.2   0.    0.    0.    0.    0. ] [-21.1   2.   -8.8   0.    0.    0.    0.    0. ]]
  S iter  15  rel. amplitude loss 0.00779  (8.9s)
  S iter  16  rel. amplitude loss 0.00741  (8.2s)
  S iter  17  rel. amplitude loss 0.00708  (8.6s)
  probe update after S iter 17: loss 0.00222  dC [A] = [[  0.    0.    0.    0.    0.    0.    0.    0. ] [ 23.2   2.1  10.5   0.    0.    0.    0.    0. ] [-21.5   1.2  -8.8   0.    0.    0.    0.    0. ]]
  probe update after S iter 17: loss 0.00222  dC [A] = [[  0.    0.    0.    0.    0.    0.    0.    0. ] [ 23.4   3.   10.3   0.    0.    0.    0.    0. ] [-20.9  -0.1  -9.4   0.    0.    0.    0.    0. ]]
  S iter  18  rel. amplitude loss 0.00679  (8.0s)
  S iter  19  rel. amplitude loss 0.00654  (8.2s)
  S iter  20  rel. amplitude loss 0.00632  (8.4s)
  probe update after S iter 20: loss 0.00202  dC [A] = [[  0.    0.    0.    0.    0.    0.    0.    0. ] [ 23.    4.   10.7   0.    0.    0.    0.    0. ] [-19.8  -1.5 -10.2   0.    0.    0.    0.    0. ]]
  probe update after S iter 20: loss 0.00201  dC [A] = [[  0.    0.    0.    0.    0.    0.    0.    0. ] [ 22.1   4.6  11.3   0.    0.    0.    0.    0. ] [-18.3  -2.3 -10.6   0.    0.    0.    0.    0. ]]
  S iter  21  rel. amplitude loss 0.00609  (8.3s)
  S iter  22  rel. amplitude loss 0.00592  (8.5s)
  S iter  23  rel. amplitude loss 0.00576  (8.5s)
  probe update after S iter 23: loss 0.00188  dC [A] = [[  0.    0.    0.    0.    0.    0.    0.    0. ] [ 21.2   4.7  12.1   0.    0.    0.    0.    0. ] [-16.9  -2.5 -10.6   0.    0.    0.    0.    0. ]]
  probe update after S iter 23: loss 0.00187  dC [A] = [[  0.    0.    0.    0.    0.    0.    0.    0. ] [ 20.3   4.5  12.6   0.    0.    0.    0.    0. ] [-15.6  -2.2 -10.1   0.    0.    0.    0.    0. ]]
  S iter  24  rel. amplitude loss 0.00564  (8.7s)
  S iter  25  rel. amplitude loss 0.00552  (8.2s)
  S iter  26  rel. amplitude loss 0.00541  (8.2s)
  probe update after S iter 26: loss 0.00172  dC [A] = [[  0.    0.    0.    0.    0.    0.    0.    0. ] [ 19.7   4.3  12.8   0.    0.    0.    0.    0. ] [-15.   -1.8  -9.6   0.    0.    0.    0.    0. ]]
  probe update after S iter 26: loss 0.00173  dC [A] = [[  0.    0.    0.    0.    0.    0.    0.    0. ] [ 19.6   4.3  12.5   0.    0.    0.    0.    0. ] [-14.9  -1.6  -9.3   0.    0.    0.    0.    0. ]]
  S iter  27  rel. amplitude loss 0.00534  (8.6s)
  S iter  28  rel. amplitude loss 0.00525  (8.3s)
  S iter  29  rel. amplitude loss 0.00517  (8.5s)
  probe update after S iter 29: loss 0.00167  dC [A] = [[  0.    0.    0.    0.    0.    0.    0.    0. ] [ 20.    4.5  12.2   0.    0.    0.    0.    0. ] [-15.3  -1.5  -9.5   0.    0.    0.    0.    0. ]]
  probe update after S iter 29: loss 0.00166  dC [A] = [[  0.    0.    0.    0.    0.    0.    0.    0. ] [ 20.7   4.9  11.9   0.    0.    0.    0.    0. ] [-16.1  -1.5  -9.9   0.    0.    0.    0.    0. ]]
  S iter  30  rel. amplitude loss 0.00494  (8.4s)
  S iter  31  rel. amplitude loss 0.00492  (8.2s)
  S iter  32  rel. amplitude loss 0.00489  (8.3s)
-> loss 0.00489, depth err 3.4 A, probe err [0.    0.103 0.082], S err 0.259 (z_out 0), runtime 352s, peak 1537 MB
== reduced_s2 config B variant oracle seed 0: 32 S iterations
  S iter   1  rel. amplitude loss 0.05076  (8.2s)
  S iter   2  rel. amplitude loss 0.03797  (8.4s)
  S iter   3  rel. amplitude loss 0.02907  (8.5s)
  S iter   4  rel. amplitude loss 0.02290  (8.0s)
  S iter   5  rel. amplitude loss 0.01857  (8.3s)
  S iter   6  rel. amplitude loss 0.01548  (8.4s)
  S iter   7  rel. amplitude loss 0.01325  (8.5s)
  S iter   8  rel. amplitude loss 0.01159  (8.3s)
  S iter   9  rel. amplitude loss 0.01035  (8.5s)
  S iter  10  rel. amplitude loss 0.00939  (8.6s)
  S iter  11  rel. amplitude loss 0.00865  (8.1s)
  S iter  12  rel. amplitude loss 0.00805  (8.2s)
  S iter  13  rel. amplitude loss 0.00757  (8.5s)
  S iter  14  rel. amplitude loss 0.00718  (8.3s)
  S iter  15  rel. amplitude loss 0.00684  (8.3s)
  S iter  16  rel. amplitude loss 0.00656  (8.5s)
  S iter  17  rel. amplitude loss 0.00632  (8.6s)
  S iter  18  rel. amplitude loss 0.00612  (8.4s)
  S iter  19  rel. amplitude loss 0.00593  (8.7s)
  S iter  20  rel. amplitude loss 0.00577  (8.5s)
  S iter  21  rel. amplitude loss 0.00563  (9.1s)
  S iter  22  rel. amplitude loss 0.00550  (8.7s)
  S iter  23  rel. amplitude loss 0.00538  (8.6s)
  S iter  24  rel. amplitude loss 0.00528  (8.9s)
  S iter  25  rel. amplitude loss 0.00518  (8.7s)
  S iter  26  rel. amplitude loss 0.00509  (8.4s)
  S iter  27  rel. amplitude loss 0.00501  (8.4s)
  S iter  28  rel. amplitude loss 0.00494  (8.8s)
  S iter  29  rel. amplitude loss 0.00487  (9.2s)
  S iter  30  rel. amplitude loss 0.00468  (9.0s)
  S iter  31  rel. amplitude loss 0.00466  (9.7s)
  S iter  32  rel. amplitude loss 0.00464  (8.7s)
-> loss 0.00464, depth err 3.5 A, probe err [0. 0. 0.], S err 0.258 (z_out 0), runtime 274s, peak 1537 MB
== reduced_s2 config B variant fixed seed 1: 32 S iterations
  S iter   1  rel. amplitude loss 0.05129  (9.4s)
  S iter   2  rel. amplitude loss 0.03927  (8.4s)
  S iter   3  rel. amplitude loss 0.03085  (8.3s)
  S iter   4  rel. amplitude loss 0.02496  (8.4s)
  S iter   5  rel. amplitude loss 0.02081  (8.7s)
  S iter   6  rel. amplitude loss 0.01783  (8.7s)
  S iter   7  rel. amplitude loss 0.01565  (8.8s)
  S iter   8  rel. amplitude loss 0.01404  (8.9s)
  S iter   9  rel. amplitude loss 0.01282  (9.4s)
  S iter  10  rel. amplitude loss 0.01188  (9.3s)
  S iter  11  rel. amplitude loss 0.01115  (9.5s)
  S iter  12  rel. amplitude loss 0.01056  (9.2s)
  S iter  13  rel. amplitude loss 0.01009  (9.6s)
  S iter  14  rel. amplitude loss 0.00970  (9.1s)
  S iter  15  rel. amplitude loss 0.00937  (9.2s)
  S iter  16  rel. amplitude loss 0.00909  (8.9s)
  S iter  17  rel. amplitude loss 0.00885  (8.9s)
  S iter  18  rel. amplitude loss 0.00865  (9.3s)
  S iter  19  rel. amplitude loss 0.00847  (8.8s)
  S iter  20  rel. amplitude loss 0.00830  (8.6s)
  S iter  21  rel. amplitude loss 0.00816  (9.7s)
  S iter  22  rel. amplitude loss 0.00803  (9.1s)
  S iter  23  rel. amplitude loss 0.00792  (9.9s)
  S iter  24  rel. amplitude loss 0.00781  (8.8s)
  S iter  25  rel. amplitude loss 0.00771  (9.2s)
  S iter  26  rel. amplitude loss 0.00762  (8.5s)
  S iter  27  rel. amplitude loss 0.00754  (8.5s)
  S iter  28  rel. amplitude loss 0.00746  (8.8s)
  S iter  29  rel. amplitude loss 0.00739  (8.5s)
  S iter  30  rel. amplitude loss 0.00713  (8.5s)
  S iter  31  rel. amplitude loss 0.00711  (8.2s)
  S iter  32  rel. amplitude loss 0.00709  (8.3s)
-> loss 0.00709, depth err 5.1 A, probe err [0.    0.578 0.47 ], S err 0.265 (z_out 0), runtime 286s, peak 1537 MB
== reduced_s2 config B variant joint seed 1: 32 S iterations
  S iter   1  rel. amplitude loss 0.05129  (8.3s)
  S iter   2  rel. amplitude loss 0.03927  (8.5s)
  S iter   3  rel. amplitude loss 0.03085  (8.1s)
  S iter   4  rel. amplitude loss 0.02496  (8.3s)
  S iter   5  rel. amplitude loss 0.02081  (8.6s)
  S iter   6  rel. amplitude loss 0.01783  (8.7s)
  S iter   7  rel. amplitude loss 0.01565  (9.0s)
  S iter   8  rel. amplitude loss 0.01404  (9.2s)
  probe update after S iter 8: loss 0.00434  dC [A] = [[ 0.   0.   0.   0.   0.   0.   0.   0. ] [ 4.7  4.7  4.7  0.   0.   0.   0.   0. ] [-4.7 -4.7 -4.7  0.   0.   0.   0.   0. ]]
  probe update after S iter 8: loss 0.00420  dC [A] = [[ 0.   0.   0.   0.   0.   0.   0.   0. ] [ 9.1  5.3  8.6  0.   0.   0.   0.   0. ] [-9.1 -3.4 -8.3  0.   0.   0.   0.   0. ]]
  S iter   9  rel. amplitude loss 0.01211  (8.5s)
  S iter  10  rel. amplitude loss 0.01099  (8.4s)
  S iter  11  rel. amplitude loss 0.01010  (8.5s)
  probe update after S iter 11: loss 0.00313  dC [A] = [[  0.    0.    0.    0.    0.    0.    0.    0. ] [ 13.4   4.1  11.5   0.    0.    0.    0.    0. ] [-13.3  -1.  -10.4   0.    0.    0.    0.    0. ]]
  probe update after S iter 11: loss 0.00310  dC [A] = [[  0.    0.    0.    0.    0.    0.    0.    0. ] [ 17.2   2.3  12.1   0.    0.    0.    0.    0. ] [-17.    1.1 -10.4   0.    0.    0.    0.    0. ]]
  S iter  12  rel. amplitude loss 0.00930  (8.3s)
  S iter  13  rel. amplitude loss 0.00865  (8.7s)
  S iter  14  rel. amplitude loss 0.00812  (8.9s)
  probe update after S iter 14: loss 0.00256  dC [A] = [[  0.    0.    0.    0.    0.    0.    0.    0. ] [ 20.3   1.3  11.6   0.    0.    0.    0.    0. ] [-19.8   2.   -9.7   0.    0.    0.    0.    0. ]]
  probe update after S iter 14: loss 0.00259  dC [A] = [[  0.    0.    0.    0.    0.    0.    0.    0. ] [ 22.2   1.3  10.7   0.    0.    0.    0.    0. ] [-21.2   1.8  -9.    0.    0.    0.    0.    0. ]]
  S iter  15  rel. amplitude loss 0.00782  (8.8s)
  S iter  16  rel. amplitude loss 0.00743  (9.1s)
  S iter  17  rel. amplitude loss 0.00710  (8.4s)
  probe update after S iter 17: loss 0.00225  dC [A] = [[  0.    0.    0.    0.    0.    0.    0.    0. ] [ 23.1   2.2  10.1   0.    0.    0.    0.    0. ] [-21.4   0.7  -8.8   0.    0.    0.    0.    0. ]]
  probe update after S iter 17: loss 0.00225  dC [A] = [[  0.    0.    0.    0.    0.    0.    0.    0. ] [ 23.    3.3  10.1   0.    0.    0.    0.    0. ] [-20.8  -0.5  -9.2   0.    0.    0.    0.    0. ]]
  S iter  18  rel. amplitude loss 0.00681  (8.3s)
  S iter  19  rel. amplitude loss 0.00655  (9.0s)
  S iter  20  rel. amplitude loss 0.00633  (8.6s)
  probe update after S iter 20: loss 0.00204  dC [A] = [[  0.    0.    0.    0.    0.    0.    0.    0. ] [ 22.4   4.3  10.6   0.    0.    0.    0.    0. ] [-19.6  -1.5 -10.    0.    0.    0.    0.    0. ]]
  probe update after S iter 20: loss 0.00203  dC [A] = [[  0.    0.    0.    0.    0.    0.    0.    0. ] [ 21.4   4.7  11.4   0.    0.    0.    0.    0. ] [-18.1  -1.8 -10.7   0.    0.    0.    0.    0. ]]
  S iter  21  rel. amplitude loss 0.00609  (8.5s)
  S iter  22  rel. amplitude loss 0.00592  (8.7s)
  S iter  23  rel. amplitude loss 0.00577  (8.8s)
  probe update after S iter 23: loss 0.00183  dC [A] = [[  0.    0.    0.    0.    0.    0.    0.    0. ] [ 20.3   4.7  12.3   0.    0.    0.    0.    0. ] [-16.7  -1.7 -11.    0.    0.    0.    0.    0. ]]
  probe update after S iter 23: loss 0.00183  dC [A] = [[  0.    0.    0.    0.    0.    0.    0.    0. ] [ 19.5   4.3  12.7   0.    0.    0.    0.    0. ] [-15.7  -1.5 -10.7   0.    0.    0.    0.    0. ]]
  S iter  24  rel. amplitude loss 0.00566  (8.5s)
  S iter  25  rel. amplitude loss 0.00554  (9.0s)
  S iter  26  rel. amplitude loss 0.00544  (8.6s)
  probe update after S iter 26: loss 0.00172  dC [A] = [[  0.    0.    0.    0.    0.    0.    0.    0. ] [ 19.1   4.2  12.7   0.    0.    0.    0.    0. ] [-15.2  -1.3 -10.2   0.    0.    0.    0.    0. ]]
  probe update after S iter 26: loss 0.00172  dC [A] = [[  0.    0.    0.    0.    0.    0.    0.    0. ] [ 19.2   4.3  12.3   0.    0.    0.    0.    0. ] [-15.2  -1.3  -9.9   0.    0.    0.    0.    0. ]]
  S iter  27  rel. amplitude loss 0.00535  (8.4s)
  S iter  28  rel. amplitude loss 0.00526  (8.4s)
  S iter  29  rel. amplitude loss 0.00518  (8.6s)
  probe update after S iter 29: loss 0.00169  dC [A] = [[  0.    0.    0.    0.    0.    0.    0.    0. ] [ 19.8   4.7  11.9   0.    0.    0.    0.    0. ] [-15.8  -1.6  -9.9   0.    0.    0.    0.    0. ]]
  probe update after S iter 29: loss 0.00168  dC [A] = [[  0.    0.    0.    0.    0.    0.    0.    0. ] [ 20.5   5.   11.7   0.    0.    0.    0.    0. ] [-16.6  -2.  -10.2   0.    0.    0.    0.    0. ]]
  S iter  30  rel. amplitude loss 0.00495  (8.8s)
  S iter  31  rel. amplitude loss 0.00493  (8.5s)
  S iter  32  rel. amplitude loss 0.00490  (8.9s)
-> loss 0.00490, depth err 3.4 A, probe err [0.    0.105 0.069], S err 0.259 (z_out 0), runtime 354s, peak 1537 MB
== reduced_s2 config B variant oracle seed 1: 32 S iterations
  S iter   1  rel. amplitude loss 0.05079  (8.5s)
  S iter   2  rel. amplitude loss 0.03801  (8.6s)
  S iter   3  rel. amplitude loss 0.02911  (8.6s)
  S iter   4  rel. amplitude loss 0.02294  (8.4s)
  S iter   5  rel. amplitude loss 0.01860  (8.9s)
  S iter   6  rel. amplitude loss 0.01551  (8.6s)
  S iter   7  rel. amplitude loss 0.01327  (8.7s)
  S iter   8  rel. amplitude loss 0.01161  (8.6s)
  S iter   9  rel. amplitude loss 0.01037  (8.9s)
  S iter  10  rel. amplitude loss 0.00941  (8.4s)
  S iter  11  rel. amplitude loss 0.00866  (8.3s)
  S iter  12  rel. amplitude loss 0.00806  (8.9s)
  S iter  13  rel. amplitude loss 0.00758  (8.5s)
  S iter  14  rel. amplitude loss 0.00718  (8.4s)
  S iter  15  rel. amplitude loss 0.00685  (8.6s)
  S iter  16  rel. amplitude loss 0.00657  (8.9s)
  S iter  17  rel. amplitude loss 0.00633  (8.4s)
  S iter  18  rel. amplitude loss 0.00612  (8.4s)
  S iter  19  rel. amplitude loss 0.00594  (9.2s)
  S iter  20  rel. amplitude loss 0.00577  (8.8s)
  S iter  21  rel. amplitude loss 0.00563  (8.9s)
  S iter  22  rel. amplitude loss 0.00550  (8.8s)
  S iter  23  rel. amplitude loss 0.00539  (8.0s)
  S iter  24  rel. amplitude loss 0.00528  (8.3s)
  S iter  25  rel. amplitude loss 0.00518  (8.4s)
  S iter  26  rel. amplitude loss 0.00509  (8.6s)
  S iter  27  rel. amplitude loss 0.00501  (8.2s)
  S iter  28  rel. amplitude loss 0.00494  (8.2s)
  S iter  29  rel. amplitude loss 0.00487  (8.5s)
  S iter  30  rel. amplitude loss 0.00468  (8.8s)
  S iter  31  rel. amplitude loss 0.00466  (8.8s)
  S iter  32  rel. amplitude loss 0.00464  (8.4s)
-> loss 0.00464, depth err 3.4 A, probe err [0. 0. 0.], S err 0.259 (z_out 0), runtime 275s, peak 1537 MB
== reduced_s2 config B variant fixed seed 2: 32 S iterations
  S iter   1  rel. amplitude loss 0.05127  (8.2s)
  S iter   2  rel. amplitude loss 0.03924  (8.6s)
  S iter   3  rel. amplitude loss 0.03081  (8.8s)
  S iter   4  rel. amplitude loss 0.02493  (8.8s)
  S iter   5  rel. amplitude loss 0.02077  (8.8s)
  S iter   6  rel. amplitude loss 0.01780  (8.7s)
  S iter   7  rel. amplitude loss 0.01563  (8.7s)
  S iter   8  rel. amplitude loss 0.01402  (9.0s)
  S iter   9  rel. amplitude loss 0.01281  (8.9s)
  S iter  10  rel. amplitude loss 0.01187  (8.6s)
  S iter  11  rel. amplitude loss 0.01114  (9.9s)
  S iter  12  rel. amplitude loss 0.01055  (8.4s)
  S iter  13  rel. amplitude loss 0.01008  (8.5s)
  S iter  14  rel. amplitude loss 0.00969  (9.3s)
  S iter  15  rel. amplitude loss 0.00936  (9.1s)
  S iter  16  rel. amplitude loss 0.00909  (9.0s)
  S iter  17  rel. amplitude loss 0.00885  (9.4s)
  S iter  18  rel. amplitude loss 0.00864  (8.9s)
  S iter  19  rel. amplitude loss 0.00846  (8.9s)
  S iter  20  rel. amplitude loss 0.00830  (8.8s)
  S iter  21  rel. amplitude loss 0.00816  (9.2s)
  S iter  22  rel. amplitude loss 0.00803  (8.8s)
  S iter  23  rel. amplitude loss 0.00791  (9.3s)
  S iter  24  rel. amplitude loss 0.00781  (8.9s)
  S iter  25  rel. amplitude loss 0.00771  (9.3s)
  S iter  26  rel. amplitude loss 0.00762  (8.7s)
  S iter  27  rel. amplitude loss 0.00754  (9.1s)
  S iter  28  rel. amplitude loss 0.00746  (8.4s)
  S iter  29  rel. amplitude loss 0.00739  (8.6s)
  S iter  30  rel. amplitude loss 0.00713  (8.5s)
  S iter  31  rel. amplitude loss 0.00711  (8.7s)
  S iter  32  rel. amplitude loss 0.00709  (8.5s)
-> loss 0.00709, depth err 5.1 A, probe err [0.    0.578 0.47 ], S err 0.265 (z_out 0), runtime 283s, peak 1537 MB
== reduced_s2 config B variant joint seed 2: 32 S iterations
  S iter   1  rel. amplitude loss 0.05127  (8.4s)
  S iter   2  rel. amplitude loss 0.03924  (9.1s)
  S iter   3  rel. amplitude loss 0.03081  (9.2s)
  S iter   4  rel. amplitude loss 0.02493  (9.7s)
  S iter   5  rel. amplitude loss 0.02077  (9.2s)
  S iter   6  rel. amplitude loss 0.01780  (8.9s)
  S iter   7  rel. amplitude loss 0.01563  (9.0s)
  S iter   8  rel. amplitude loss 0.01402  (9.4s)
  probe update after S iter 8: loss 0.00432  dC [A] = [[ 0.   0.   0.   0.   0.   0.   0.   0. ] [ 4.7  4.7  4.7  0.   0.   0.   0.   0. ] [-4.7 -4.7 -4.7  0.   0.   0.   0.   0. ]]
  probe update after S iter 8: loss 0.00417  dC [A] = [[ 0.   0.   0.   0.   0.   0.   0.   0. ] [ 9.1  5.6  8.6  0.   0.   0.   0.   0. ] [-9.1 -3.6 -8.1  0.   0.   0.   0.   0. ]]
  S iter   9  rel. amplitude loss 0.01211  (8.7s)
  S iter  10  rel. amplitude loss 0.01098  (8.8s)
  S iter  11  rel. amplitude loss 0.01010  (8.7s)
  probe update after S iter 11: loss 0.00315  dC [A] = [[  0.    0.    0.    0.    0.    0.    0.    0. ] [ 13.4   4.6  11.4   0.    0.    0.    0.    0. ] [-13.4  -1.3 -10.    0.    0.    0.    0.    0. ]]
  probe update after S iter 11: loss 0.00312  dC [A] = [[  0.    0.    0.    0.    0.    0.    0.    0. ] [ 17.1   2.8  12.1   0.    0.    0.    0.    0. ] [-17.2   0.9  -9.8   0.    0.    0.    0.    0. ]]
  S iter  12  rel. amplitude loss 0.00928  (8.6s)
  S iter  13  rel. amplitude loss 0.00863  (9.0s)
  S iter  14  rel. amplitude loss 0.00811  (9.0s)
  probe update after S iter 14: loss 0.00258  dC [A] = [[  0.    0.    0.    0.    0.    0.    0.    0. ] [ 20.3   1.4  12.    0.    0.    0.    0.    0. ] [-20.1   1.7  -9.2   0.    0.    0.    0.    0. ]]
  probe update after S iter 14: loss 0.00260  dC [A] = [[  0.    0.    0.    0.    0.    0.    0.    0. ] [ 22.4   0.8  11.2   0.    0.    0.    0.    0. ] [-21.5   1.5  -8.8   0.    0.    0.    0.    0. ]]
  S iter  15  rel. amplitude loss 0.00782  (9.0s)
  S iter  16  rel. amplitude loss 0.00743  (8.8s)
  S iter  17  rel. amplitude loss 0.00710  (8.5s)
  probe update after S iter 17: loss 0.00225  dC [A] = [[  0.    0.    0.    0.    0.    0.    0.    0. ] [ 23.5   1.1  10.7   0.    0.    0.    0.    0. ] [-21.6   0.5  -9.    0.    0.    0.    0.    0. ]]
  probe update after S iter 17: loss 0.00225  dC [A] = [[  0.    0.    0.    0.    0.    0.    0.    0. ] [ 23.7   2.   10.5   0.    0.    0.    0.    0. ] [-20.8  -0.6  -9.6   0.    0.    0.    0.    0. ]]
  S iter  18  rel. amplitude loss 0.00681  (8.5s)
  S iter  19  rel. amplitude loss 0.00655  (8.5s)
  S iter  20  rel. amplitude loss 0.00634  (8.4s)
  probe update after S iter 20: loss 0.00205  dC [A] = [[  0.    0.    0.    0.    0.    0.    0.    0. ] [ 23.3   3.3  10.8   0.    0.    0.    0.    0. ] [-19.3  -1.5 -10.4   0.    0.    0.    0.    0. ]]
  probe update after S iter 20: loss 0.00204  dC [A] = [[  0.    0.    0.    0.    0.    0.    0.    0. ] [ 22.4   4.3  11.3   0.    0.    0.    0.    0. ] [-17.6  -1.7 -10.7   0.    0.    0.    0.    0. ]]
  S iter  21  rel. amplitude loss 0.00609  (8.8s)
  S iter  22  rel. amplitude loss 0.00592  (8.8s)
  S iter  23  rel. amplitude loss 0.00577  (8.7s)
  probe update after S iter 23: loss 0.00186  dC [A] = [[  0.    0.    0.    0.    0.    0.    0.    0. ] [ 21.4   5.   12.    0.    0.    0.    0.    0. ] [-16.   -1.6 -10.6   0.    0.    0.    0.    0. ]]
  probe update after S iter 23: loss 0.00186  dC [A] = [[  0.    0.    0.    0.    0.    0.    0.    0. ] [ 20.4   5.1  12.3   0.    0.    0.    0.    0. ] [-14.9  -1.4 -10.2   0.    0.    0.    0.    0. ]]
  S iter  24  rel. amplitude loss 0.00566  (8.6s)
  S iter  25  rel. amplitude loss 0.00554  (8.9s)
  S iter  26  rel. amplitude loss 0.00543  (8.5s)
  probe update after S iter 26: loss 0.00175  dC [A] = [[  0.    0.    0.    0.    0.    0.    0.    0. ] [ 19.8   4.9  12.5   0.    0.    0.    0.    0. ] [-14.5  -1.4  -9.8   0.    0.    0.    0.    0. ]]
  probe update after S iter 26: loss 0.00175  dC [A] = [[  0.    0.    0.    0.    0.    0.    0.    0. ] [ 19.6   4.5  12.3   0.    0.    0.    0.    0. ] [-14.7  -1.6  -9.7   0.    0.    0.    0.    0. ]]
  S iter  27  rel. amplitude loss 0.00535  (9.0s)
  S iter  28  rel. amplitude loss 0.00526  (9.1s)
  S iter  29  rel. amplitude loss 0.00518  (8.4s)
  probe update after S iter 29: loss 0.00165  dC [A] = [[  0.    0.    0.    0.    0.    0.    0.    0. ] [ 19.9   4.3  12.    0.    0.    0.    0.    0. ] [-15.5  -1.8  -9.8   0.    0.    0.    0.    0. ]]
  probe update after S iter 29: loss 0.00164  dC [A] = [[  0.    0.    0.    0.    0.    0.    0.    0. ] [ 20.5   4.2  11.9   0.    0.    0.    0.    0. ] [-16.5  -1.8 -10.1   0.    0.    0.    0.    0. ]]
  S iter  30  rel. amplitude loss 0.00495  (8.6s)
  S iter  31  rel. amplitude loss 0.00493  (8.1s)
  S iter  32  rel. amplitude loss 0.00490  (8.0s)
-> loss 0.00490, depth err 3.4 A, probe err [0.    0.117 0.071], S err 0.259 (z_out 0), runtime 361s, peak 1537 MB
== reduced_s2 config B variant oracle seed 2: 32 S iterations
  S iter   1  rel. amplitude loss 0.05078  (8.2s)
  S iter   2  rel. amplitude loss 0.03798  (8.5s)
  S iter   3  rel. amplitude loss 0.02908  (8.5s)
  S iter   4  rel. amplitude loss 0.02290  (9.0s)
  S iter   5  rel. amplitude loss 0.01857  (8.4s)
  S iter   6  rel. amplitude loss 0.01549  (8.2s)
  S iter   7  rel. amplitude loss 0.01325  (8.9s)
  S iter   8  rel. amplitude loss 0.01160  (8.8s)
  S iter   9  rel. amplitude loss 0.01035  (8.7s)
  S iter  10  rel. amplitude loss 0.00940  (8.8s)
  S iter  11  rel. amplitude loss 0.00865  (9.3s)
  S iter  12  rel. amplitude loss 0.00806  (8.6s)
  S iter  13  rel. amplitude loss 0.00757  (8.2s)
  S iter  14  rel. amplitude loss 0.00718  (8.5s)
  S iter  15  rel. amplitude loss 0.00685  (8.5s)
  S iter  16  rel. amplitude loss 0.00657  (8.5s)
  S iter  17  rel. amplitude loss 0.00633  (8.5s)
  S iter  18  rel. amplitude loss 0.00612  (8.9s)
  S iter  19  rel. amplitude loss 0.00594  (8.5s)
  S iter  20  rel. amplitude loss 0.00577  (8.2s)
  S iter  21  rel. amplitude loss 0.00563  (8.9s)
  S iter  22  rel. amplitude loss 0.00550  (8.3s)
  S iter  23  rel. amplitude loss 0.00539  (8.6s)
  S iter  24  rel. amplitude loss 0.00528  (8.4s)
  S iter  25  rel. amplitude loss 0.00519  (8.7s)
  S iter  26  rel. amplitude loss 0.00510  (8.8s)
  S iter  27  rel. amplitude loss 0.00502  (8.2s)
  S iter  28  rel. amplitude loss 0.00494  (8.8s)
  S iter  29  rel. amplitude loss 0.00487  (9.1s)
  S iter  30  rel. amplitude loss 0.00468  (8.9s)
  S iter  31  rel. amplitude loss 0.00467  (8.5s)
  S iter  32  rel. amplitude loss 0.00465  (8.9s)
-> loss 0.00465, depth err 3.4 A, probe err [0. 0. 0.], S err 0.259 (z_out 0), runtime 276s, peak 1537 MB
== reduced_s2 config B variant fixed seed 3: 32 S iterations
  S iter   1  rel. amplitude loss 0.05126  (8.8s)
  S iter   2  rel. amplitude loss 0.03925  (8.9s)
  S iter   3  rel. amplitude loss 0.03083  (8.7s)
  S iter   4  rel. amplitude loss 0.02495  (9.1s)
  S iter   5  rel. amplitude loss 0.02080  (9.1s)
  S iter   6  rel. amplitude loss 0.01782  (9.1s)
  S iter   7  rel. amplitude loss 0.01565  (8.7s)
  S iter   8  rel. amplitude loss 0.01404  (8.6s)
  S iter   9  rel. amplitude loss 0.01282  (9.0s)
  S iter  10  rel. amplitude loss 0.01189  (8.4s)
  S iter  11  rel. amplitude loss 0.01115  (8.1s)
  S iter  12  rel. amplitude loss 0.01057  (8.8s)
  S iter  13  rel. amplitude loss 0.01009  (8.8s)
  S iter  14  rel. amplitude loss 0.00970  (8.4s)
  S iter  15  rel. amplitude loss 0.00937  (8.3s)
  S iter  16  rel. amplitude loss 0.00910  (8.6s)
  S iter  17  rel. amplitude loss 0.00886  (8.5s)
  S iter  18  rel. amplitude loss 0.00865  (8.5s)
  S iter  19  rel. amplitude loss 0.00847  (8.7s)
  S iter  20  rel. amplitude loss 0.00831  (8.3s)
  S iter  21  rel. amplitude loss 0.00817  (8.2s)
  S iter  22  rel. amplitude loss 0.00804  (8.2s)
  S iter  23  rel. amplitude loss 0.00792  (7.8s)
  S iter  24  rel. amplitude loss 0.00782  (8.2s)
  S iter  25  rel. amplitude loss 0.00772  (8.1s)
  S iter  26  rel. amplitude loss 0.00763  (8.0s)
  S iter  27  rel. amplitude loss 0.00755  (8.1s)
  S iter  28  rel. amplitude loss 0.00747  (8.1s)
  S iter  29  rel. amplitude loss 0.00740  (7.8s)
  S iter  30  rel. amplitude loss 0.00713  (7.7s)
  S iter  31  rel. amplitude loss 0.00711  (8.2s)
  S iter  32  rel. amplitude loss 0.00709  (8.3s)
-> loss 0.00709, depth err 5.1 A, probe err [0.    0.578 0.47 ], S err 0.264 (z_out 0), runtime 270s, peak 1537 MB
== reduced_s2 config B variant joint seed 3: 32 S iterations
  S iter   1  rel. amplitude loss 0.05126  (8.2s)
  S iter   2  rel. amplitude loss 0.03925  (7.9s)
  S iter   3  rel. amplitude loss 0.03083  (8.1s)
  S iter   4  rel. amplitude loss 0.02495  (8.0s)
  S iter   5  rel. amplitude loss 0.02080  (8.3s)
  S iter   6  rel. amplitude loss 0.01782  (7.9s)
  S iter   7  rel. amplitude loss 0.01565  (8.4s)
  S iter   8  rel. amplitude loss 0.01404  (8.4s)
  probe update after S iter 8: loss 0.00425  dC [A] = [[ 0.   0.   0.   0.   0.   0.   0.   0. ] [ 4.7  4.7  4.7  0.   0.   0.   0.   0. ] [-4.7 -4.7 -4.7  0.   0.   0.   0.   0. ]]
  probe update after S iter 8: loss 0.00410  dC [A] = [[ 0.   0.   0.   0.   0.   0.   0.   0. ] [ 9.1  5.4  8.6  0.   0.   0.   0.   0. ] [-9.1 -3.6 -8.3  0.   0.   0.   0.   0. ]]
  S iter   9  rel. amplitude loss 0.01213  (8.4s)
  S iter  10  rel. amplitude loss 0.01100  (8.2s)
  S iter  11  rel. amplitude loss 0.01012  (8.4s)
  probe update after S iter 11: loss 0.00314  dC [A] = [[  0.    0.    0.    0.    0.    0.    0.    0. ] [ 13.4   4.4  11.6   0.    0.    0.    0.    0. ] [-13.3  -1.4 -10.6   0.    0.    0.    0.    0. ]]
  probe update after S iter 11: loss 0.00311  dC [A] = [[  0.    0.    0.    0.    0.    0.    0.    0. ] [ 17.1   2.6  12.3   0.    0.    0.    0.    0. ] [-16.9   0.7 -10.8   0.    0.    0.    0.    0. ]]
  S iter  12  rel. amplitude loss 0.00932  (8.3s)
  S iter  13  rel. amplitude loss 0.00867  (8.2s)
  S iter  14  rel. amplitude loss 0.00814  (8.4s)
  probe update after S iter 14: loss 0.00255  dC [A] = [[  0.    0.    0.    0.    0.    0.    0.    0. ] [ 20.1   1.3  12.    0.    0.    0.    0.    0. ] [-19.6   1.5 -10.    0.    0.    0.    0.    0. ]]
  probe update after S iter 14: loss 0.00257  dC [A] = [[  0.    0.    0.    0.    0.    0.    0.    0. ] [ 21.9   0.8  11.    0.    0.    0.    0.    0. ] [-20.9   1.2  -9.1   0.    0.    0.    0.    0. ]]
  S iter  15  rel. amplitude loss 0.00782  (8.5s)
  S iter  16  rel. amplitude loss 0.00744  (9.0s)
  S iter  17  rel. amplitude loss 0.00711  (8.8s)
  probe update after S iter 17: loss 0.00226  dC [A] = [[  0.    0.    0.    0.    0.    0.    0.    0. ] [ 22.8   1.5  10.3   0.    0.    0.    0.    0. ] [-21.2   0.3  -8.6   0.    0.    0.    0.    0. ]]
  probe update after S iter 17: loss 0.00226  dC [A] = [[  0.    0.    0.    0.    0.    0.    0.    0. ] [ 22.7   2.6  10.1   0.    0.    0.    0.    0. ] [-20.5  -0.7  -8.8   0.    0.    0.    0.    0. ]]
  S iter  18  rel. amplitude loss 0.00682  (8.5s)
  S iter  19  rel. amplitude loss 0.00657  (8.4s)
  S iter  20  rel. amplitude loss 0.00635  (8.0s)
  probe update after S iter 20: loss 0.00204  dC [A] = [[  0.    0.    0.    0.    0.    0.    0.    0. ] [ 22.1   3.8  10.7   0.    0.    0.    0.    0. ] [-19.2  -1.4  -9.6   0.    0.    0.    0.    0. ]]
  probe update after S iter 20: loss 0.00203  dC [A] = [[  0.    0.    0.    0.    0.    0.    0.    0. ] [ 21.1   4.5  11.5   0.    0.    0.    0.    0. ] [-17.8  -1.5 -10.6   0.    0.    0.    0.    0. ]]
  S iter  21  rel. amplitude loss 0.00612  (8.5s)
  S iter  22  rel. amplitude loss 0.00595  (8.1s)
  S iter  23  rel. amplitude loss 0.00580  (8.1s)
  probe update after S iter 23: loss 0.00184  dC [A] = [[  0.    0.    0.    0.    0.    0.    0.    0. ] [ 20.1   4.8  12.3   0.    0.    0.    0.    0. ] [-16.4  -1.5 -11.1   0.    0.    0.    0.    0. ]]
  probe update after S iter 23: loss 0.00185  dC [A] = [[  0.    0.    0.    0.    0.    0.    0.    0. ] [ 19.3   4.5  12.6   0.    0.    0.    0.    0. ] [-15.5  -1.3 -11.    0.    0.    0.    0.    0. ]]
  S iter  24  rel. amplitude loss 0.00569  (8.6s)
  S iter  25  rel. amplitude loss 0.00557  (8.3s)
  S iter  26  rel. amplitude loss 0.00546  (8.0s)
  probe update after S iter 26: loss 0.00174  dC [A] = [[  0.    0.    0.    0.    0.    0.    0.    0. ] [ 18.9   4.3  12.6   0.    0.    0.    0.    0. ] [-15.1  -1.3 -10.5   0.    0.    0.    0.    0. ]]
  probe update after S iter 26: loss 0.00174  dC [A] = [[  0.    0.    0.    0.    0.    0.    0.    0. ] [ 18.9   4.2  12.3   0.    0.    0.    0.    0. ] [-15.3  -1.4  -9.8   0.    0.    0.    0.    0. ]]
  S iter  27  rel. amplitude loss 0.00537  (8.1s)
  S iter  28  rel. amplitude loss 0.00528  (8.1s)
  S iter  29  rel. amplitude loss 0.00520  (8.3s)
  probe update after S iter 29: loss 0.00171  dC [A] = [[  0.    0.    0.    0.    0.    0.    0.    0. ] [ 19.5   4.3  12.    0.    0.    0.    0.    0. ] [-16.   -1.7  -9.5   0.    0.    0.    0.    0. ]]
  probe update after S iter 29: loss 0.00171  dC [A] = [[  0.    0.    0.    0.    0.    0.    0.    0. ] [ 20.3   4.6  11.9   0.    0.    0.    0.    0. ] [-16.9  -2.   -9.7   0.    0.    0.    0.    0. ]]
  S iter  30  rel. amplitude loss 0.00498  (8.3s)
  S iter  31  rel. amplitude loss 0.00495  (8.2s)
  S iter  32  rel. amplitude loss 0.00493  (8.4s)
-> loss 0.00493, depth err 3.4 A, probe err [0.    0.112 0.074], S err 0.259 (z_out 0), runtime 343s, peak 1537 MB
== reduced_s2 config B variant oracle seed 3: 32 S iterations
  S iter   1  rel. amplitude loss 0.05076  (8.4s)
  S iter   2  rel. amplitude loss 0.03798  (8.2s)
  S iter   3  rel. amplitude loss 0.02910  (8.3s)
  S iter   4  rel. amplitude loss 0.02293  (8.1s)
  S iter   5  rel. amplitude loss 0.01860  (8.0s)
  S iter   6  rel. amplitude loss 0.01552  (8.1s)
  S iter   7  rel. amplitude loss 0.01328  (7.8s)
  S iter   8  rel. amplitude loss 0.01163  (8.1s)
  S iter   9  rel. amplitude loss 0.01038  (8.2s)
  S iter  10  rel. amplitude loss 0.00942  (8.3s)
  S iter  11  rel. amplitude loss 0.00868  (8.4s)
  S iter  12  rel. amplitude loss 0.00808  (8.4s)
  S iter  13  rel. amplitude loss 0.00760  (8.3s)
  S iter  14  rel. amplitude loss 0.00720  (8.8s)
  S iter  15  rel. amplitude loss 0.00687  (8.5s)
  S iter  16  rel. amplitude loss 0.00659  (8.2s)
  S iter  17  rel. amplitude loss 0.00635  (8.3s)
  S iter  18  rel. amplitude loss 0.00614  (7.9s)
  S iter  19  rel. amplitude loss 0.00595  (7.8s)
  S iter  20  rel. amplitude loss 0.00579  (7.9s)
  S iter  21  rel. amplitude loss 0.00565  (8.3s)
  S iter  22  rel. amplitude loss 0.00552  (8.1s)
  S iter  23  rel. amplitude loss 0.00540  (8.0s)
  S iter  24  rel. amplitude loss 0.00530  (8.4s)
  S iter  25  rel. amplitude loss 0.00520  (8.6s)
  S iter  26  rel. amplitude loss 0.00511  (8.1s)
  S iter  27  rel. amplitude loss 0.00503  (8.2s)
  S iter  28  rel. amplitude loss 0.00495  (9.0s)
  S iter  29  rel. amplitude loss 0.00488  (8.1s)
  S iter  30  rel. amplitude loss 0.00470  (7.9s)
  S iter  31  rel. amplitude loss 0.00468  (8.4s)
  S iter  32  rel. amplitude loss 0.00466  (8.5s)
-> loss 0.00466, depth err 3.4 A, probe err [0. 0. 0.], S err 0.258 (z_out 0), runtime 263s, peak 1537 MB
== reduced_s2 config B variant fixed seed 4: 32 S iterations
  S iter   1  rel. amplitude loss 0.05126  (8.4s)
  S iter   2  rel. amplitude loss 0.03925  (8.7s)
  S iter   3  rel. amplitude loss 0.03083  (8.6s)
  S iter   4  rel. amplitude loss 0.02495  (8.3s)
  S iter   5  rel. amplitude loss 0.02080  (8.2s)
  S iter   6  rel. amplitude loss 0.01782  (8.7s)
  S iter   7  rel. amplitude loss 0.01565  (8.6s)
  S iter   8  rel. amplitude loss 0.01404  (8.3s)
  S iter   9  rel. amplitude loss 0.01282  (8.6s)
  S iter  10  rel. amplitude loss 0.01188  (8.2s)
  S iter  11  rel. amplitude loss 0.01115  (8.2s)
  S iter  12  rel. amplitude loss 0.01056  (7.8s)
  S iter  13  rel. amplitude loss 0.01009  (8.6s)
  S iter  14  rel. amplitude loss 0.00970  (8.1s)
  S iter  15  rel. amplitude loss 0.00937  (8.5s)
  S iter  16  rel. amplitude loss 0.00909  (8.3s)
  S iter  17  rel. amplitude loss 0.00885  (8.2s)
  S iter  18  rel. amplitude loss 0.00865  (8.3s)
  S iter  19  rel. amplitude loss 0.00846  (8.2s)
  S iter  20  rel. amplitude loss 0.00830  (8.4s)
  S iter  21  rel. amplitude loss 0.00816  (8.5s)
  S iter  22  rel. amplitude loss 0.00803  (8.6s)
  S iter  23  rel. amplitude loss 0.00792  (8.0s)
  S iter  24  rel. amplitude loss 0.00781  (9.0s)
  S iter  25  rel. amplitude loss 0.00771  (8.5s)
  S iter  26  rel. amplitude loss 0.00762  (8.4s)
  S iter  27  rel. amplitude loss 0.00754  (8.3s)
  S iter  28  rel. amplitude loss 0.00746  (8.7s)
  S iter  29  rel. amplitude loss 0.00739  (8.8s)
  S iter  30  rel. amplitude loss 0.00712  (8.7s)
  S iter  31  rel. amplitude loss 0.00710  (8.8s)
  S iter  32  rel. amplitude loss 0.00709  (8.6s)
-> loss 0.00709, depth err 5.1 A, probe err [0.    0.578 0.47 ], S err 0.265 (z_out 0), runtime 270s, peak 1537 MB
== reduced_s2 config B variant joint seed 4: 32 S iterations
  S iter   1  rel. amplitude loss 0.05126  (9.1s)
  S iter   2  rel. amplitude loss 0.03925  (8.9s)
  S iter   3  rel. amplitude loss 0.03083  (8.6s)
  S iter   4  rel. amplitude loss 0.02495  (10.4s)
  S iter   5  rel. amplitude loss 0.02080  (10.2s)
  S iter   6  rel. amplitude loss 0.01782  (10.1s)
  S iter   7  rel. amplitude loss 0.01565  (9.6s)
  S iter   8  rel. amplitude loss 0.01404  (9.3s)
  probe update after S iter 8: loss 0.00441  dC [A] = [[ 0.   0.   0.   0.   0.   0.   0.   0. ] [ 4.7  4.7  4.7  0.   0.   0.   0.   0. ] [-4.7 -4.7 -4.7  0.   0.   0.   0.   0. ]]
  probe update after S iter 8: loss 0.00426  dC [A] = [[ 0.   0.   0.   0.   0.   0.   0.   0. ] [ 9.1  5.4  8.7  0.   0.   0.   0.   0. ] [-9.1 -3.5 -8.5  0.   0.   0.   0.   0. ]]
  S iter   9  rel. amplitude loss 0.01212  (9.3s)
  S iter  10  rel. amplitude loss 0.01099  (9.6s)
  S iter  11  rel. amplitude loss 0.01011  (9.1s)
  probe update after S iter 11: loss 0.00314  dC [A] = [[  0.    0.    0.    0.    0.    0.    0.    0. ] [ 13.5   4.3  11.6   0.    0.    0.    0.    0. ] [-13.3  -1.2 -11.    0.    0.    0.    0.    0. ]]
  probe update after S iter 11: loss 0.00311  dC [A] = [[  0.    0.    0.    0.    0.    0.    0.    0. ] [ 17.3   2.5  12.2   0.    0.    0.    0.    0. ] [-16.8   1.  -11.4   0.    0.    0.    0.    0. ]]
  S iter  12  rel. amplitude loss 0.00930  (9.4s)
  S iter  13  rel. amplitude loss 0.00865  (9.2s)
  S iter  14  rel. amplitude loss 0.00812  (9.6s)
  probe update after S iter 14: loss 0.00261  dC [A] = [[  0.    0.    0.    0.    0.    0.    0.    0. ] [ 20.5   1.4  11.7   0.    0.    0.    0.    0. ] [-19.7   1.9 -10.7   0.    0.    0.    0.    0. ]]
  probe update after S iter 14: loss 0.00263  dC [A] = [[  0.    0.    0.    0.    0.    0.    0.    0. ] [ 22.5   1.3  10.7   0.    0.    0.    0.    0. ] [-21.3   1.6  -9.8   0.    0.    0.    0.    0. ]]
  S iter  15  rel. amplitude loss 0.00781  (9.2s)
  S iter  16  rel. amplitude loss 0.00742  (9.4s)
  S iter  17  rel. amplitude loss 0.00709  (9.3s)
  probe update after S iter 17: loss 0.00228  dC [A] = [[  0.    0.    0.    0.    0.    0.    0.    0. ] [ 23.3   2.2  10.    0.    0.    0.    0.    0. ] [-21.8   0.6  -9.1   0.    0.    0.    0.    0. ]]
  probe update after S iter 17: loss 0.00228  dC [A] = [[  0.    0.    0.    0.    0.    0.    0.    0. ] [ 23.1   3.2   9.9   0.    0.    0.    0.    0. ] [-21.4  -0.5  -9.    0.    0.    0.    0.    0. ]]
  S iter  18  rel. amplitude loss 0.00681  (9.2s)
  S iter  19  rel. amplitude loss 0.00656  (10.2s)
  S iter  20  rel. amplitude loss 0.00634  (10.2s)
  probe update after S iter 20: loss 0.00205  dC [A] = [[  0.    0.    0.    0.    0.    0.    0.    0. ] [ 22.2   4.4  10.5   0.    0.    0.    0.    0. ] [-20.2  -1.3  -9.7   0.    0.    0.    0.    0. ]]
  probe update after S iter 20: loss 0.00203  dC [A] = [[  0.    0.    0.    0.    0.    0.    0.    0. ] [ 21.1   5.   11.4   0.    0.    0.    0.    0. ] [-18.7  -1.6 -10.5   0.    0.    0.    0.    0. ]]
  S iter  21  rel. amplitude loss 0.00609  (10.3s)
  S iter  22  rel. amplitude loss 0.00592  (10.1s)
  S iter  23  rel. amplitude loss 0.00577  (10.1s)
  probe update after S iter 23: loss 0.00189  dC [A] = [[  0.    0.    0.    0.    0.    0.    0.    0. ] [ 19.9   5.2  12.2   0.    0.    0.    0.    0. ] [-17.3  -1.4 -11.3   0.    0.    0.    0.    0. ]]
  probe update after S iter 23: loss 0.00189  dC [A] = [[  0.    0.    0.    0.    0.    0.    0.    0. ] [ 19.    4.9  12.5   0.    0.    0.    0.    0. ] [-16.1  -1.2 -11.5   0.    0.    0.    0.    0. ]]
  S iter  24  rel. amplitude loss 0.00566  (10.2s)
  S iter  25  rel. amplitude loss 0.00555  (10.4s)
  S iter  26  rel. amplitude loss 0.00544  (10.9s)
  probe update after S iter 26: loss 0.00176  dC [A] = [[  0.    0.    0.    0.    0.    0.    0.    0. ] [ 18.6   4.6  12.4   0.    0.    0.    0.    0. ] [-15.6  -1.  -11.3   0.    0.    0.    0.    0. ]]
  probe update after S iter 26: loss 0.00177  dC [A] = [[  0.    0.    0.    0.    0.    0.    0.    0. ] [ 18.8   4.5  12.    0.    0.    0.    0.    0. ] [-15.7  -1.1 -10.7   0.    0.    0.    0.    0. ]]
  S iter  27  rel. amplitude loss 0.00535  (11.0s)
  S iter  28  rel. amplitude loss 0.00526  (10.5s)
  S iter  29  rel. amplitude loss 0.00518  (10.4s)
  probe update after S iter 29: loss 0.00169  dC [A] = [[  0.    0.    0.    0.    0.    0.    0.    0. ] [ 19.4   4.7  11.5   0.    0.    0.    0.    0. ] [-16.2  -1.5 -10.2   0.    0.    0.    0.    0. ]]
  probe update after S iter 29: loss 0.00168  dC [A] = [[  0.    0.    0.    0.    0.    0.    0.    0. ] [ 20.3   5.   11.2   0.    0.    0.    0.    0. ] [-17.   -2.  -10.    0.    0.    0.    0.    0. ]]
  S iter  30  rel. amplitude loss 0.00495  (10.7s)
  S iter  31  rel. amplitude loss 0.00493  (10.4s)
  S iter  32  rel. amplitude loss 0.00491  (10.7s)
-> loss 0.00491, depth err 3.4 A, probe err [0.    0.111 0.068], S err 0.259 (z_out 0), runtime 404s, peak 1537 MB
== reduced_s2 config B variant oracle seed 4: 32 S iterations
  S iter   1  rel. amplitude loss 0.05076  (10.3s)
  S iter   2  rel. amplitude loss 0.03798  (10.2s)
  S iter   3  rel. amplitude loss 0.02909  (10.2s)
  S iter   4  rel. amplitude loss 0.02292  (10.0s)
  S iter   5  rel. amplitude loss 0.01859  (10.1s)
  S iter   6  rel. amplitude loss 0.01551  (10.3s)
  S iter   7  rel. amplitude loss 0.01327  (10.6s)
  S iter   8  rel. amplitude loss 0.01162  (11.2s)
  S iter   9  rel. amplitude loss 0.01037  (11.0s)
  S iter  10  rel. amplitude loss 0.00941  (9.9s)
  S iter  11  rel. amplitude loss 0.00867  (9.9s)
  S iter  12  rel. amplitude loss 0.00807  (10.0s)
  S iter  13  rel. amplitude loss 0.00759  (11.2s)
  S iter  14  rel. amplitude loss 0.00719  (11.1s)
  S iter  15  rel. amplitude loss 0.00686  (10.8s)
  S iter  16  rel. amplitude loss 0.00658  (10.3s)
  S iter  17  rel. amplitude loss 0.00634  (10.0s)
  S iter  18  rel. amplitude loss 0.00613  (9.9s)
  S iter  19  rel. amplitude loss 0.00595  (10.5s)
  S iter  20  rel. amplitude loss 0.00578  (10.4s)
  S iter  21  rel. amplitude loss 0.00564  (10.2s)
  S iter  22  rel. amplitude loss 0.00551  (10.1s)
  S iter  23  rel. amplitude loss 0.00539  (9.9s)
  S iter  24  rel. amplitude loss 0.00529  (9.7s)
  S iter  25  rel. amplitude loss 0.00519  (10.4s)
  S iter  26  rel. amplitude loss 0.00510  (9.9s)
  S iter  27  rel. amplitude loss 0.00502  (10.1s)
  S iter  28  rel. amplitude loss 0.00494  (9.8s)
  S iter  29  rel. amplitude loss 0.00487  (9.6s)
  S iter  30  rel. amplitude loss 0.00469  (9.6s)
  S iter  31  rel. amplitude loss 0.00467  (10.2s)
  S iter  32  rel. amplitude loss 0.00465  (10.1s)
-> loss 0.00465, depth err 3.4 A, probe err [0. 0. 0.], S err 0.259 (z_out 0), runtime 327s, peak 1537 MB
