== reduced_s2 config B variant fixed seed 0: 32 S iterations
  S iter   1  rel. amplitude loss 0.05126  (11.0s)
  S iter   2  rel. amplitude loss 0.03924  (11.6s)
  S iter   3  rel. amplitude loss 0.03082  (13.5s)
  S iter   4  rel. amplitude loss 0.02494  (12.9s)
  S iter   5  rel. amplitude loss 0.02079  (13.7s)
  S iter   6  rel. amplitude loss 0.01781  (14.3s)
  S iter   7  rel. amplitude loss 0.01564  (14.2s)
  S iter   8  rel. amplitude loss 0.01404  (13.6s)
  S iter   9  rel. amplitude loss 0.01282  (12.9s)
  S iter  10  rel. amplitude loss 0.01188  (12.0s)
  S iter  11  rel. amplitude loss 0.01115  (13.9s)
  S iter  12  rel. amplitude loss 0.01056  (14.0s)
  S iter  13  rel. amplitude loss 0.01009  (13.0s)
  S iter  14  rel. amplitude loss 0.00970  (12.9s)
  S iter  15  rel. amplitude loss 0.00937  (13.6s)
  S iter  16  rel. amplitude loss 0.00909  (12.5s)
  S iter  17  rel. amplitude loss 0.00886  (13.4s)
  S iter  18  rel. amplitude loss 0.00865  (12.9s)
  S iter  19  rel. amplitude loss 0.00847  (13.0s)
  S iter  20  rel. amplitude loss 0.00831  (12.0s)
  S iter  21  rel. amplitude loss 0.00817  (12.7s)
  S iter  22  rel. amplitude loss 0.00804  (12.7s)
  S iter  23  rel. amplitude loss 0.00792  (11.0s)
  S iter  24  rel. amplitude loss 0.00782  (11.7s)
  S iter  25  rel. amplitude loss 0.00772  (12.3s)
  S iter  26  rel. amplitude loss 0.00763  (12.6s)
  S iter  27  rel. amplitude loss 0.00755  (19.4s)
  S iter  28  rel. amplitude loss 0.00747  (34.4s)
  S iter  29  rel. amplitude loss 0.00740  (14.6s)
  S iter  30  rel. amplitude loss 0.00713  (13.9s)
  S iter  31  rel. amplitude loss 0.00711  (14.0s)
  S iter  32  rel. amplitude loss 0.00709  (12.1s)
-> loss 0.00709, depth err 5.1 A, probe err [0.    0.578 0.47 ], S err 0.264 (z_out 0), runtime 443s, peak 1167 MB
== reduced_s2 config B variant joint seed 0: 32 S iterations
  S iter   1  rel. amplitude loss 0.05126  (12.0s)
  S iter   2  rel. amplitude loss 0.03924  (11.7s)
  S iter   3  rel. amplitude loss 0.03082  (12.5s)
  S iter   4  rel. amplitude loss 0.02494  (12.0s)
  S iter   5  rel. amplitude loss 0.02079  (12.2s)
  S iter   6  rel. amplitude loss 0.01781  (13.9s)
  S iter   7  rel. amplitude loss 0.01564  (12.6s)
  S iter   8  rel. amplitude loss 0.01404  (11.8s)
  probe update after S iter 8: loss 0.00438  dC [A] = [[ 0.   0.   0.   0.   0.   0.   0.   0. ] [ 4.7  4.7  4.7  0.   0.   0.   0.   0. ] [-4.7 -4.7 -4.7  0.   0.   0.   0.   0. ]]
  probe update after S iter 8: loss 0.00422  dC [A] = [[ 0.   0.   0.   0.   0.   0.   0.   0. ] [ 9.2  5.2  8.6  0.   0.   0.   0.   0. ] [-9.1 -4.3 -8.1  0.   0.   0.   0.   0. ]]
  S iter   9  rel. amplitude loss 0.01211  (12.8s)
  S iter  10  rel. amplitude loss 0.01098  (12.5s)
  S iter  11  rel. amplitude loss 0.01010  (12.2s)
  probe update after S iter 11: loss 0.00316  dC [A] = [[  0.    0.    0.    0.    0.    0.    0.    0. ] [ 13.4   4.2  11.5   0.    0.    0.    0.    0. ] [-13.4  -2.2 -10.2   0.    0.    0.    0.    0. ]]
  probe update after S iter 11: loss 0.00313  dC [A] = [[  0.    0.    0.    0.    0.    0.    0.    0. ] [ 17.    2.5  12.4   0.    0.    0.    0.    0. ] [-16.9   0.1 -10.1   0.    0.    0.    0.    0. ]]
  S iter  12  rel. amplitude loss 0.00927  (13.0s)
  S iter  13  rel. amplitude loss 0.00862  (12.7s)
  S iter  14  rel. amplitude loss 0.00810  (12.3s)
  probe update after S iter 14: loss 0.00254  dC [A] = [[  0.    0.    0.    0.    0.    0.    0.    0. ] [ 20.1   1.5  12.1   0.    0.    0.    0.    0. ] [-19.6   1.7  -9.4   0.    0.    0.    0.    0. ]]
  probe update after S iter 14: loss 0.00256  dC [A] = [[  0.    0.    0.    0.    0.    0.    0.    0. ] [ 22.1   1.4  11.2   0.    0.    0.    0.    0. ] [-21.1   2.   -8.8   0.    0.    0.    0.    0. ]]
  S iter  15  rel. amplitude loss 0.00779  (13.2s)
  S iter  16  rel. amplitude loss 0.00741  (14.3s)
  S iter  17  rel. amplitude loss 0.00708  (13.4s)
  probe update after S iter 17: loss 0.00222  dC [A] = [[  0.    0.    0.    0.    0.    0.    0.    0. ] [ 23.2   2.1  10.5   0.    0.    0.    0.    0. ] [-21.5   1.2  -8.8   0.    0.    0.    0.    0. ]]
  probe update after S iter 17: loss 0.00222  dC [A] = [[  0.    0.    0.    0.    0.    0.    0.    0. ] [ 23.4   3.   10.3   0.    0.    0.    0.    0. ] [-20.9  -0.1  -9.4   0.    0.    0.    0.    0. ]]
  S iter  18  rel. amplitude loss 0.00679  (12.9s)
  S iter  19  rel. amplitude loss 0.00654  (12.6s)
  S iter  20  rel. amplitude loss 0.00632  (12.6s)
  probe update after S iter 20: loss 0.00202  dC [A] = [[  0.    0.    0.    0.    0.    0.    0.    0. ] [ 23.    4.   10.7   0.    0.    0.    0.    0. ] [-19.8  -1.5 -10.2   0.    0.    0.    0.    0. ]]
  probe update after S iter 20: loss 0.00201  dC [A] = [[  0.    0.    0.    0.    0.    0.    0.    0. ] [ 22.1   4.6  11.3   0.    0.    0.    0.    0. ] [-18.3  -2.3 -10.6   0.    0.    0.    0.    0. ]]
  S iter  21  rel. amplitude loss 0.00609  (12.5s)
  S iter  22  rel. amplitude loss 0.00592  (11.8s)
  S iter  23  rel. amplitude loss 0.00576  (12.1s)
  probe update after S iter 23: loss 0.00188  dC [A] = [[  0.    0.    0.    0.    0.    0.    0.    0. ] [ 21.2   4.7  12.1   0.    0.    0.    0.    0. ] [-16.9  -2.5 -10.6   0.    0.    0.    0.    0. ]]
  probe update after S iter 23: loss 0.00187  dC [A] = [[  0.    0.    0.    0.    0.    0.    0.    0. ] [ 20.3   4.5  12.6   0.    0.    0.    0.    0. ] [-15.6  -2.2 -10.1   0.    0.    0.    0.    0. ]]
  S iter  24  rel. amplitude loss 0.00564  (12.7s)
  S iter  25  rel. amplitude loss 0.00552  (12.8s)
  S iter  26  rel. amplitude loss 0.00541  (12.2s)
  probe update after S iter 26: loss 0.00172  dC [A] = [[  0.    0.    0.    0.    0.    0.    0.    0. ] [ 19.7   4.3  12.8   0.    0.    0.    0.    0. ] [-15.   -1.8  -9.6   0.    0.    0.    0.    0. ]]
  probe update after S iter 26: loss 0.00173  dC [A] = [[  0.    0.    0.    0.    0.    0.    0.    0. ] [ 19.6   4.3  12.5   0.    0.    0.    0.    0. ] [-14.9  -1.6  -9.3   0.    0.    0.    0.    0. ]]
  S iter  27  rel. amplitude loss 0.00534  (12.7s)
  S iter  28  rel. amplitude loss 0.00525  (13.6s)
  S iter  29  rel. amplitude loss 0.00517  (12.5s)
  probe update after S iter 29: loss 0.00167  dC [A] = [[  0.    0.    0.    0.    0.    0.    0.    0. ] [ 20.    4.5  12.2   0.    0.    0.    0.    0. ] [-15.3  -1.5  -9.5   0.    0.    0.    0.    0. ]]
  probe update after S iter 29: loss 0.00166  dC [A] = [[  0.    0.    0.    0.    0.    0.    0.    0. ] [ 20.7   4.9  11.9   0.    0.    0.    0.    0. ] [-16.1  -1.5  -9.9   0.    0.    0.    0.    0. ]]
  S iter  30  rel. amplitude loss 0.00494  (13.5s)
  S iter  31  rel. amplitude loss 0.00492  (14.3s)
  S iter  32  rel. amplitude loss 0.00489  (15.0s)
-> loss 0.00489, depth err 3.4 A, probe err [0.    0.103 0.082], S err 0.259 (z_out 0), runtime 518s, peak 1537 MB
== reduced_s2 config B variant oracle seed 0: 32 S iterations
  S iter   1  rel. amplitude loss 0.05076  (14.9s)
  S iter   2  rel. amplitude loss 0.03797  (13.9s)
  S iter   3  rel. amplitude loss 0.02907  (13.5s)
  S iter   4  rel. amplitude loss 0.02290  (12.7s)
  S iter   5  rel. amplitude loss 0.01857  (14.7s)
  S iter   6  rel. amplitude loss 0.01548  (15.4s)
  S iter   7  rel. amplitude loss 0.01325  (14.8s)
  S iter   8  rel. amplitude loss 0.01159  (15.3s)
  S iter   9  rel. amplitude loss 0.01035  (15.1s)
  S iter  10  rel. amplitude loss 0.00939  (15.8s)
  S iter  11  rel. amplitude loss 0.00865  (13.7s)
  S iter  12  rel. amplitude loss 0.00805  (13.2s)
  S iter  13  rel. amplitude loss 0.00757  (12.4s)
  S iter  14  rel. amplitude loss 0.00718  (14.2s)
  S iter  15  rel. amplitude loss 0.00684  (14.4s)
  S iter  16  rel. amplitude loss 0.00656  (15.3s)
  S iter  17  rel. amplitude loss 0.00632  (14.6s)
  S iter  18  rel. amplitude loss 0.00612  (14.9s)
  S iter  19  rel. amplitude loss 0.00593  (13.6s)
  S iter  20  rel. amplitude loss 0.00577  (12.9s)
  S iter  21  rel. amplitude loss 0.00563  (12.6s)
  S iter  22  rel. amplitude loss 0.00550  (15.8s)
  S iter  23  rel. amplitude loss 0.00538  (14.0s)
  S iter  24  rel. amplitude loss 0.00528  (10.1s)
  S iter  25  rel. amplitude loss 0.00518  (10.1s)
  S iter  26  rel. amplitude loss 0.00509  (10.1s)
  S iter  27  rel. amplitude loss 0.00501  (9.4s)
  S iter  28  rel. amplitude loss 0.00494  (10.2s)
  S iter  29  rel. amplitude loss 0.00487  (9.7s)
  S iter  30  rel. amplitude loss 0.00468  (9.9s)
  S iter  31  rel. amplitude loss 0.00466  (9.0s)
  S iter  32  rel. amplitude loss 0.00464  (8.6s)
-> loss 0.00464, depth err 3.5 A, probe err [0. 0. 0.], S err 0.258 (z_out 0), runtime 415s, peak 1537 MB
