simulated six_phi1p5/B in 13s
== six_phi1p5 config B variant fixed seed 0: 32 S iterations
  S iter   1  rel. amplitude loss 0.11006  (11.3s)
  S iter   2  rel. amplitude loss 0.07143  (11.1s)
  S iter   3  rel. amplitude loss 0.05111  (11.2s)
  S iter   4  rel. amplitude loss 0.03919  (11.0s)
  S iter   5  rel. amplitude loss 0.03147  (10.8s)
  S iter   6  rel. amplitude loss 0.02609  (10.8s)
  S iter   7  rel. amplitude loss 0.02214  (10.5s)
  S iter   8  rel. amplitude loss 0.01913  (10.6s)
  S iter   9  rel. amplitude loss 0.01679  (10.5s)
  S iter  10  rel. amplitude loss 0.01492  (10.4s)
  S iter  11  rel. amplitude loss 0.01340  (11.2s)
  S iter  12  rel. amplitude loss 0.01215  (11.6s)
  S iter  13  rel. amplitude loss 0.01111  (11.1s)
  S iter  14  rel. amplitude loss 0.01023  (10.9s)
  S iter  15  rel. amplitude loss 0.00947  (11.3s)
  S iter  16  rel. amplitude loss 0.00882  (11.3s)
  S iter  17  rel. amplitude loss 0.00826  (10.7s)
  S iter  18  rel. amplitude loss 0.00776  (11.9s)
  S iter  19  rel. amplitude loss 0.00732  (11.0s)
  S iter  20  rel. amplitude loss 0.00692  (10.5s)
  S iter  21  rel. amplitude loss 0.00657  (10.4s)
  S iter  22  rel. amplitude loss 0.00626  (10.0s)
  S iter  23  rel. amplitude loss 0.00597  (9.7s)
  S iter  24  rel. amplitude loss 0.00571  (10.9s)
  S iter  25  rel. amplitude loss 0.00547  (10.3s)
  S iter  26  rel. amplitude loss 0.00525  (10.8s)
  S iter  27  rel. amplitude loss 0.00504  (11.7s)
  S iter  28  rel. amplitude loss 0.00486  (11.6s)
  S iter  29  rel. amplitude loss 0.00468  (10.9s)
  S iter  30  rel. amplitude loss 0.00425  (12.3s)
  S iter  31  rel. amplitude loss 0.00421  (11.8s)
  S iter  32  rel. amplitude loss 0.00417  (11.8s)
-> loss 0.00417, depth err 9.2 A, probe err [0.    0.578 0.47 ], S err 0.560 (z_out 0), runtime 353s, peak 1220 MB
== six_phi1p5 config B variant joint seed 0: 32 S iterations
  S iter   1  rel. amplitude loss 0.11006  (11.2s)
  S iter   2  rel. amplitude loss 0.07143  (10.8s)
  S iter   3  rel. amplitude loss 0.05111  (11.9s)
  S iter   4  rel. amplitude loss 0.03919  (11.6s)
  S iter   5  rel. amplitude loss 0.03147  (11.7s)
  S iter   6  rel. amplitude loss 0.02609  (10.6s)
  S iter   7  rel. amplitude loss 0.02214  (10.5s)
  S iter   8  rel. amplitude loss 0.01913  (10.9s)
  probe update after S iter 8: loss 0.00542  dC [A] = [[ 0.   0.   0.   0.   0.   0.   0.   0. ] [ 4.7  4.7  4.7  0.   0.   0.   0.   0. ] [-4.7 -4.7 -4.7  0.   0.   0.   0.   0. ]]
  probe update after S iter 8: loss 0.00564  dC [A] = [[ 0.   0.   0.   0.   0.   0.   0.   0. ] [ 5.9  1.7  2.   0.   0.   0.   0.   0. ] [-3.6 -1.4 -1.7  0.   0.   0.   0.   0. ]]
  S iter   9  rel. amplitude loss 0.01676  (11.3s)
  S iter  10  rel. amplitude loss 0.01481  (11.4s)
  S iter  11  rel. amplitude loss 0.01323  (10.6s)
  probe update after S iter 11: loss 0.00376  dC [A] = [[ 0.   0.   0.   0.   0.   0.   0.   0. ] [ 5.7 -0.9 -0.   0.   0.   0.   0.   0. ] [-2.1  1.6  1.1  0.   0.   0.   0.   0. ]]
  probe update after S iter 11: loss 0.00383  dC [A] = [[ 0.   0.   0.   0.   0.   0.   0.   0. ] [ 4.6 -1.2 -0.3  0.   0.   0.   0.   0. ] [-1.7  2.2  1.5  0.   0.   0.   0.   0. ]]
  S iter  12  rel. amplitude loss 0.01224  (11.0s)
  S iter  13  rel. amplitude loss 0.01116  (9.9s)
  S iter  14  rel. amplitude loss 0.01025  (10.7s)
  probe update after S iter 14: loss 0.00290  dC [A] = [[ 0.   0.   0.   0.   0.   0.   0.   0. ] [ 4.2 -0.4  0.5  0.   0.   0.   0.   0. ] [-2.2  1.6  0.9  0.   0.   0.   0.   0. ]]
  probe update after S iter 14: loss 0.00287  dC [A] = [[ 0.   0.   0.   0.   0.   0.   0.   0. ] [ 4.5  0.9  1.7  0.   0.   0.   0.   0. ] [-3.   0.5 -0.3  0.   0.   0.   0.   0. ]]
  S iter  15  rel. amplitude loss 0.00928  (10.2s)
  S iter  16  rel. amplitude loss 0.00862  (10.3s)
  S iter  17  rel. amplitude loss 0.00805  (10.2s)
  probe update after S iter 17: loss 0.00238  dC [A] = [[ 0.   0.   0.   0.   0.   0.   0.   0. ] [ 5.5  2.1  2.9  0.   0.   0.   0.   0. ] [-3.9 -0.7 -1.5  0.   0.   0.   0.   0. ]]
  probe update after S iter 17: loss 0.00239  dC [A] = [[ 0.   0.   0.   0.   0.   0.   0.   0. ] [ 6.5  2.6  3.4  0.   0.   0.   0.   0. ] [-4.2 -1.5 -2.1  0.   0.   0.   0.   0. ]]
  S iter  18  rel. amplitude loss 0.00763  (10.4s)
  S iter  19  rel. amplitude loss 0.00714  (11.3s)
  S iter  20  rel. amplitude loss 0.00671  (12.1s)
  probe update after S iter 20: loss 0.00195  dC [A] = [[ 0.   0.   0.   0.   0.   0.   0.   0. ] [ 7.1  2.6  3.5  0.   0.   0.   0.   0. ] [-4.3 -1.6 -2.2  0.   0.   0.   0.   0. ]]
  probe update after S iter 20: loss 0.00196  dC [A] = [[ 0.   0.   0.   0.   0.   0.   0.   0. ] [ 7.2  2.1  3.2  0.   0.   0.   0.   0. ] [-4.  -1.3 -1.9  0.   0.   0.   0.   0. ]]
  S iter  21  rel. amplitude loss 0.00631  (12.6s)
  S iter  22  rel. amplitude loss 0.00598  (12.4s)
  S iter  23  rel. amplitude loss 0.00567  (12.5s)
  probe update after S iter 23: loss 0.00170  dC [A] = [[ 0.   0.   0.   0.   0.   0.   0.   0. ] [ 7.   1.6  2.8  0.   0.   0.   0.   0. ] [-3.9 -0.7 -1.4  0.   0.   0.   0.   0. ]]
  probe update after S iter 23: loss 0.00170  dC [A] = [[ 0.   0.   0.   0.   0.   0.   0.   0. ] [ 6.8  1.2  2.6  0.   0.   0.   0.   0. ] [-4.1 -0.2 -1.   0.   0.   0.   0.   0. ]]
  S iter  24  rel. amplitude loss 0.00541  (13.7s)
  S iter  25  rel. amplitude loss 0.00516  (12.2s)
  S iter  26  rel. amplitude loss 0.00494  (12.9s)
  probe update after S iter 26: loss 0.00145  dC [A] = [[ 0.   0.   0.   0.   0.   0.   0.   0. ] [ 6.9  1.1  2.7  0.   0.   0.   0.   0. ] [-4.4  0.  -0.8  0.   0.   0.   0.   0. ]]
  probe update after S iter 26: loss 0.00145  dC [A] = [[ 0.   0.   0.   0.   0.   0.   0.   0. ] [ 7.1  1.4  3.   0.   0.   0.   0.   0. ] [-4.7 -0.  -0.8  0.   0.   0.   0.   0. ]]
  S iter  27  rel. amplitude loss 0.00473  (10.6s)
  S iter  28  rel. amplitude loss 0.00454  (10.9s)
  S iter  29  rel. amplitude loss 0.00436  (11.4s)
  probe update after S iter 29: loss 0.00135  dC [A] = [[ 0.   0.   0.   0.   0.   0.   0.   0. ] [ 7.5  1.7  3.5  0.   0.   0.   0.   0. ] [-4.8 -0.3 -1.   0.   0.   0.   0.   0. ]]
  probe update after S iter 29: loss 0.00135  dC [A] = [[ 0.   0.   0.   0.   0.   0.   0.   0. ] [ 7.8  2.   3.7  0.   0.   0.   0.   0. ] [-4.7 -0.7 -1.3  0.   0.   0.   0.   0. ]]
  S iter  30  rel. amplitude loss 0.00395  (10.7s)
  S iter  31  rel. amplitude loss 0.00390  (10.6s)
  S iter  32  rel. amplitude loss 0.00386  (10.5s)
-> loss 0.00386, depth err 9.2 A, probe err [0.    0.414 0.386], S err 0.558 (z_out 0), runtime 457s, peak 2378 MB
== six_phi1p5 config B variant oracle seed 0: 32 S iterations
  S iter   1  rel. amplitude loss 0.11195  (10.4s)
  S iter   2  rel. amplitude loss 0.07355  (10.8s)
  S iter   3  rel. amplitude loss 0.05175  (11.5s)
  S iter   4  rel. amplitude loss 0.03866  (10.3s)
  S iter   5  rel. amplitude loss 0.03026  (10.4s)
  S iter   6  rel. amplitude loss 0.02454  (11.1s)
  S iter   7  rel. amplitude loss 0.02045  (10.8s)
  S iter   8  rel. amplitude loss 0.01741  (10.6s)
  S iter   9  rel. amplitude loss 0.01507  (11.3s)
  S iter  10  rel. amplitude loss 0.01323  (9.9s)
  S iter  11  rel. amplitude loss 0.01174  (10.3s)
  S iter  12  rel. amplitude loss 0.01053  (11.3s)
  S iter  13  rel. amplitude loss 0.00952  (10.5s)
  S iter  14  rel. amplitude loss 0.00867  (10.9s)
  S iter  15  rel. amplitude loss 0.00795  (10.9s)
  S iter  16  rel. amplitude loss 0.00732  (12.0s)
  S iter  17  rel. amplitude loss 0.00679  (10.9s)
  S iter  18  rel. amplitude loss 0.00631  (12.3s)
  S iter  19  rel. amplitude loss 0.00590  (12.0s)
  S iter  20  rel. amplitude loss 0.00553  (11.2s)
  S iter  21  rel. amplitude loss 0.00520  (11.8s)
  S iter  22  rel. amplitude loss 0.00490  (11.5s)
  S iter  23  rel. amplitude loss 0.00464  (11.1s)
  S iter  24  rel. amplitude loss 0.00440  (12.1s)
  S iter  25  rel. amplitude loss 0.00418  (11.9s)
  S iter  26  rel. amplitude loss 0.00398  (11.0s)
  S iter  27  rel. amplitude loss 0.00379  (11.6s)
  S iter  28  rel. amplitude loss 0.00363  (10.6s)
  S iter  29  rel. amplitude loss 0.00347  (11.0s)
  S iter  30  rel. amplitude loss 0.00314  (10.4s)
  S iter  31  rel. amplitude loss 0.00310  (10.0s)
  S iter  32  rel. amplitude loss 0.00307  (10.5s)
-> loss 0.00307, depth err 10.9 A, probe err [0. 0. 0.], S err 0.555 (z_out 0), runtime 353s, peak 2432 MB
